A    /tmp/qore-obs-upload-16ix76y_/package
/tmp/qore-obs-upload-16ix76y_/package/.osc/sources/qore-grpc-module-1.0.0.tar.xz
A    /tmp/qore-obs-upload-16ix76y_/package/qore-grpc-module-1.0.0.tar.xz
/tmp/qore-obs-upload-16ix76y_/package/.osc/sources/qore-grpc-module.changes
A    /tmp/qore-obs-upload-16ix76y_/package/qore-grpc-module.changes
/tmp/qore-obs-upload-16ix76y_/package/.osc/sources/qore-grpc-module.spec
A    /tmp/qore-obs-upload-16ix76y_/package/qore-grpc-module.spec
/tmp/qore-obs-upload-16ix76y_/package/.osc/sources/source-manifest.json
A    /tmp/qore-obs-upload-16ix76y_/package/source-manifest.json
At revision 3.
Sending    qore-grpc-module-1.0.0.tar.xz
Sending    qore-grpc-module.changes
Sending    qore-grpc-module.spec
Sending    source-manifest.json
Transmitting file data ....
Committed revision 4.
{
  "project": "home:davidnichols:qore:testing",
  "package": "qore-grpc-module",
  "commit": "96ccea6d7fa1adcdb410390a983ae342f3ca1686",
  "sources": {
    "qore-grpc-module-1.0.0.tar.xz": "b4227b0814474f7df632e2c7da01675e509522115a81a851ce0f0179f7ad4a5b",
    "qore-grpc-module.spec": "a4f40cdf7dfe4b70debc6449c6f5cc43332725f5bb4ef7724893ccd22fd7da30",
    "qore-grpc-module.changes": "e432bcd3a93b01dcf61d1242d8d6399c7b1931eac7f81153519a8420ad973e3e"
  }
}
