relaying data between gdb and process 32
warning: remote target does not support file transfer, attempting to access files from local filesystem.
0x000000000401e180 in _start () from /lib64/ld-linux-x86-64.so.2
Function "__libc_freeres" not defined.
Breakpoint 1 (__libc_freeres) pending.
Breakpoint 2 at 0x4002790: file dl-close.c, line 763.
Catchpoint 3 (unload)
vgdb-error value changed from 0 to 999999
Loaded /usr/share/gdb/auto-load/valgrind-monitor.py
Type "help valgrind" for more info.
FREERES ENTRY
#0  0x0000000004c5f090 in __libc_freeres () from /lib64/libc.so.6
#1  0x000000000483a1e8 in _vgnU_freeres (to_run=(VG_RUN__GNU_CXX__FREERES | VG_RUN__LIBC_FREERES)) at vg_preloaded.c:103
#2  0x0000000004bf6c66 in __run_exit_handlers () from /lib64/libc.so.6
#3  0x0000000004bf6dbe in exit () from /lib64/libc.so.6
#4  0x0000000004bdd5cf in __libc_start_call_main () from /lib64/libc.so.6
#5  0x0000000004bdd68b in __libc_start_main_impl () from /lib64/libc.so.6
#6  0x00000000004014e5 in _start ()
DLCLOSE ENTRY
#0  _dl_close (_map=0x4ff67b0) at dl-close.c:763
#1  0x0000000004001523 in __GI__dl_catch_exception (exception=exception@entry=0x1fff0008b0, operate=0x4d0c690 <do_dlclose>, args=0x4ff67b0) at dl-catch.c:237
#2  0x0000000004001679 in _dl_catch_error (objname=0x1fff000908, errstring=0x1fff000910, mallocedp=0x1fff000907, operate=<optimized out>, args=<optimized out>) at dl-catch.c:256
#3  0x0000000004d0c541 in dlerror_run () from /lib64/libc.so.6
#4  0x0000000004be86de in do_release_all () from /lib64/libc.so.6
#5  0x0000000004cbd42f in tdestroy_recurse () from /lib64/libc.so.6
#6  0x0000000004be891b in __gconv_dl_freemem () from /lib64/libc.so.6
#7  0x0000000004c5f0e0 in __libc_freeres () from /lib64/libc.so.6
#8  0x000000000483a1e8 in _vgnU_freeres (to_run=(VG_RUN__GNU_CXX__FREERES | VG_RUN__LIBC_FREERES)) at vg_preloaded.c:103
#9  0x0000000004bf6c66 in __run_exit_handlers () from /lib64/libc.so.6
#10 0x0000000004bf6dbe in exit () from /lib64/libc.so.6
#11 0x0000000004bdd5cf in __libc_start_call_main () from /lib64/libc.so.6
#12 0x0000000004bdd68b in __libc_start_main_impl () from /lib64/libc.so.6
#13 0x00000000004014e5 in _start ()
LIBRARY UNLOAD
#0  _dl_close_worker (map=<optimized out>, map@entry=0x4ff67b0, force=force@entry=false) at dl-close.c:734
#1  0x00000000040027cb in _dl_close (_map=0x4ff67b0) at dl-close.c:798
#2  0x0000000004001523 in __GI__dl_catch_exception (exception=exception@entry=0x1fff0008b0, operate=0x4d0c690 <do_dlclose>, args=0x4ff67b0) at dl-catch.c:237
#3  0x0000000004001679 in _dl_catch_error (objname=0x1fff000908, errstring=0x1fff000910, mallocedp=0x1fff000907, operate=<optimized out>, args=<optimized out>) at dl-catch.c:256
#4  0x0000000004d0c541 in dlerror_run () from /lib64/libc.so.6
#5  0x0000000004be86de in do_release_all () from /lib64/libc.so.6
#6  0x0000000004cbd42f in tdestroy_recurse () from /lib64/libc.so.6
#7  0x0000000004be891b in __gconv_dl_freemem () from /lib64/libc.so.6
#8  0x0000000004c5f0e0 in __libc_freeres () from /lib64/libc.so.6
#9  0x000000000483a1e8 in _vgnU_freeres (to_run=(VG_RUN__GNU_CXX__FREERES | VG_RUN__LIBC_FREERES)) at vg_preloaded.c:103
#10 0x0000000004bf6c66 in __run_exit_handlers () from /lib64/libc.so.6
#11 0x0000000004bf6dbe in exit () from /lib64/libc.so.6
#12 0x0000000004bdd5cf in __libc_start_call_main () from /lib64/libc.so.6
#13 0x0000000004bdd68b in __libc_start_main_impl () from /lib64/libc.so.6
#14 0x00000000004014e5 in _start ()
[Inferior 1 (Remote target) exited normally]
