==39== Memcheck, a memory error detector
==39== Copyright (C) 2002-2024, and GNU GPL'd, by Julian Seward et al.
==39== Using Valgrind-3.26.0 and LibVEX; rerun with -h for copyright info
==39== Command: /fixture/odbc-iconv-control 1
==39== Parent PID: 18
==39== 
==39== 
==39== HEAP SUMMARY:
==39==     in use at exit: 11,155 bytes in 208 blocks
==39==   total heap usage: 2,146 allocs, 1,938 frees, 2,390,332 bytes allocated
==39== 
==39== 1 bytes in 1 blocks are indirectly lost in loss record 9 of 200
==39==    at 0x484387E: malloc (vg_replace_malloc.c:447)
==39==    by 0x4C62F0E: strdup (in /usr/lib64/libc.so.6)
==39==    by 0x52FC82C: ??? (in /usr/lib64/libodbcinst.so.2.0.0)
==39==    by 0x53022A6: SQLGetPrivateProfileString (in /usr/lib64/libodbcinst.so.2.0.0)
==39==    by 0x5257D5D: ??? (in /usr/lib64/psqlodbcw.so)
==39==    by 0x5211EE2: ??? (in /usr/lib64/psqlodbcw.so)
==39==    by 0x4005656: call_init (dl-init.c:74)
==39==    by 0x4005656: call_init (dl-init.c:26)
==39==    by 0x400574C: _dl_init (dl-init.c:121)
==39==    by 0x40015C1: _dl_catch_exception (dl-catch.c:211)
==39==    by 0x400C7BC: dl_open_worker (dl-open.c:827)
==39==    by 0x4001522: _dl_catch_exception (dl-catch.c:237)
==39==    by 0x400CBE1: _dl_open (dl-open.c:903)
==39== 
==39== 1 bytes in 1 blocks are indirectly lost in loss record 10 of 200
==39==    at 0x484387E: malloc (vg_replace_malloc.c:447)
==39==    by 0x4C62F0E: strdup (in /usr/lib64/libc.so.6)
==39==    by 0x52FC7E8: ??? (in /usr/lib64/libodbcinst.so.2.0.0)
==39==    by 0x53022A6: SQLGetPrivateProfileString (in /usr/lib64/libodbcinst.so.2.0.0)
==39==    by 0x5257D5D: ??? (in /usr/lib64/psqlodbcw.so)
==39==    by 0x5211EE2: ??? (in /usr/lib64/psqlodbcw.so)
==39==    by 0x4005656: call_init (dl-init.c:74)
==39==    by 0x4005656: call_init (dl-init.c:26)
==39==    by 0x400574C: _dl_init (dl-init.c:121)
==39==    by 0x40015C1: _dl_catch_exception (dl-catch.c:211)
==39==    by 0x400C7BC: dl_open_worker (dl-open.c:827)
==39==    by 0x4001522: _dl_catch_exception (dl-catch.c:237)
==39==    by 0x400CBE1: _dl_open (dl-open.c:903)
==39== 
==39== 1 bytes in 1 blocks are indirectly lost in loss record 11 of 200
==39==    at 0x484387E: malloc (vg_replace_malloc.c:447)
==39==    by 0x4C62F0E: strdup (in /usr/lib64/libc.so.6)
==39==    by 0x52FC82C: ??? (in /usr/lib64/libodbcinst.so.2.0.0)
==39==    by 0x53022A6: SQLGetPrivateProfileString (in /usr/lib64/libodbcinst.so.2.0.0)
==39==    by 0x524FAB3: ??? (in /usr/lib64/psqlodbcw.so)
==39==    by 0x5254326: ??? (in /usr/lib64/psqlodbcw.so)
==39==    by 0x5257D8D: ??? (in /usr/lib64/psqlodbcw.so)
==39==    by 0x5211EE2: ??? (in /usr/lib64/psqlodbcw.so)
==39==    by 0x4005656: call_init (dl-init.c:74)
==39==    by 0x4005656: call_init (dl-init.c:26)
==39==    by 0x400574C: _dl_init (dl-init.c:121)
==39==    by 0x40015C1: _dl_catch_exception (dl-catch.c:211)
==39==    by 0x400C7BC: dl_open_worker (dl-open.c:827)
==39== 
==39== 1 bytes in 1 blocks are indirectly lost in loss record 12 of 200
==39==    at 0x484387E: malloc (vg_replace_malloc.c:447)
==39==    by 0x4C62F0E: strdup (in /usr/lib64/libc.so.6)
==39==    by 0x52FC7E8: ??? (in /usr/lib64/libodbcinst.so.2.0.0)
==39==    by 0x53022A6: SQLGetPrivateProfileString (in /usr/lib64/libodbcinst.so.2.0.0)
==39==    by 0x524FAB3: ??? (in /usr/lib64/psqlodbcw.so)
==39==    by 0x5254326: ??? (in /usr/lib64/psqlodbcw.so)
==39==    by 0x5257D8D: ??? (in /usr/lib64/psqlodbcw.so)
==39==    by 0x5211EE2: ??? (in /usr/lib64/psqlodbcw.so)
==39==    by 0x4005656: call_init (dl-init.c:74)
==39==    by 0x4005656: call_init (dl-init.c:26)
==39==    by 0x400574C: _dl_init (dl-init.c:121)
==39==    by 0x40015C1: _dl_catch_exception (dl-catch.c:211)
==39==    by 0x400C7BC: dl_open_worker (dl-open.c:827)
==39== 
==39== 1 bytes in 1 blocks are indirectly lost in loss record 13 of 200
==39==    at 0x484387E: malloc (vg_replace_malloc.c:447)
==39==    by 0x4C62F0E: strdup (in /usr/lib64/libc.so.6)
==39==    by 0x52FC82C: ??? (in /usr/lib64/libodbcinst.so.2.0.0)
==39==    by 0x53022A6: SQLGetPrivateProfileString (in /usr/lib64/libodbcinst.so.2.0.0)
==39==    by 0x524FB43: ??? (in /usr/lib64/psqlodbcw.so)
==39==    by 0x525434E: ??? (in /usr/lib64/psqlodbcw.so)
==39==    by 0x5257D8D: ??? (in /usr/lib64/psqlodbcw.so)
==39==    by 0x5211EE2: ??? (in /usr/lib64/psqlodbcw.so)
==39==    by 0x4005656: call_init (dl-init.c:74)
==39==    by 0x4005656: call_init (dl-init.c:26)
==39==    by 0x400574C: _dl_init (dl-init.c:121)
==39==    by 0x40015C1: _dl_catch_exception (dl-catch.c:211)
==39==    by 0x400C7BC: dl_open_worker (dl-open.c:827)
==39== 
==39== 1 bytes in 1 blocks are indirectly lost in loss record 14 of 200
==39==    at 0x484387E: malloc (vg_replace_malloc.c:447)
==39==    by 0x4C62F0E: strdup (in /usr/lib64/libc.so.6)
==39==    by 0x52FC7E8: ??? (in /usr/lib64/libodbcinst.so.2.0.0)
==39==    by 0x53022A6: SQLGetPrivateProfileString (in /usr/lib64/libodbcinst.so.2.0.0)
==39==    by 0x524FB43: ??? (in /usr/lib64/psqlodbcw.so)
==39==    by 0x525434E: ??? (in /usr/lib64/psqlodbcw.so)
==39==    by 0x5257D8D: ??? (in /usr/lib64/psqlodbcw.so)
==39==    by 0x5211EE2: ??? (in /usr/lib64/psqlodbcw.so)
==39==    by 0x4005656: call_init (dl-init.c:74)
==39==    by 0x4005656: call_init (dl-init.c:26)
==39==    by 0x400574C: _dl_init (dl-init.c:121)
==39==    by 0x40015C1: _dl_catch_exception (dl-catch.c:211)
==39==    by 0x400C7BC: dl_open_worker (dl-open.c:827)
==39== 
==39== 1 bytes in 1 blocks are indirectly lost in loss record 15 of 200
==39==    at 0x484387E: malloc (vg_replace_malloc.c:447)
==39==    by 0x4C62F0E: strdup (in /usr/lib64/libc.so.6)
==39==    by 0x52FC82C: ??? (in /usr/lib64/libodbcinst.so.2.0.0)
==39==    by 0x53022A6: SQLGetPrivateProfileString (in /usr/lib64/libodbcinst.so.2.0.0)
==39==    by 0x5248353: ??? (in /usr/lib64/psqlodbcw.so)
==39==    by 0x525E287: ??? (in /usr/lib64/psqlodbcw.so)
==39==    by 0x5271501: ??? (in /usr/lib64/psqlodbcw.so)
==39==    by 0x524B27D: SQLDriverConnect (in /usr/lib64/psqlodbcw.so)
==39==    by 0x51AC2FB: SQLDriverConnect (in /usr/lib64/libodbc.so.2.0.0)
==39==    by 0x40130C: main (odbc-iconv-control.cpp:24)
==39== 
==39== 1 bytes in 1 blocks are indirectly lost in loss record 16 of 200
==39==    at 0x484387E: malloc (vg_replace_malloc.c:447)
==39==    by 0x4C62F0E: strdup (in /usr/lib64/libc.so.6)
==39==    by 0x52FC7E8: ??? (in /usr/lib64/libodbcinst.so.2.0.0)
==39==    by 0x53022A6: SQLGetPrivateProfileString (in /usr/lib64/libodbcinst.so.2.0.0)
==39==    by 0x5248353: ??? (in /usr/lib64/psqlodbcw.so)
==39==    by 0x525E287: ??? (in /usr/lib64/psqlodbcw.so)
==39==    by 0x5271501: ??? (in /usr/lib64/psqlodbcw.so)
==39==    by 0x524B27D: SQLDriverConnect (in /usr/lib64/psqlodbcw.so)
==39==    by 0x51AC2FB: SQLDriverConnect (in /usr/lib64/libodbc.so.2.0.0)
==39==    by 0x40130C: main (odbc-iconv-control.cpp:24)
==39== 
==39== 1 bytes in 1 blocks are indirectly lost in loss record 17 of 200
==39==    at 0x484387E: malloc (vg_replace_malloc.c:447)
==39==    by 0x4C62F0E: strdup (in /usr/lib64/libc.so.6)
==39==    by 0x52FC82C: ??? (in /usr/lib64/libodbcinst.so.2.0.0)
==39==    by 0x53022A6: SQLGetPrivateProfileString (in /usr/lib64/libodbcinst.so.2.0.0)
==39==    by 0x5248379: ??? (in /usr/lib64/psqlodbcw.so)
==39==    by 0x525E287: ??? (in /usr/lib64/psqlodbcw.so)
==39==    by 0x5271501: ??? (in /usr/lib64/psqlodbcw.so)
==39==    by 0x524B27D: SQLDriverConnect (in /usr/lib64/psqlodbcw.so)
==39==    by 0x51AC2FB: SQLDriverConnect (in /usr/lib64/libodbc.so.2.0.0)
==39==    by 0x40130C: main (odbc-iconv-control.cpp:24)
==39== 
==39== 1 bytes in 1 blocks are indirectly lost in loss record 18 of 200
==39==    at 0x484387E: malloc (vg_replace_malloc.c:447)
==39==    by 0x4C62F0E: strdup (in /usr/lib64/libc.so.6)
==39==    by 0x52FC7E8: ??? (in /usr/lib64/libodbcinst.so.2.0.0)
==39==    by 0x53022A6: SQLGetPrivateProfileString (in /usr/lib64/libodbcinst.so.2.0.0)
==39==    by 0x5248379: ??? (in /usr/lib64/psqlodbcw.so)
==39==    by 0x525E287: ??? (in /usr/lib64/psqlodbcw.so)
==39==    by 0x5271501: ??? (in /usr/lib64/psqlodbcw.so)
==39==    by 0x524B27D: SQLDriverConnect (in /usr/lib64/psqlodbcw.so)
==39==    by 0x51AC2FB: SQLDriverConnect (in /usr/lib64/libodbc.so.2.0.0)
==39==    by 0x40130C: main (odbc-iconv-control.cpp:24)
==39== 
==39== 1 bytes in 1 blocks are indirectly lost in loss record 19 of 200
==39==    at 0x484387E: malloc (vg_replace_malloc.c:447)
==39==    by 0x4C62F0E: strdup (in /usr/lib64/libc.so.6)
==39==    by 0x52FC82C: ??? (in /usr/lib64/libodbcinst.so.2.0.0)
==39==    by 0x53022A6: SQLGetPrivateProfileString (in /usr/lib64/libodbcinst.so.2.0.0)
==39==    by 0x52483AE: ??? (in /usr/lib64/psqlodbcw.so)
==39==    by 0x525E287: ??? (in /usr/lib64/psqlodbcw.so)
==39==    by 0x5271501: ??? (in /usr/lib64/psqlodbcw.so)
==39==    by 0x524B27D: SQLDriverConnect (in /usr/lib64/psqlodbcw.so)
==39==    by 0x51AC2FB: SQLDriverConnect (in /usr/lib64/libodbc.so.2.0.0)
==39==    by 0x40130C: main (odbc-iconv-control.cpp:24)
==39== 
==39== 1 bytes in 1 blocks are indirectly lost in loss record 20 of 200
==39==    at 0x484387E: malloc (vg_replace_malloc.c:447)
==39==    by 0x4C62F0E: strdup (in /usr/lib64/libc.so.6)
==39==    by 0x52FC7E8: ??? (in /usr/lib64/libodbcinst.so.2.0.0)
==39==    by 0x53022A6: SQLGetPrivateProfileString (in /usr/lib64/libodbcinst.so.2.0.0)
==39==    by 0x52483AE: ??? (in /usr/lib64/psqlodbcw.so)
==39==    by 0x525E287: ??? (in /usr/lib64/psqlodbcw.so)
==39==    by 0x5271501: ??? (in /usr/lib64/psqlodbcw.so)
==39==    by 0x524B27D: SQLDriverConnect (in /usr/lib64/psqlodbcw.so)
==39==    by 0x51AC2FB: SQLDriverConnect (in /usr/lib64/libodbc.so.2.0.0)
==39==    by 0x40130C: main (odbc-iconv-control.cpp:24)
==39== 
==39== 1 bytes in 1 blocks are indirectly lost in loss record 21 of 200
==39==    at 0x484387E: malloc (vg_replace_malloc.c:447)
==39==    by 0x4C62F0E: strdup (in /usr/lib64/libc.so.6)
==39==    by 0x52FC82C: ??? (in /usr/lib64/libodbcinst.so.2.0.0)
==39==    by 0x53022A6: SQLGetPrivateProfileString (in /usr/lib64/libodbcinst.so.2.0.0)
==39==    by 0x52483E3: ??? (in /usr/lib64/psqlodbcw.so)
==39==    by 0x525E287: ??? (in /usr/lib64/psqlodbcw.so)
==39==    by 0x5271501: ??? (in /usr/lib64/psqlodbcw.so)
==39==    by 0x524B27D: SQLDriverConnect (in /usr/lib64/psqlodbcw.so)
==39==    by 0x51AC2FB: SQLDriverConnect (in /usr/lib64/libodbc.so.2.0.0)
==39==    by 0x40130C: main (odbc-iconv-control.cpp:24)
==39== 
==39== 1 bytes in 1 blocks are indirectly lost in loss record 22 of 200
==39==    at 0x484387E: malloc (vg_replace_malloc.c:447)
==39==    by 0x4C62F0E: strdup (in /usr/lib64/libc.so.6)
==39==    by 0x52FC7E8: ??? (in /usr/lib64/libodbcinst.so.2.0.0)
==39==    by 0x53022A6: SQLGetPrivateProfileString (in /usr/lib64/libodbcinst.so.2.0.0)
==39==    by 0x52483E3: ??? (in /usr/lib64/psqlodbcw.so)
==39==    by 0x525E287: ??? (in /usr/lib64/psqlodbcw.so)
==39==    by 0x5271501: ??? (in /usr/lib64/psqlodbcw.so)
==39==    by 0x524B27D: SQLDriverConnect (in /usr/lib64/psqlodbcw.so)
==39==    by 0x51AC2FB: SQLDriverConnect (in /usr/lib64/libodbc.so.2.0.0)
==39==    by 0x40130C: main (odbc-iconv-control.cpp:24)
==39== 
==39== 1 bytes in 1 blocks are indirectly lost in loss record 23 of 200
==39==    at 0x484387E: malloc (vg_replace_malloc.c:447)
==39==    by 0x4C62F0E: strdup (in /usr/lib64/libc.so.6)
==39==    by 0x52FC82C: ??? (in /usr/lib64/libodbcinst.so.2.0.0)
==39==    by 0x53022A6: SQLGetPrivateProfileString (in /usr/lib64/libodbcinst.so.2.0.0)
==39==    by 0x5248418: ??? (in /usr/lib64/psqlodbcw.so)
==39==    by 0x525E287: ??? (in /usr/lib64/psqlodbcw.so)
==39==    by 0x5271501: ??? (in /usr/lib64/psqlodbcw.so)
==39==    by 0x524B27D: SQLDriverConnect (in /usr/lib64/psqlodbcw.so)
==39==    by 0x51AC2FB: SQLDriverConnect (in /usr/lib64/libodbc.so.2.0.0)
==39==    by 0x40130C: main (odbc-iconv-control.cpp:24)
==39== 
==39== 1 bytes in 1 blocks are indirectly lost in loss record 24 of 200
==39==    at 0x484387E: malloc (vg_replace_malloc.c:447)
==39==    by 0x4C62F0E: strdup (in /usr/lib64/libc.so.6)
==39==    by 0x52FC7E8: ??? (in /usr/lib64/libodbcinst.so.2.0.0)
==39==    by 0x53022A6: SQLGetPrivateProfileString (in /usr/lib64/libodbcinst.so.2.0.0)
==39==    by 0x5248418: ??? (in /usr/lib64/psqlodbcw.so)
==39==    by 0x525E287: ??? (in /usr/lib64/psqlodbcw.so)
==39==    by 0x5271501: ??? (in /usr/lib64/psqlodbcw.so)
==39==    by 0x524B27D: SQLDriverConnect (in /usr/lib64/psqlodbcw.so)
==39==    by 0x51AC2FB: SQLDriverConnect (in /usr/lib64/libodbc.so.2.0.0)
==39==    by 0x40130C: main (odbc-iconv-control.cpp:24)
==39== 
==39== 1 bytes in 1 blocks are indirectly lost in loss record 25 of 200
==39==    at 0x484387E: malloc (vg_replace_malloc.c:447)
==39==    by 0x4C62F0E: strdup (in /usr/lib64/libc.so.6)
==39==    by 0x52FC82C: ??? (in /usr/lib64/libodbcinst.so.2.0.0)
==39==    by 0x53022A6: SQLGetPrivateProfileString (in /usr/lib64/libodbcinst.so.2.0.0)
==39==    by 0x524844D: ??? (in /usr/lib64/psqlodbcw.so)
==39==    by 0x525E287: ??? (in /usr/lib64/psqlodbcw.so)
==39==    by 0x5271501: ??? (in /usr/lib64/psqlodbcw.so)
==39==    by 0x524B27D: SQLDriverConnect (in /usr/lib64/psqlodbcw.so)
==39==    by 0x51AC2FB: SQLDriverConnect (in /usr/lib64/libodbc.so.2.0.0)
==39==    by 0x40130C: main (odbc-iconv-control.cpp:24)
==39== 
==39== 1 bytes in 1 blocks are indirectly lost in loss record 26 of 200
==39==    at 0x484387E: malloc (vg_replace_malloc.c:447)
==39==    by 0x4C62F0E: strdup (in /usr/lib64/libc.so.6)
==39==    by 0x52FC7E8: ??? (in /usr/lib64/libodbcinst.so.2.0.0)
==39==    by 0x53022A6: SQLGetPrivateProfileString (in /usr/lib64/libodbcinst.so.2.0.0)
==39==    by 0x524844D: ??? (in /usr/lib64/psqlodbcw.so)
==39==    by 0x525E287: ??? (in /usr/lib64/psqlodbcw.so)
==39==    by 0x5271501: ??? (in /usr/lib64/psqlodbcw.so)
==39==    by 0x524B27D: SQLDriverConnect (in /usr/lib64/psqlodbcw.so)
==39==    by 0x51AC2FB: SQLDriverConnect (in /usr/lib64/libodbc.so.2.0.0)
==39==    by 0x40130C: main (odbc-iconv-control.cpp:24)
==39== 
==39== 1 bytes in 1 blocks are indirectly lost in loss record 27 of 200
==39==    at 0x484387E: malloc (vg_replace_malloc.c:447)
==39==    by 0x4C62F0E: strdup (in /usr/lib64/libc.so.6)
==39==    by 0x52FC82C: ??? (in /usr/lib64/libodbcinst.so.2.0.0)
==39==    by 0x53022A6: SQLGetPrivateProfileString (in /usr/lib64/libodbcinst.so.2.0.0)
==39==    by 0x5248482: ??? (in /usr/lib64/psqlodbcw.so)
==39==    by 0x525E287: ??? (in /usr/lib64/psqlodbcw.so)
==39==    by 0x5271501: ??? (in /usr/lib64/psqlodbcw.so)
==39==    by 0x524B27D: SQLDriverConnect (in /usr/lib64/psqlodbcw.so)
==39==    by 0x51AC2FB: SQLDriverConnect (in /usr/lib64/libodbc.so.2.0.0)
==39==    by 0x40130C: main (odbc-iconv-control.cpp:24)
==39== 
==39== 1 bytes in 1 blocks are indirectly lost in loss record 28 of 200
==39==    at 0x484387E: malloc (vg_replace_malloc.c:447)
==39==    by 0x4C62F0E: strdup (in /usr/lib64/libc.so.6)
==39==    by 0x52FC7E8: ??? (in /usr/lib64/libodbcinst.so.2.0.0)
==39==    by 0x53022A6: SQLGetPrivateProfileString (in /usr/lib64/libodbcinst.so.2.0.0)
==39==    by 0x5248482: ??? (in /usr/lib64/psqlodbcw.so)
==39==    by 0x525E287: ??? (in /usr/lib64/psqlodbcw.so)
==39==    by 0x5271501: ??? (in /usr/lib64/psqlodbcw.so)
==39==    by 0x524B27D: SQLDriverConnect (in /usr/lib64/psqlodbcw.so)
==39==    by 0x51AC2FB: SQLDriverConnect (in /usr/lib64/libodbc.so.2.0.0)
==39==    by 0x40130C: main (odbc-iconv-control.cpp:24)
==39== 
==39== 1 bytes in 1 blocks are indirectly lost in loss record 29 of 200
==39==    at 0x484387E: malloc (vg_replace_malloc.c:447)
==39==    by 0x4C62F0E: strdup (in /usr/lib64/libc.so.6)
==39==    by 0x52FC82C: ??? (in /usr/lib64/libodbcinst.so.2.0.0)
==39==    by 0x53022A6: SQLGetPrivateProfileString (in /usr/lib64/libodbcinst.so.2.0.0)
==39==    by 0x52484B7: ??? (in /usr/lib64/psqlodbcw.so)
==39==    by 0x525E287: ??? (in /usr/lib64/psqlodbcw.so)
==39==    by 0x5271501: ??? (in /usr/lib64/psqlodbcw.so)
==39==    by 0x524B27D: SQLDriverConnect (in /usr/lib64/psqlodbcw.so)
==39==    by 0x51AC2FB: SQLDriverConnect (in /usr/lib64/libodbc.so.2.0.0)
==39==    by 0x40130C: main (odbc-iconv-control.cpp:24)
==39== 
==39== 1 bytes in 1 blocks are indirectly lost in loss record 30 of 200
==39==    at 0x484387E: malloc (vg_replace_malloc.c:447)
==39==    by 0x4C62F0E: strdup (in /usr/lib64/libc.so.6)
==39==    by 0x52FC7E8: ??? (in /usr/lib64/libodbcinst.so.2.0.0)
==39==    by 0x53022A6: SQLGetPrivateProfileString (in /usr/lib64/libodbcinst.so.2.0.0)
==39==    by 0x52484B7: ??? (in /usr/lib64/psqlodbcw.so)
==39==    by 0x525E287: ??? (in /usr/lib64/psqlodbcw.so)
==39==    by 0x5271501: ??? (in /usr/lib64/psqlodbcw.so)
==39==    by 0x524B27D: SQLDriverConnect (in /usr/lib64/psqlodbcw.so)
==39==    by 0x51AC2FB: SQLDriverConnect (in /usr/lib64/libodbc.so.2.0.0)
==39==    by 0x40130C: main (odbc-iconv-control.cpp:24)
==39== 
==39== 1 bytes in 1 blocks are indirectly lost in loss record 31 of 200
==39==    at 0x484387E: malloc (vg_replace_malloc.c:447)
==39==    by 0x4C62F0E: strdup (in /usr/lib64/libc.so.6)
==39==    by 0x52FC82C: ??? (in /usr/lib64/libodbcinst.so.2.0.0)
==39==    by 0x53022A6: SQLGetPrivateProfileString (in /usr/lib64/libodbcinst.so.2.0.0)
==39==    by 0x52484EC: ??? (in /usr/lib64/psqlodbcw.so)
==39==    by 0x525E287: ??? (in /usr/lib64/psqlodbcw.so)
==39==    by 0x5271501: ??? (in /usr/lib64/psqlodbcw.so)
==39==    by 0x524B27D: SQLDriverConnect (in /usr/lib64/psqlodbcw.so)
==39==    by 0x51AC2FB: SQLDriverConnect (in /usr/lib64/libodbc.so.2.0.0)
==39==    by 0x40130C: main (odbc-iconv-control.cpp:24)
==39== 
==39== 1 bytes in 1 blocks are indirectly lost in loss record 32 of 200
==39==    at 0x484387E: malloc (vg_replace_malloc.c:447)
==39==    by 0x4C62F0E: strdup (in /usr/lib64/libc.so.6)
==39==    by 0x52FC7E8: ??? (in /usr/lib64/libodbcinst.so.2.0.0)
==39==    by 0x53022A6: SQLGetPrivateProfileString (in /usr/lib64/libodbcinst.so.2.0.0)
==39==    by 0x52484EC: ??? (in /usr/lib64/psqlodbcw.so)
==39==    by 0x525E287: ??? (in /usr/lib64/psqlodbcw.so)
==39==    by 0x5271501: ??? (in /usr/lib64/psqlodbcw.so)
==39==    by 0x524B27D: SQLDriverConnect (in /usr/lib64/psqlodbcw.so)
==39==    by 0x51AC2FB: SQLDriverConnect (in /usr/lib64/libodbc.so.2.0.0)
==39==    by 0x40130C: main (odbc-iconv-control.cpp:24)
==39== 
==39== 1 bytes in 1 blocks are indirectly lost in loss record 33 of 200
==39==    at 0x484387E: malloc (vg_replace_malloc.c:447)
==39==    by 0x4C62F0E: strdup (in /usr/lib64/libc.so.6)
==39==    by 0x52FC82C: ??? (in /usr/lib64/libodbcinst.so.2.0.0)
==39==    by 0x53022A6: SQLGetPrivateProfileString (in /usr/lib64/libodbcinst.so.2.0.0)
==39==    by 0x5248521: ??? (in /usr/lib64/psqlodbcw.so)
==39==    by 0x525E287: ??? (in /usr/lib64/psqlodbcw.so)
==39==    by 0x5271501: ??? (in /usr/lib64/psqlodbcw.so)
==39==    by 0x524B27D: SQLDriverConnect (in /usr/lib64/psqlodbcw.so)
==39==    by 0x51AC2FB: SQLDriverConnect (in /usr/lib64/libodbc.so.2.0.0)
==39==    by 0x40130C: main (odbc-iconv-control.cpp:24)
==39== 
==39== 1 bytes in 1 blocks are indirectly lost in loss record 34 of 200
==39==    at 0x484387E: malloc (vg_replace_malloc.c:447)
==39==    by 0x4C62F0E: strdup (in /usr/lib64/libc.so.6)
==39==    by 0x52FC7E8: ??? (in /usr/lib64/libodbcinst.so.2.0.0)
==39==    by 0x53022A6: SQLGetPrivateProfileString (in /usr/lib64/libodbcinst.so.2.0.0)
==39==    by 0x5248521: ??? (in /usr/lib64/psqlodbcw.so)
==39==    by 0x525E287: ??? (in /usr/lib64/psqlodbcw.so)
==39==    by 0x5271501: ??? (in /usr/lib64/psqlodbcw.so)
==39==    by 0x524B27D: SQLDriverConnect (in /usr/lib64/psqlodbcw.so)
==39==    by 0x51AC2FB: SQLDriverConnect (in /usr/lib64/libodbc.so.2.0.0)
==39==    by 0x40130C: main (odbc-iconv-control.cpp:24)
==39== 
==39== 1 bytes in 1 blocks are indirectly lost in loss record 35 of 200
==39==    at 0x484387E: malloc (vg_replace_malloc.c:447)
==39==    by 0x4C62F0E: strdup (in /usr/lib64/libc.so.6)
==39==    by 0x52FC82C: ??? (in /usr/lib64/libodbcinst.so.2.0.0)
==39==    by 0x53022A6: SQLGetPrivateProfileString (in /usr/lib64/libodbcinst.so.2.0.0)
==39==    by 0x5248556: ??? (in /usr/lib64/psqlodbcw.so)
==39==    by 0x525E287: ??? (in /usr/lib64/psqlodbcw.so)
==39==    by 0x5271501: ??? (in /usr/lib64/psqlodbcw.so)
==39==    by 0x524B27D: SQLDriverConnect (in /usr/lib64/psqlodbcw.so)
==39==    by 0x51AC2FB: SQLDriverConnect (in /usr/lib64/libodbc.so.2.0.0)
==39==    by 0x40130C: main (odbc-iconv-control.cpp:24)
==39== 
==39== 1 bytes in 1 blocks are indirectly lost in loss record 36 of 200
==39==    at 0x484387E: malloc (vg_replace_malloc.c:447)
==39==    by 0x4C62F0E: strdup (in /usr/lib64/libc.so.6)
==39==    by 0x52FC7E8: ??? (in /usr/lib64/libodbcinst.so.2.0.0)
==39==    by 0x53022A6: SQLGetPrivateProfileString (in /usr/lib64/libodbcinst.so.2.0.0)
==39==    by 0x5248556: ??? (in /usr/lib64/psqlodbcw.so)
==39==    by 0x525E287: ??? (in /usr/lib64/psqlodbcw.so)
==39==    by 0x5271501: ??? (in /usr/lib64/psqlodbcw.so)
==39==    by 0x524B27D: SQLDriverConnect (in /usr/lib64/psqlodbcw.so)
==39==    by 0x51AC2FB: SQLDriverConnect (in /usr/lib64/libodbc.so.2.0.0)
==39==    by 0x40130C: main (odbc-iconv-control.cpp:24)
==39== 
==39== 4 bytes in 1 blocks are indirectly lost in loss record 57 of 200
==39==    at 0x484387E: malloc (vg_replace_malloc.c:447)
==39==    by 0x4C62F0E: strdup (in /usr/lib64/libc.so.6)
==39==    by 0x52FC7C3: ??? (in /usr/lib64/libodbcinst.so.2.0.0)
==39==    by 0x53022A6: SQLGetPrivateProfileString (in /usr/lib64/libodbcinst.so.2.0.0)
==39==    by 0x52483E3: ??? (in /usr/lib64/psqlodbcw.so)
==39==    by 0x525E287: ??? (in /usr/lib64/psqlodbcw.so)
==39==    by 0x5271501: ??? (in /usr/lib64/psqlodbcw.so)
==39==    by 0x524B27D: SQLDriverConnect (in /usr/lib64/psqlodbcw.so)
==39==    by 0x51AC2FB: SQLDriverConnect (in /usr/lib64/libodbc.so.2.0.0)
==39==    by 0x40130C: main (odbc-iconv-control.cpp:24)
==39== 
==39== 6 bytes in 1 blocks are indirectly lost in loss record 62 of 200
==39==    at 0x484387E: malloc (vg_replace_malloc.c:447)
==39==    by 0x4C62F0E: strdup (in /usr/lib64/libc.so.6)
==39==    by 0x52FC7C3: ??? (in /usr/lib64/libodbcinst.so.2.0.0)
==39==    by 0x53022A6: SQLGetPrivateProfileString (in /usr/lib64/libodbcinst.so.2.0.0)
==39==    by 0x524FAB3: ??? (in /usr/lib64/psqlodbcw.so)
==39==    by 0x5254326: ??? (in /usr/lib64/psqlodbcw.so)
==39==    by 0x5257D8D: ??? (in /usr/lib64/psqlodbcw.so)
==39==    by 0x5211EE2: ??? (in /usr/lib64/psqlodbcw.so)
==39==    by 0x4005656: call_init (dl-init.c:74)
==39==    by 0x4005656: call_init (dl-init.c:26)
==39==    by 0x400574C: _dl_init (dl-init.c:121)
==39==    by 0x40015C1: _dl_catch_exception (dl-catch.c:211)
==39==    by 0x400C7BC: dl_open_worker (dl-open.c:827)
==39== 
==39== 6 bytes in 1 blocks are indirectly lost in loss record 63 of 200
==39==    at 0x484387E: malloc (vg_replace_malloc.c:447)
==39==    by 0x4C62F0E: strdup (in /usr/lib64/libc.so.6)
==39==    by 0x52FC7C3: ??? (in /usr/lib64/libodbcinst.so.2.0.0)
==39==    by 0x53022A6: SQLGetPrivateProfileString (in /usr/lib64/libodbcinst.so.2.0.0)
==39==    by 0x5248353: ??? (in /usr/lib64/psqlodbcw.so)
==39==    by 0x525E287: ??? (in /usr/lib64/psqlodbcw.so)
==39==    by 0x5271501: ??? (in /usr/lib64/psqlodbcw.so)
==39==    by 0x524B27D: SQLDriverConnect (in /usr/lib64/psqlodbcw.so)
==39==    by 0x51AC2FB: SQLDriverConnect (in /usr/lib64/libodbc.so.2.0.0)
==39==    by 0x40130C: main (odbc-iconv-control.cpp:24)
==39== 
==39== 6 bytes in 1 blocks are indirectly lost in loss record 64 of 200
==39==    at 0x484387E: malloc (vg_replace_malloc.c:447)
==39==    by 0x4C62F0E: strdup (in /usr/lib64/libc.so.6)
==39==    by 0x52FC7C3: ??? (in /usr/lib64/libodbcinst.so.2.0.0)
==39==    by 0x53022A6: SQLGetPrivateProfileString (in /usr/lib64/libodbcinst.so.2.0.0)
==39==    by 0x5248418: ??? (in /usr/lib64/psqlodbcw.so)
==39==    by 0x525E287: ??? (in /usr/lib64/psqlodbcw.so)
==39==    by 0x5271501: ??? (in /usr/lib64/psqlodbcw.so)
==39==    by 0x524B27D: SQLDriverConnect (in /usr/lib64/psqlodbcw.so)
==39==    by 0x51AC2FB: SQLDriverConnect (in /usr/lib64/libodbc.so.2.0.0)
==39==    by 0x40130C: main (odbc-iconv-control.cpp:24)
==39== 
==39== 6 bytes in 1 blocks are indirectly lost in loss record 65 of 200
==39==    at 0x484387E: malloc (vg_replace_malloc.c:447)
==39==    by 0x4C62F0E: strdup (in /usr/lib64/libc.so.6)
==39==    by 0x52FC82C: ??? (in /usr/lib64/libodbcinst.so.2.0.0)
==39==    by 0x53022A6: SQLGetPrivateProfileString (in /usr/lib64/libodbcinst.so.2.0.0)
==39==    by 0x5248592: ??? (in /usr/lib64/psqlodbcw.so)
==39==    by 0x525E287: ??? (in /usr/lib64/psqlodbcw.so)
==39==    by 0x5271501: ??? (in /usr/lib64/psqlodbcw.so)
==39==    by 0x524B27D: SQLDriverConnect (in /usr/lib64/psqlodbcw.so)
==39==    by 0x51AC2FB: SQLDriverConnect (in /usr/lib64/libodbc.so.2.0.0)
==39==    by 0x40130C: main (odbc-iconv-control.cpp:24)
==39== 
==39== 6 bytes in 1 blocks are indirectly lost in loss record 66 of 200
==39==    at 0x484387E: malloc (vg_replace_malloc.c:447)
==39==    by 0x4C62F0E: strdup (in /usr/lib64/libc.so.6)
==39==    by 0x52FC7E8: ??? (in /usr/lib64/libodbcinst.so.2.0.0)
==39==    by 0x53022A6: SQLGetPrivateProfileString (in /usr/lib64/libodbcinst.so.2.0.0)
==39==    by 0x5248592: ??? (in /usr/lib64/psqlodbcw.so)
==39==    by 0x525E287: ??? (in /usr/lib64/psqlodbcw.so)
==39==    by 0x5271501: ??? (in /usr/lib64/psqlodbcw.so)
==39==    by 0x524B27D: SQLDriverConnect (in /usr/lib64/psqlodbcw.so)
==39==    by 0x51AC2FB: SQLDriverConnect (in /usr/lib64/libodbc.so.2.0.0)
==39==    by 0x40130C: main (odbc-iconv-control.cpp:24)
==39== 
==39== 6 bytes in 1 blocks are indirectly lost in loss record 67 of 200
==39==    at 0x484387E: malloc (vg_replace_malloc.c:447)
==39==    by 0x4C62F0E: strdup (in /usr/lib64/libc.so.6)
==39==    by 0x52FC82C: ??? (in /usr/lib64/libodbcinst.so.2.0.0)
==39==    by 0x53022A6: SQLGetPrivateProfileString (in /usr/lib64/libodbcinst.so.2.0.0)
==39==    by 0x5248611: ??? (in /usr/lib64/psqlodbcw.so)
==39==    by 0x525E287: ??? (in /usr/lib64/psqlodbcw.so)
==39==    by 0x5271501: ??? (in /usr/lib64/psqlodbcw.so)
==39==    by 0x524B27D: SQLDriverConnect (in /usr/lib64/psqlodbcw.so)
==39==    by 0x51AC2FB: SQLDriverConnect (in /usr/lib64/libodbc.so.2.0.0)
==39==    by 0x40130C: main (odbc-iconv-control.cpp:24)
==39== 
==39== 6 bytes in 1 blocks are indirectly lost in loss record 68 of 200
==39==    at 0x484387E: malloc (vg_replace_malloc.c:447)
==39==    by 0x4C62F0E: strdup (in /usr/lib64/libc.so.6)
==39==    by 0x52FC7E8: ??? (in /usr/lib64/libodbcinst.so.2.0.0)
==39==    by 0x53022A6: SQLGetPrivateProfileString (in /usr/lib64/libodbcinst.so.2.0.0)
==39==    by 0x5248611: ??? (in /usr/lib64/psqlodbcw.so)
==39==    by 0x525E287: ??? (in /usr/lib64/psqlodbcw.so)
==39==    by 0x5271501: ??? (in /usr/lib64/psqlodbcw.so)
==39==    by 0x524B27D: SQLDriverConnect (in /usr/lib64/psqlodbcw.so)
==39==    by 0x51AC2FB: SQLDriverConnect (in /usr/lib64/libodbc.so.2.0.0)
==39==    by 0x40130C: main (odbc-iconv-control.cpp:24)
==39== 
==39== 7 bytes in 1 blocks are indirectly lost in loss record 71 of 200
==39==    at 0x484387E: malloc (vg_replace_malloc.c:447)
==39==    by 0x4C62F0E: strdup (in /usr/lib64/libc.so.6)
==39==    by 0x52FC7C3: ??? (in /usr/lib64/libodbcinst.so.2.0.0)
==39==    by 0x53022A6: SQLGetPrivateProfileString (in /usr/lib64/libodbcinst.so.2.0.0)
==39==    by 0x5257D5D: ??? (in /usr/lib64/psqlodbcw.so)
==39==    by 0x5211EE2: ??? (in /usr/lib64/psqlodbcw.so)
==39==    by 0x4005656: call_init (dl-init.c:74)
==39==    by 0x4005656: call_init (dl-init.c:26)
==39==    by 0x400574C: _dl_init (dl-init.c:121)
==39==    by 0x40015C1: _dl_catch_exception (dl-catch.c:211)
==39==    by 0x400C7BC: dl_open_worker (dl-open.c:827)
==39==    by 0x4001522: _dl_catch_exception (dl-catch.c:237)
==39==    by 0x400CBE1: _dl_open (dl-open.c:903)
==39== 
==39== 8 bytes in 1 blocks are indirectly lost in loss record 74 of 200
==39==    at 0x484387E: malloc (vg_replace_malloc.c:447)
==39==    by 0x4C62F0E: strdup (in /usr/lib64/libc.so.6)
==39==    by 0x52FC7C3: ??? (in /usr/lib64/libodbcinst.so.2.0.0)
==39==    by 0x53022A6: SQLGetPrivateProfileString (in /usr/lib64/libodbcinst.so.2.0.0)
==39==    by 0x524FB43: ??? (in /usr/lib64/psqlodbcw.so)
==39==    by 0x525434E: ??? (in /usr/lib64/psqlodbcw.so)
==39==    by 0x5257D8D: ??? (in /usr/lib64/psqlodbcw.so)
==39==    by 0x5211EE2: ??? (in /usr/lib64/psqlodbcw.so)
==39==    by 0x4005656: call_init (dl-init.c:74)
==39==    by 0x4005656: call_init (dl-init.c:26)
==39==    by 0x400574C: _dl_init (dl-init.c:121)
==39==    by 0x40015C1: _dl_catch_exception (dl-catch.c:211)
==39==    by 0x400C7BC: dl_open_worker (dl-open.c:827)
==39== 
==39== 9 bytes in 1 blocks are indirectly lost in loss record 77 of 200
==39==    at 0x484387E: malloc (vg_replace_malloc.c:447)
==39==    by 0x4C62F0E: strdup (in /usr/lib64/libc.so.6)
==39==    by 0x52FC7C3: ??? (in /usr/lib64/libodbcinst.so.2.0.0)
==39==    by 0x53022A6: SQLGetPrivateProfileString (in /usr/lib64/libodbcinst.so.2.0.0)
==39==    by 0x5248611: ??? (in /usr/lib64/psqlodbcw.so)
==39==    by 0x525E287: ??? (in /usr/lib64/psqlodbcw.so)
==39==    by 0x5271501: ??? (in /usr/lib64/psqlodbcw.so)
==39==    by 0x524B27D: SQLDriverConnect (in /usr/lib64/psqlodbcw.so)
==39==    by 0x51AC2FB: SQLDriverConnect (in /usr/lib64/libodbc.so.2.0.0)
==39==    by 0x40130C: main (odbc-iconv-control.cpp:24)
==39== 
==39== 12 bytes in 1 blocks are indirectly lost in loss record 85 of 200
==39==    at 0x484387E: malloc (vg_replace_malloc.c:447)
==39==    by 0x4C62F0E: strdup (in /usr/lib64/libc.so.6)
==39==    by 0x52FC7C3: ??? (in /usr/lib64/libodbcinst.so.2.0.0)
==39==    by 0x53022A6: SQLGetPrivateProfileString (in /usr/lib64/libodbcinst.so.2.0.0)
==39==    by 0x5248379: ??? (in /usr/lib64/psqlodbcw.so)
==39==    by 0x525E287: ??? (in /usr/lib64/psqlodbcw.so)
==39==    by 0x5271501: ??? (in /usr/lib64/psqlodbcw.so)
==39==    by 0x524B27D: SQLDriverConnect (in /usr/lib64/psqlodbcw.so)
==39==    by 0x51AC2FB: SQLDriverConnect (in /usr/lib64/libodbc.so.2.0.0)
==39==    by 0x40130C: main (odbc-iconv-control.cpp:24)
==39== 
==39== 12 bytes in 1 blocks are indirectly lost in loss record 86 of 200
==39==    at 0x484387E: malloc (vg_replace_malloc.c:447)
==39==    by 0x4C62F0E: strdup (in /usr/lib64/libc.so.6)
==39==    by 0x52FC7C3: ??? (in /usr/lib64/libodbcinst.so.2.0.0)
==39==    by 0x53022A6: SQLGetPrivateProfileString (in /usr/lib64/libodbcinst.so.2.0.0)
==39==    by 0x5248556: ??? (in /usr/lib64/psqlodbcw.so)
==39==    by 0x525E287: ??? (in /usr/lib64/psqlodbcw.so)
==39==    by 0x5271501: ??? (in /usr/lib64/psqlodbcw.so)
==39==    by 0x524B27D: SQLDriverConnect (in /usr/lib64/psqlodbcw.so)
==39==    by 0x51AC2FB: SQLDriverConnect (in /usr/lib64/libodbc.so.2.0.0)
==39==    by 0x40130C: main (odbc-iconv-control.cpp:24)
==39== 
==39== 13 bytes in 1 blocks are indirectly lost in loss record 102 of 200
==39==    at 0x484387E: malloc (vg_replace_malloc.c:447)
==39==    by 0x4C62F0E: strdup (in /usr/lib64/libc.so.6)
==39==    by 0x52FC7A2: ??? (in /usr/lib64/libodbcinst.so.2.0.0)
==39==    by 0x53022A6: SQLGetPrivateProfileString (in /usr/lib64/libodbcinst.so.2.0.0)
==39==    by 0x5257D5D: ??? (in /usr/lib64/psqlodbcw.so)
==39==    by 0x5211EE2: ??? (in /usr/lib64/psqlodbcw.so)
==39==    by 0x4005656: call_init (dl-init.c:74)
==39==    by 0x4005656: call_init (dl-init.c:26)
==39==    by 0x400574C: _dl_init (dl-init.c:121)
==39==    by 0x40015C1: _dl_catch_exception (dl-catch.c:211)
==39==    by 0x400C7BC: dl_open_worker (dl-open.c:827)
==39==    by 0x4001522: _dl_catch_exception (dl-catch.c:237)
==39==    by 0x400CBE1: _dl_open (dl-open.c:903)
==39== 
==39== 13 bytes in 1 blocks are indirectly lost in loss record 103 of 200
==39==    at 0x484387E: malloc (vg_replace_malloc.c:447)
==39==    by 0x4C62F0E: strdup (in /usr/lib64/libc.so.6)
==39==    by 0x52FC7A2: ??? (in /usr/lib64/libodbcinst.so.2.0.0)
==39==    by 0x53022A6: SQLGetPrivateProfileString (in /usr/lib64/libodbcinst.so.2.0.0)
==39==    by 0x524FAB3: ??? (in /usr/lib64/psqlodbcw.so)
==39==    by 0x5254326: ??? (in /usr/lib64/psqlodbcw.so)
==39==    by 0x5257D8D: ??? (in /usr/lib64/psqlodbcw.so)
==39==    by 0x5211EE2: ??? (in /usr/lib64/psqlodbcw.so)
==39==    by 0x4005656: call_init (dl-init.c:74)
==39==    by 0x4005656: call_init (dl-init.c:26)
==39==    by 0x400574C: _dl_init (dl-init.c:121)
==39==    by 0x40015C1: _dl_catch_exception (dl-catch.c:211)
==39==    by 0x400C7BC: dl_open_worker (dl-open.c:827)
==39== 
==39== 13 bytes in 1 blocks are indirectly lost in loss record 104 of 200
==39==    at 0x484387E: malloc (vg_replace_malloc.c:447)
==39==    by 0x4C62F0E: strdup (in /usr/lib64/libc.so.6)
==39==    by 0x52FC7A2: ??? (in /usr/lib64/libodbcinst.so.2.0.0)
==39==    by 0x53022A6: SQLGetPrivateProfileString (in /usr/lib64/libodbcinst.so.2.0.0)
==39==    by 0x524FB43: ??? (in /usr/lib64/psqlodbcw.so)
==39==    by 0x525434E: ??? (in /usr/lib64/psqlodbcw.so)
==39==    by 0x5257D8D: ??? (in /usr/lib64/psqlodbcw.so)
==39==    by 0x5211EE2: ??? (in /usr/lib64/psqlodbcw.so)
==39==    by 0x4005656: call_init (dl-init.c:74)
==39==    by 0x4005656: call_init (dl-init.c:26)
==39==    by 0x400574C: _dl_init (dl-init.c:121)
==39==    by 0x40015C1: _dl_catch_exception (dl-catch.c:211)
==39==    by 0x400C7BC: dl_open_worker (dl-open.c:827)
==39== 
==39== 13 bytes in 1 blocks are indirectly lost in loss record 105 of 200
==39==    at 0x484387E: malloc (vg_replace_malloc.c:447)
==39==    by 0x4C62F0E: strdup (in /usr/lib64/libc.so.6)
==39==    by 0x52FC7A2: ??? (in /usr/lib64/libodbcinst.so.2.0.0)
==39==    by 0x53022A6: SQLGetPrivateProfileString (in /usr/lib64/libodbcinst.so.2.0.0)
==39==    by 0x5248353: ??? (in /usr/lib64/psqlodbcw.so)
==39==    by 0x525E287: ??? (in /usr/lib64/psqlodbcw.so)
==39==    by 0x5271501: ??? (in /usr/lib64/psqlodbcw.so)
==39==    by 0x524B27D: SQLDriverConnect (in /usr/lib64/psqlodbcw.so)
==39==    by 0x51AC2FB: SQLDriverConnect (in /usr/lib64/libodbc.so.2.0.0)
==39==    by 0x40130C: main (odbc-iconv-control.cpp:24)
==39== 
==39== 13 bytes in 1 blocks are indirectly lost in loss record 106 of 200
==39==    at 0x484387E: malloc (vg_replace_malloc.c:447)
==39==    by 0x4C62F0E: strdup (in /usr/lib64/libc.so.6)
==39==    by 0x52FC7A2: ??? (in /usr/lib64/libodbcinst.so.2.0.0)
==39==    by 0x53022A6: SQLGetPrivateProfileString (in /usr/lib64/libodbcinst.so.2.0.0)
==39==    by 0x5248379: ??? (in /usr/lib64/psqlodbcw.so)
==39==    by 0x525E287: ??? (in /usr/lib64/psqlodbcw.so)
==39==    by 0x5271501: ??? (in /usr/lib64/psqlodbcw.so)
==39==    by 0x524B27D: SQLDriverConnect (in /usr/lib64/psqlodbcw.so)
==39==    by 0x51AC2FB: SQLDriverConnect (in /usr/lib64/libodbc.so.2.0.0)
==39==    by 0x40130C: main (odbc-iconv-control.cpp:24)
==39== 
==39== 13 bytes in 1 blocks are indirectly lost in loss record 107 of 200
==39==    at 0x484387E: malloc (vg_replace_malloc.c:447)
==39==    by 0x4C62F0E: strdup (in /usr/lib64/libc.so.6)
==39==    by 0x52FC7A2: ??? (in /usr/lib64/libodbcinst.so.2.0.0)
==39==    by 0x53022A6: SQLGetPrivateProfileString (in /usr/lib64/libodbcinst.so.2.0.0)
==39==    by 0x52483AE: ??? (in /usr/lib64/psqlodbcw.so)
==39==    by 0x525E287: ??? (in /usr/lib64/psqlodbcw.so)
==39==    by 0x5271501: ??? (in /usr/lib64/psqlodbcw.so)
==39==    by 0x524B27D: SQLDriverConnect (in /usr/lib64/psqlodbcw.so)
==39==    by 0x51AC2FB: SQLDriverConnect (in /usr/lib64/libodbc.so.2.0.0)
==39==    by 0x40130C: main (odbc-iconv-control.cpp:24)
==39== 
==39== 13 bytes in 1 blocks are indirectly lost in loss record 108 of 200
==39==    at 0x484387E: malloc (vg_replace_malloc.c:447)
==39==    by 0x4C62F0E: strdup (in /usr/lib64/libc.so.6)
==39==    by 0x52FC7C3: ??? (in /usr/lib64/libodbcinst.so.2.0.0)
==39==    by 0x53022A6: SQLGetPrivateProfileString (in /usr/lib64/libodbcinst.so.2.0.0)
==39==    by 0x52483AE: ??? (in /usr/lib64/psqlodbcw.so)
==39==    by 0x525E287: ??? (in /usr/lib64/psqlodbcw.so)
==39==    by 0x5271501: ??? (in /usr/lib64/psqlodbcw.so)
==39==    by 0x524B27D: SQLDriverConnect (in /usr/lib64/psqlodbcw.so)
==39==    by 0x51AC2FB: SQLDriverConnect (in /usr/lib64/libodbc.so.2.0.0)
==39==    by 0x40130C: main (odbc-iconv-control.cpp:24)
==39== 
==39== 13 bytes in 1 blocks are indirectly lost in loss record 109 of 200
==39==    at 0x484387E: malloc (vg_replace_malloc.c:447)
==39==    by 0x4C62F0E: strdup (in /usr/lib64/libc.so.6)
==39==    by 0x52FC7A2: ??? (in /usr/lib64/libodbcinst.so.2.0.0)
==39==    by 0x53022A6: SQLGetPrivateProfileString (in /usr/lib64/libodbcinst.so.2.0.0)
==39==    by 0x52483E3: ??? (in /usr/lib64/psqlodbcw.so)
==39==    by 0x525E287: ??? (in /usr/lib64/psqlodbcw.so)
==39==    by 0x5271501: ??? (in /usr/lib64/psqlodbcw.so)
==39==    by 0x524B27D: SQLDriverConnect (in /usr/lib64/psqlodbcw.so)
==39==    by 0x51AC2FB: SQLDriverConnect (in /usr/lib64/libodbc.so.2.0.0)
==39==    by 0x40130C: main (odbc-iconv-control.cpp:24)
==39== 
==39== 13 bytes in 1 blocks are indirectly lost in loss record 110 of 200
==39==    at 0x484387E: malloc (vg_replace_malloc.c:447)
==39==    by 0x4C62F0E: strdup (in /usr/lib64/libc.so.6)
==39==    by 0x52FC7A2: ??? (in /usr/lib64/libodbcinst.so.2.0.0)
==39==    by 0x53022A6: SQLGetPrivateProfileString (in /usr/lib64/libodbcinst.so.2.0.0)
==39==    by 0x5248418: ??? (in /usr/lib64/psqlodbcw.so)
==39==    by 0x525E287: ??? (in /usr/lib64/psqlodbcw.so)
==39==    by 0x5271501: ??? (in /usr/lib64/psqlodbcw.so)
==39==    by 0x524B27D: SQLDriverConnect (in /usr/lib64/psqlodbcw.so)
==39==    by 0x51AC2FB: SQLDriverConnect (in /usr/lib64/libodbc.so.2.0.0)
==39==    by 0x40130C: main (odbc-iconv-control.cpp:24)
==39== 
==39== 13 bytes in 1 blocks are indirectly lost in loss record 111 of 200
==39==    at 0x484387E: malloc (vg_replace_malloc.c:447)
==39==    by 0x4C62F0E: strdup (in /usr/lib64/libc.so.6)
==39==    by 0x52FC7A2: ??? (in /usr/lib64/libodbcinst.so.2.0.0)
==39==    by 0x53022A6: SQLGetPrivateProfileString (in /usr/lib64/libodbcinst.so.2.0.0)
==39==    by 0x524844D: ??? (in /usr/lib64/psqlodbcw.so)
==39==    by 0x525E287: ??? (in /usr/lib64/psqlodbcw.so)
==39==    by 0x5271501: ??? (in /usr/lib64/psqlodbcw.so)
==39==    by 0x524B27D: SQLDriverConnect (in /usr/lib64/psqlodbcw.so)
==39==    by 0x51AC2FB: SQLDriverConnect (in /usr/lib64/libodbc.so.2.0.0)
==39==    by 0x40130C: main (odbc-iconv-control.cpp:24)
==39== 
==39== 13 bytes in 1 blocks are indirectly lost in loss record 112 of 200
==39==    at 0x484387E: malloc (vg_replace_malloc.c:447)
==39==    by 0x4C62F0E: strdup (in /usr/lib64/libc.so.6)
==39==    by 0x52FC7A2: ??? (in /usr/lib64/libodbcinst.so.2.0.0)
==39==    by 0x53022A6: SQLGetPrivateProfileString (in /usr/lib64/libodbcinst.so.2.0.0)
==39==    by 0x5248482: ??? (in /usr/lib64/psqlodbcw.so)
==39==    by 0x525E287: ??? (in /usr/lib64/psqlodbcw.so)
==39==    by 0x5271501: ??? (in /usr/lib64/psqlodbcw.so)
==39==    by 0x524B27D: SQLDriverConnect (in /usr/lib64/psqlodbcw.so)
==39==    by 0x51AC2FB: SQLDriverConnect (in /usr/lib64/libodbc.so.2.0.0)
==39==    by 0x40130C: main (odbc-iconv-control.cpp:24)
==39== 
==39== 13 bytes in 1 blocks are indirectly lost in loss record 113 of 200
==39==    at 0x484387E: malloc (vg_replace_malloc.c:447)
==39==    by 0x4C62F0E: strdup (in /usr/lib64/libc.so.6)
==39==    by 0x52FC7A2: ??? (in /usr/lib64/libodbcinst.so.2.0.0)
==39==    by 0x53022A6: SQLGetPrivateProfileString (in /usr/lib64/libodbcinst.so.2.0.0)
==39==    by 0x52484B7: ??? (in /usr/lib64/psqlodbcw.so)
==39==    by 0x525E287: ??? (in /usr/lib64/psqlodbcw.so)
==39==    by 0x5271501: ??? (in /usr/lib64/psqlodbcw.so)
==39==    by 0x524B27D: SQLDriverConnect (in /usr/lib64/psqlodbcw.so)
==39==    by 0x51AC2FB: SQLDriverConnect (in /usr/lib64/libodbc.so.2.0.0)
==39==    by 0x40130C: main (odbc-iconv-control.cpp:24)
==39== 
==39== 13 bytes in 1 blocks are indirectly lost in loss record 114 of 200
==39==    at 0x484387E: malloc (vg_replace_malloc.c:447)
==39==    by 0x4C62F0E: strdup (in /usr/lib64/libc.so.6)
==39==    by 0x52FC7A2: ??? (in /usr/lib64/libodbcinst.so.2.0.0)
==39==    by 0x53022A6: SQLGetPrivateProfileString (in /usr/lib64/libodbcinst.so.2.0.0)
==39==    by 0x52484EC: ??? (in /usr/lib64/psqlodbcw.so)
==39==    by 0x525E287: ??? (in /usr/lib64/psqlodbcw.so)
==39==    by 0x5271501: ??? (in /usr/lib64/psqlodbcw.so)
==39==    by 0x524B27D: SQLDriverConnect (in /usr/lib64/psqlodbcw.so)
==39==    by 0x51AC2FB: SQLDriverConnect (in /usr/lib64/libodbc.so.2.0.0)
==39==    by 0x40130C: main (odbc-iconv-control.cpp:24)
==39== 
==39== 13 bytes in 1 blocks are indirectly lost in loss record 115 of 200
==39==    at 0x484387E: malloc (vg_replace_malloc.c:447)
==39==    by 0x4C62F0E: strdup (in /usr/lib64/libc.so.6)
==39==    by 0x52FC7A2: ??? (in /usr/lib64/libodbcinst.so.2.0.0)
==39==    by 0x53022A6: SQLGetPrivateProfileString (in /usr/lib64/libodbcinst.so.2.0.0)
==39==    by 0x5248521: ??? (in /usr/lib64/psqlodbcw.so)
==39==    by 0x525E287: ??? (in /usr/lib64/psqlodbcw.so)
==39==    by 0x5271501: ??? (in /usr/lib64/psqlodbcw.so)
==39==    by 0x524B27D: SQLDriverConnect (in /usr/lib64/psqlodbcw.so)
==39==    by 0x51AC2FB: SQLDriverConnect (in /usr/lib64/libodbc.so.2.0.0)
==39==    by 0x40130C: main (odbc-iconv-control.cpp:24)
==39== 
==39== 13 bytes in 1 blocks are indirectly lost in loss record 116 of 200
==39==    at 0x484387E: malloc (vg_replace_malloc.c:447)
==39==    by 0x4C62F0E: strdup (in /usr/lib64/libc.so.6)
==39==    by 0x52FC7A2: ??? (in /usr/lib64/libodbcinst.so.2.0.0)
==39==    by 0x53022A6: SQLGetPrivateProfileString (in /usr/lib64/libodbcinst.so.2.0.0)
==39==    by 0x5248556: ??? (in /usr/lib64/psqlodbcw.so)
==39==    by 0x525E287: ??? (in /usr/lib64/psqlodbcw.so)
==39==    by 0x5271501: ??? (in /usr/lib64/psqlodbcw.so)
==39==    by 0x524B27D: SQLDriverConnect (in /usr/lib64/psqlodbcw.so)
==39==    by 0x51AC2FB: SQLDriverConnect (in /usr/lib64/libodbc.so.2.0.0)
==39==    by 0x40130C: main (odbc-iconv-control.cpp:24)
==39== 
==39== 13 bytes in 1 blocks are indirectly lost in loss record 117 of 200
==39==    at 0x484387E: malloc (vg_replace_malloc.c:447)
==39==    by 0x4C62F0E: strdup (in /usr/lib64/libc.so.6)
==39==    by 0x52FC7A2: ??? (in /usr/lib64/libodbcinst.so.2.0.0)
==39==    by 0x53022A6: SQLGetPrivateProfileString (in /usr/lib64/libodbcinst.so.2.0.0)
==39==    by 0x5248592: ??? (in /usr/lib64/psqlodbcw.so)
==39==    by 0x525E287: ??? (in /usr/lib64/psqlodbcw.so)
==39==    by 0x5271501: ??? (in /usr/lib64/psqlodbcw.so)
==39==    by 0x524B27D: SQLDriverConnect (in /usr/lib64/psqlodbcw.so)
==39==    by 0x51AC2FB: SQLDriverConnect (in /usr/lib64/libodbc.so.2.0.0)
==39==    by 0x40130C: main (odbc-iconv-control.cpp:24)
==39== 
==39== 13 bytes in 1 blocks are indirectly lost in loss record 118 of 200
==39==    at 0x484387E: malloc (vg_replace_malloc.c:447)
==39==    by 0x4C62F0E: strdup (in /usr/lib64/libc.so.6)
==39==    by 0x52FC7A2: ??? (in /usr/lib64/libodbcinst.so.2.0.0)
==39==    by 0x53022A6: SQLGetPrivateProfileString (in /usr/lib64/libodbcinst.so.2.0.0)
==39==    by 0x5248611: ??? (in /usr/lib64/psqlodbcw.so)
==39==    by 0x525E287: ??? (in /usr/lib64/psqlodbcw.so)
==39==    by 0x5271501: ??? (in /usr/lib64/psqlodbcw.so)
==39==    by 0x524B27D: SQLDriverConnect (in /usr/lib64/psqlodbcw.so)
==39==    by 0x51AC2FB: SQLDriverConnect (in /usr/lib64/libodbc.so.2.0.0)
==39==    by 0x40130C: main (odbc-iconv-control.cpp:24)
==39== 
==39== 15 bytes in 1 blocks are indirectly lost in loss record 120 of 200
==39==    at 0x484387E: malloc (vg_replace_malloc.c:447)
==39==    by 0x4C62F0E: strdup (in /usr/lib64/libc.so.6)
==39==    by 0x52FC7C3: ??? (in /usr/lib64/libodbcinst.so.2.0.0)
==39==    by 0x53022A6: SQLGetPrivateProfileString (in /usr/lib64/libodbcinst.so.2.0.0)
==39==    by 0x5248482: ??? (in /usr/lib64/psqlodbcw.so)
==39==    by 0x525E287: ??? (in /usr/lib64/psqlodbcw.so)
==39==    by 0x5271501: ??? (in /usr/lib64/psqlodbcw.so)
==39==    by 0x524B27D: SQLDriverConnect (in /usr/lib64/psqlodbcw.so)
==39==    by 0x51AC2FB: SQLDriverConnect (in /usr/lib64/libodbc.so.2.0.0)
==39==    by 0x40130C: main (odbc-iconv-control.cpp:24)
==39== 
==39== 16 bytes in 1 blocks are indirectly lost in loss record 121 of 200
==39==    at 0x484387E: malloc (vg_replace_malloc.c:447)
==39==    by 0x5208889: lt__slist_box (in /usr/lib64/libltdl.so.7.3.2)
==39==    by 0x52088F4: lt_dlloader_add (in /usr/lib64/libltdl.so.7.3.2)
==39==    by 0x520899A: ??? (in /usr/lib64/libltdl.so.7.3.2)
==39==    by 0x5208AA6: lt_dlinit (in /usr/lib64/libltdl.so.7.3.2)
==39==    by 0x519ECE2: ??? (in /usr/lib64/libodbc.so.2.0.0)
==39==    by 0x51AC28F: SQLDriverConnect (in /usr/lib64/libodbc.so.2.0.0)
==39==    by 0x40130C: main (odbc-iconv-control.cpp:24)
==39== 
==39== 16 bytes in 1 blocks are indirectly lost in loss record 122 of 200
==39==    at 0x484387E: malloc (vg_replace_malloc.c:447)
==39==    by 0x4C62F0E: strdup (in /usr/lib64/libc.so.6)
==39==    by 0x52FC7C3: ??? (in /usr/lib64/libodbcinst.so.2.0.0)
==39==    by 0x53022A6: SQLGetPrivateProfileString (in /usr/lib64/libodbcinst.so.2.0.0)
==39==    by 0x524844D: ??? (in /usr/lib64/psqlodbcw.so)
==39==    by 0x525E287: ??? (in /usr/lib64/psqlodbcw.so)
==39==    by 0x5271501: ??? (in /usr/lib64/psqlodbcw.so)
==39==    by 0x524B27D: SQLDriverConnect (in /usr/lib64/psqlodbcw.so)
==39==    by 0x51AC2FB: SQLDriverConnect (in /usr/lib64/libodbc.so.2.0.0)
==39==    by 0x40130C: main (odbc-iconv-control.cpp:24)
==39== 
==39== 16 bytes in 1 blocks are definitely lost in loss record 123 of 200
==39==    at 0x484387E: malloc (vg_replace_malloc.c:447)
==39==    by 0x5204B10: lt__malloc (in /usr/lib64/libltdl.so.7.3.2)
==39==    by 0x5204D54: lt__zalloc (in /usr/lib64/libltdl.so.7.3.2)
==39==    by 0x5204DD0: lt_dlpreload (in /usr/lib64/libltdl.so.7.3.2)
==39==    by 0x5208ABB: lt_dlinit (in /usr/lib64/libltdl.so.7.3.2)
==39==    by 0x519ECE2: ??? (in /usr/lib64/libodbc.so.2.0.0)
==39==    by 0x51AC28F: SQLDriverConnect (in /usr/lib64/libodbc.so.2.0.0)
==39==    by 0x40130C: main (odbc-iconv-control.cpp:24)
==39== 
==39== 18 bytes in 1 blocks are indirectly lost in loss record 124 of 200
==39==    at 0x484387E: malloc (vg_replace_malloc.c:447)
==39==    by 0x4C62F0E: strdup (in /usr/lib64/libc.so.6)
==39==    by 0x52FC7C3: ??? (in /usr/lib64/libodbcinst.so.2.0.0)
==39==    by 0x53022A6: SQLGetPrivateProfileString (in /usr/lib64/libodbcinst.so.2.0.0)
==39==    by 0x52484EC: ??? (in /usr/lib64/psqlodbcw.so)
==39==    by 0x525E287: ??? (in /usr/lib64/psqlodbcw.so)
==39==    by 0x5271501: ??? (in /usr/lib64/psqlodbcw.so)
==39==    by 0x524B27D: SQLDriverConnect (in /usr/lib64/psqlodbcw.so)
==39==    by 0x51AC2FB: SQLDriverConnect (in /usr/lib64/libodbc.so.2.0.0)
==39==    by 0x40130C: main (odbc-iconv-control.cpp:24)
==39== 
==39== 19 bytes in 1 blocks are indirectly lost in loss record 125 of 200
==39==    at 0x484387E: malloc (vg_replace_malloc.c:447)
==39==    by 0x4C62F0E: strdup (in /usr/lib64/libc.so.6)
==39==    by 0x52FC7B2: ??? (in /usr/lib64/libodbcinst.so.2.0.0)
==39==    by 0x53022A6: SQLGetPrivateProfileString (in /usr/lib64/libodbcinst.so.2.0.0)
==39==    by 0x5257D5D: ??? (in /usr/lib64/psqlodbcw.so)
==39==    by 0x5211EE2: ??? (in /usr/lib64/psqlodbcw.so)
==39==    by 0x4005656: call_init (dl-init.c:74)
==39==    by 0x4005656: call_init (dl-init.c:26)
==39==    by 0x400574C: _dl_init (dl-init.c:121)
==39==    by 0x40015C1: _dl_catch_exception (dl-catch.c:211)
==39==    by 0x400C7BC: dl_open_worker (dl-open.c:827)
==39==    by 0x4001522: _dl_catch_exception (dl-catch.c:237)
==39==    by 0x400CBE1: _dl_open (dl-open.c:903)
==39== 
==39== 19 bytes in 1 blocks are indirectly lost in loss record 126 of 200
==39==    at 0x484387E: malloc (vg_replace_malloc.c:447)
==39==    by 0x4C62F0E: strdup (in /usr/lib64/libc.so.6)
==39==    by 0x52FC7B2: ??? (in /usr/lib64/libodbcinst.so.2.0.0)
==39==    by 0x53022A6: SQLGetPrivateProfileString (in /usr/lib64/libodbcinst.so.2.0.0)
==39==    by 0x524FAB3: ??? (in /usr/lib64/psqlodbcw.so)
==39==    by 0x5254326: ??? (in /usr/lib64/psqlodbcw.so)
==39==    by 0x5257D8D: ??? (in /usr/lib64/psqlodbcw.so)
==39==    by 0x5211EE2: ??? (in /usr/lib64/psqlodbcw.so)
==39==    by 0x4005656: call_init (dl-init.c:74)
==39==    by 0x4005656: call_init (dl-init.c:26)
==39==    by 0x400574C: _dl_init (dl-init.c:121)
==39==    by 0x40015C1: _dl_catch_exception (dl-catch.c:211)
==39==    by 0x400C7BC: dl_open_worker (dl-open.c:827)
==39== 
==39== 19 bytes in 1 blocks are indirectly lost in loss record 127 of 200
==39==    at 0x484387E: malloc (vg_replace_malloc.c:447)
==39==    by 0x4C62F0E: strdup (in /usr/lib64/libc.so.6)
==39==    by 0x52FC7B2: ??? (in /usr/lib64/libodbcinst.so.2.0.0)
==39==    by 0x53022A6: SQLGetPrivateProfileString (in /usr/lib64/libodbcinst.so.2.0.0)
==39==    by 0x524FB43: ??? (in /usr/lib64/psqlodbcw.so)
==39==    by 0x525434E: ??? (in /usr/lib64/psqlodbcw.so)
==39==    by 0x5257D8D: ??? (in /usr/lib64/psqlodbcw.so)
==39==    by 0x5211EE2: ??? (in /usr/lib64/psqlodbcw.so)
==39==    by 0x4005656: call_init (dl-init.c:74)
==39==    by 0x4005656: call_init (dl-init.c:26)
==39==    by 0x400574C: _dl_init (dl-init.c:121)
==39==    by 0x40015C1: _dl_catch_exception (dl-catch.c:211)
==39==    by 0x400C7BC: dl_open_worker (dl-open.c:827)
==39== 
==39== 19 bytes in 1 blocks are indirectly lost in loss record 128 of 200
==39==    at 0x484387E: malloc (vg_replace_malloc.c:447)
==39==    by 0x4C62F0E: strdup (in /usr/lib64/libc.so.6)
==39==    by 0x52FC7C3: ??? (in /usr/lib64/libodbcinst.so.2.0.0)
==39==    by 0x53022A6: SQLGetPrivateProfileString (in /usr/lib64/libodbcinst.so.2.0.0)
==39==    by 0x52484B7: ??? (in /usr/lib64/psqlodbcw.so)
==39==    by 0x525E287: ??? (in /usr/lib64/psqlodbcw.so)
==39==    by 0x5271501: ??? (in /usr/lib64/psqlodbcw.so)
==39==    by 0x524B27D: SQLDriverConnect (in /usr/lib64/psqlodbcw.so)
==39==    by 0x51AC2FB: SQLDriverConnect (in /usr/lib64/libodbc.so.2.0.0)
==39==    by 0x40130C: main (odbc-iconv-control.cpp:24)
==39== 
==39== 22 bytes in 1 blocks are indirectly lost in loss record 131 of 200
==39==    at 0x484387E: malloc (vg_replace_malloc.c:447)
==39==    by 0x4C62F0E: strdup (in /usr/lib64/libc.so.6)
==39==    by 0x52FC7C3: ??? (in /usr/lib64/libodbcinst.so.2.0.0)
==39==    by 0x53022A6: SQLGetPrivateProfileString (in /usr/lib64/libodbcinst.so.2.0.0)
==39==    by 0x5248521: ??? (in /usr/lib64/psqlodbcw.so)
==39==    by 0x525E287: ??? (in /usr/lib64/psqlodbcw.so)
==39==    by 0x5271501: ??? (in /usr/lib64/psqlodbcw.so)
==39==    by 0x524B27D: SQLDriverConnect (in /usr/lib64/psqlodbcw.so)
==39==    by 0x51AC2FB: SQLDriverConnect (in /usr/lib64/libodbc.so.2.0.0)
==39==    by 0x40130C: main (odbc-iconv-control.cpp:24)
==39== 
==39== 22 bytes in 1 blocks are indirectly lost in loss record 132 of 200
==39==    at 0x484387E: malloc (vg_replace_malloc.c:447)
==39==    by 0x4C62F0E: strdup (in /usr/lib64/libc.so.6)
==39==    by 0x52FC7C3: ??? (in /usr/lib64/libodbcinst.so.2.0.0)
==39==    by 0x53022A6: SQLGetPrivateProfileString (in /usr/lib64/libodbcinst.so.2.0.0)
==39==    by 0x5248592: ??? (in /usr/lib64/psqlodbcw.so)
==39==    by 0x525E287: ??? (in /usr/lib64/psqlodbcw.so)
==39==    by 0x5271501: ??? (in /usr/lib64/psqlodbcw.so)
==39==    by 0x524B27D: SQLDriverConnect (in /usr/lib64/psqlodbcw.so)
==39==    by 0x51AC2FB: SQLDriverConnect (in /usr/lib64/libodbc.so.2.0.0)
==39==    by 0x40130C: main (odbc-iconv-control.cpp:24)
==39== 
==39== 24 bytes in 1 blocks are indirectly lost in loss record 146 of 200
==39==    at 0x484387E: malloc (vg_replace_malloc.c:447)
==39==    by 0x4C62F0E: strdup (in /usr/lib64/libc.so.6)
==39==    by 0x52FC7B2: ??? (in /usr/lib64/libodbcinst.so.2.0.0)
==39==    by 0x53022A6: SQLGetPrivateProfileString (in /usr/lib64/libodbcinst.so.2.0.0)
==39==    by 0x5248353: ??? (in /usr/lib64/psqlodbcw.so)
==39==    by 0x525E287: ??? (in /usr/lib64/psqlodbcw.so)
==39==    by 0x5271501: ??? (in /usr/lib64/psqlodbcw.so)
==39==    by 0x524B27D: SQLDriverConnect (in /usr/lib64/psqlodbcw.so)
==39==    by 0x51AC2FB: SQLDriverConnect (in /usr/lib64/libodbc.so.2.0.0)
==39==    by 0x40130C: main (odbc-iconv-control.cpp:24)
==39== 
==39== 24 bytes in 1 blocks are indirectly lost in loss record 147 of 200
==39==    at 0x484387E: malloc (vg_replace_malloc.c:447)
==39==    by 0x4C62F0E: strdup (in /usr/lib64/libc.so.6)
==39==    by 0x52FC7B2: ??? (in /usr/lib64/libodbcinst.so.2.0.0)
==39==    by 0x53022A6: SQLGetPrivateProfileString (in /usr/lib64/libodbcinst.so.2.0.0)
==39==    by 0x5248379: ??? (in /usr/lib64/psqlodbcw.so)
==39==    by 0x525E287: ??? (in /usr/lib64/psqlodbcw.so)
==39==    by 0x5271501: ??? (in /usr/lib64/psqlodbcw.so)
==39==    by 0x524B27D: SQLDriverConnect (in /usr/lib64/psqlodbcw.so)
==39==    by 0x51AC2FB: SQLDriverConnect (in /usr/lib64/libodbc.so.2.0.0)
==39==    by 0x40130C: main (odbc-iconv-control.cpp:24)
==39== 
==39== 24 bytes in 1 blocks are indirectly lost in loss record 148 of 200
==39==    at 0x484387E: malloc (vg_replace_malloc.c:447)
==39==    by 0x4C62F0E: strdup (in /usr/lib64/libc.so.6)
==39==    by 0x52FC7B2: ??? (in /usr/lib64/libodbcinst.so.2.0.0)
==39==    by 0x53022A6: SQLGetPrivateProfileString (in /usr/lib64/libodbcinst.so.2.0.0)
==39==    by 0x52483AE: ??? (in /usr/lib64/psqlodbcw.so)
==39==    by 0x525E287: ??? (in /usr/lib64/psqlodbcw.so)
==39==    by 0x5271501: ??? (in /usr/lib64/psqlodbcw.so)
==39==    by 0x524B27D: SQLDriverConnect (in /usr/lib64/psqlodbcw.so)
==39==    by 0x51AC2FB: SQLDriverConnect (in /usr/lib64/libodbc.so.2.0.0)
==39==    by 0x40130C: main (odbc-iconv-control.cpp:24)
==39== 
==39== 24 bytes in 1 blocks are indirectly lost in loss record 149 of 200
==39==    at 0x484387E: malloc (vg_replace_malloc.c:447)
==39==    by 0x4C62F0E: strdup (in /usr/lib64/libc.so.6)
==39==    by 0x52FC7B2: ??? (in /usr/lib64/libodbcinst.so.2.0.0)
==39==    by 0x53022A6: SQLGetPrivateProfileString (in /usr/lib64/libodbcinst.so.2.0.0)
==39==    by 0x52483E3: ??? (in /usr/lib64/psqlodbcw.so)
==39==    by 0x525E287: ??? (in /usr/lib64/psqlodbcw.so)
==39==    by 0x5271501: ??? (in /usr/lib64/psqlodbcw.so)
==39==    by 0x524B27D: SQLDriverConnect (in /usr/lib64/psqlodbcw.so)
==39==    by 0x51AC2FB: SQLDriverConnect (in /usr/lib64/libodbc.so.2.0.0)
==39==    by 0x40130C: main (odbc-iconv-control.cpp:24)
==39== 
==39== 24 bytes in 1 blocks are indirectly lost in loss record 150 of 200
==39==    at 0x484387E: malloc (vg_replace_malloc.c:447)
==39==    by 0x4C62F0E: strdup (in /usr/lib64/libc.so.6)
==39==    by 0x52FC7B2: ??? (in /usr/lib64/libodbcinst.so.2.0.0)
==39==    by 0x53022A6: SQLGetPrivateProfileString (in /usr/lib64/libodbcinst.so.2.0.0)
==39==    by 0x5248418: ??? (in /usr/lib64/psqlodbcw.so)
==39==    by 0x525E287: ??? (in /usr/lib64/psqlodbcw.so)
==39==    by 0x5271501: ??? (in /usr/lib64/psqlodbcw.so)
==39==    by 0x524B27D: SQLDriverConnect (in /usr/lib64/psqlodbcw.so)
==39==    by 0x51AC2FB: SQLDriverConnect (in /usr/lib64/libodbc.so.2.0.0)
==39==    by 0x40130C: main (odbc-iconv-control.cpp:24)
==39== 
==39== 24 bytes in 1 blocks are indirectly lost in loss record 151 of 200
==39==    at 0x484387E: malloc (vg_replace_malloc.c:447)
==39==    by 0x4C62F0E: strdup (in /usr/lib64/libc.so.6)
==39==    by 0x52FC7B2: ??? (in /usr/lib64/libodbcinst.so.2.0.0)
==39==    by 0x53022A6: SQLGetPrivateProfileString (in /usr/lib64/libodbcinst.so.2.0.0)
==39==    by 0x524844D: ??? (in /usr/lib64/psqlodbcw.so)
==39==    by 0x525E287: ??? (in /usr/lib64/psqlodbcw.so)
==39==    by 0x5271501: ??? (in /usr/lib64/psqlodbcw.so)
==39==    by 0x524B27D: SQLDriverConnect (in /usr/lib64/psqlodbcw.so)
==39==    by 0x51AC2FB: SQLDriverConnect (in /usr/lib64/libodbc.so.2.0.0)
==39==    by 0x40130C: main (odbc-iconv-control.cpp:24)
==39== 
==39== 24 bytes in 1 blocks are indirectly lost in loss record 152 of 200
==39==    at 0x484387E: malloc (vg_replace_malloc.c:447)
==39==    by 0x4C62F0E: strdup (in /usr/lib64/libc.so.6)
==39==    by 0x52FC7B2: ??? (in /usr/lib64/libodbcinst.so.2.0.0)
==39==    by 0x53022A6: SQLGetPrivateProfileString (in /usr/lib64/libodbcinst.so.2.0.0)
==39==    by 0x5248482: ??? (in /usr/lib64/psqlodbcw.so)
==39==    by 0x525E287: ??? (in /usr/lib64/psqlodbcw.so)
==39==    by 0x5271501: ??? (in /usr/lib64/psqlodbcw.so)
==39==    by 0x524B27D: SQLDriverConnect (in /usr/lib64/psqlodbcw.so)
==39==    by 0x51AC2FB: SQLDriverConnect (in /usr/lib64/libodbc.so.2.0.0)
==39==    by 0x40130C: main (odbc-iconv-control.cpp:24)
==39== 
==39== 24 bytes in 1 blocks are indirectly lost in loss record 153 of 200
==39==    at 0x484387E: malloc (vg_replace_malloc.c:447)
==39==    by 0x4C62F0E: strdup (in /usr/lib64/libc.so.6)
==39==    by 0x52FC7B2: ??? (in /usr/lib64/libodbcinst.so.2.0.0)
==39==    by 0x53022A6: SQLGetPrivateProfileString (in /usr/lib64/libodbcinst.so.2.0.0)
==39==    by 0x52484B7: ??? (in /usr/lib64/psqlodbcw.so)
==39==    by 0x525E287: ??? (in /usr/lib64/psqlodbcw.so)
==39==    by 0x5271501: ??? (in /usr/lib64/psqlodbcw.so)
==39==    by 0x524B27D: SQLDriverConnect (in /usr/lib64/psqlodbcw.so)
==39==    by 0x51AC2FB: SQLDriverConnect (in /usr/lib64/libodbc.so.2.0.0)
==39==    by 0x40130C: main (odbc-iconv-control.cpp:24)
==39== 
==39== 24 bytes in 1 blocks are indirectly lost in loss record 154 of 200
==39==    at 0x484387E: malloc (vg_replace_malloc.c:447)
==39==    by 0x4C62F0E: strdup (in /usr/lib64/libc.so.6)
==39==    by 0x52FC7B2: ??? (in /usr/lib64/libodbcinst.so.2.0.0)
==39==    by 0x53022A6: SQLGetPrivateProfileString (in /usr/lib64/libodbcinst.so.2.0.0)
==39==    by 0x52484EC: ??? (in /usr/lib64/psqlodbcw.so)
==39==    by 0x525E287: ??? (in /usr/lib64/psqlodbcw.so)
==39==    by 0x5271501: ??? (in /usr/lib64/psqlodbcw.so)
==39==    by 0x524B27D: SQLDriverConnect (in /usr/lib64/psqlodbcw.so)
==39==    by 0x51AC2FB: SQLDriverConnect (in /usr/lib64/libodbc.so.2.0.0)
==39==    by 0x40130C: main (odbc-iconv-control.cpp:24)
==39== 
==39== 24 bytes in 1 blocks are indirectly lost in loss record 155 of 200
==39==    at 0x484387E: malloc (vg_replace_malloc.c:447)
==39==    by 0x4C62F0E: strdup (in /usr/lib64/libc.so.6)
==39==    by 0x52FC7B2: ??? (in /usr/lib64/libodbcinst.so.2.0.0)
==39==    by 0x53022A6: SQLGetPrivateProfileString (in /usr/lib64/libodbcinst.so.2.0.0)
==39==    by 0x5248521: ??? (in /usr/lib64/psqlodbcw.so)
==39==    by 0x525E287: ??? (in /usr/lib64/psqlodbcw.so)
==39==    by 0x5271501: ??? (in /usr/lib64/psqlodbcw.so)
==39==    by 0x524B27D: SQLDriverConnect (in /usr/lib64/psqlodbcw.so)
==39==    by 0x51AC2FB: SQLDriverConnect (in /usr/lib64/libodbc.so.2.0.0)
==39==    by 0x40130C: main (odbc-iconv-control.cpp:24)
==39== 
==39== 24 bytes in 1 blocks are indirectly lost in loss record 156 of 200
==39==    at 0x484387E: malloc (vg_replace_malloc.c:447)
==39==    by 0x4C62F0E: strdup (in /usr/lib64/libc.so.6)
==39==    by 0x52FC7B2: ??? (in /usr/lib64/libodbcinst.so.2.0.0)
==39==    by 0x53022A6: SQLGetPrivateProfileString (in /usr/lib64/libodbcinst.so.2.0.0)
==39==    by 0x5248556: ??? (in /usr/lib64/psqlodbcw.so)
==39==    by 0x525E287: ??? (in /usr/lib64/psqlodbcw.so)
==39==    by 0x5271501: ??? (in /usr/lib64/psqlodbcw.so)
==39==    by 0x524B27D: SQLDriverConnect (in /usr/lib64/psqlodbcw.so)
==39==    by 0x51AC2FB: SQLDriverConnect (in /usr/lib64/libodbc.so.2.0.0)
==39==    by 0x40130C: main (odbc-iconv-control.cpp:24)
==39== 
==39== 24 bytes in 1 blocks are indirectly lost in loss record 157 of 200
==39==    at 0x484387E: malloc (vg_replace_malloc.c:447)
==39==    by 0x4C62F0E: strdup (in /usr/lib64/libc.so.6)
==39==    by 0x52FC7B2: ??? (in /usr/lib64/libodbcinst.so.2.0.0)
==39==    by 0x53022A6: SQLGetPrivateProfileString (in /usr/lib64/libodbcinst.so.2.0.0)
==39==    by 0x5248592: ??? (in /usr/lib64/psqlodbcw.so)
==39==    by 0x525E287: ??? (in /usr/lib64/psqlodbcw.so)
==39==    by 0x5271501: ??? (in /usr/lib64/psqlodbcw.so)
==39==    by 0x524B27D: SQLDriverConnect (in /usr/lib64/psqlodbcw.so)
==39==    by 0x51AC2FB: SQLDriverConnect (in /usr/lib64/libodbc.so.2.0.0)
==39==    by 0x40130C: main (odbc-iconv-control.cpp:24)
==39== 
==39== 24 bytes in 1 blocks are indirectly lost in loss record 158 of 200
==39==    at 0x484387E: malloc (vg_replace_malloc.c:447)
==39==    by 0x4C62F0E: strdup (in /usr/lib64/libc.so.6)
==39==    by 0x52FC7B2: ??? (in /usr/lib64/libodbcinst.so.2.0.0)
==39==    by 0x53022A6: SQLGetPrivateProfileString (in /usr/lib64/libodbcinst.so.2.0.0)
==39==    by 0x5248611: ??? (in /usr/lib64/psqlodbcw.so)
==39==    by 0x525E287: ??? (in /usr/lib64/psqlodbcw.so)
==39==    by 0x5271501: ??? (in /usr/lib64/psqlodbcw.so)
==39==    by 0x524B27D: SQLDriverConnect (in /usr/lib64/psqlodbcw.so)
==39==    by 0x51AC2FB: SQLDriverConnect (in /usr/lib64/libodbc.so.2.0.0)
==39==    by 0x40130C: main (odbc-iconv-control.cpp:24)
==39== 
==39== 32 (16 direct, 16 indirect) bytes in 1 blocks are definitely lost in loss record 159 of 200
==39==    at 0x484387E: malloc (vg_replace_malloc.c:447)
==39==    by 0x5208889: lt__slist_box (in /usr/lib64/libltdl.so.7.3.2)
==39==    by 0x52088F4: lt_dlloader_add (in /usr/lib64/libltdl.so.7.3.2)
==39==    by 0x520899A: ??? (in /usr/lib64/libltdl.so.7.3.2)
==39==    by 0x520846F: lt_dlpreload_open (in /usr/lib64/libltdl.so.7.3.2)
==39==    by 0x519ECE2: ??? (in /usr/lib64/libodbc.so.2.0.0)
==39==    by 0x51AC28F: SQLDriverConnect (in /usr/lib64/libodbc.so.2.0.0)
==39==    by 0x40130C: main (odbc-iconv-control.cpp:24)
==39== 
==39== 72 bytes in 1 blocks are indirectly lost in loss record 179 of 200
==39==    at 0x484B411: calloc (vg_replace_malloc.c:1678)
==39==    by 0x52FC78D: ??? (in /usr/lib64/libodbcinst.so.2.0.0)
==39==    by 0x53022A6: SQLGetPrivateProfileString (in /usr/lib64/libodbcinst.so.2.0.0)
==39==    by 0x5257D5D: ??? (in /usr/lib64/psqlodbcw.so)
==39==    by 0x5211EE2: ??? (in /usr/lib64/psqlodbcw.so)
==39==    by 0x4005656: call_init (dl-init.c:74)
==39==    by 0x4005656: call_init (dl-init.c:26)
==39==    by 0x400574C: _dl_init (dl-init.c:121)
==39==    by 0x40015C1: _dl_catch_exception (dl-catch.c:211)
==39==    by 0x400C7BC: dl_open_worker (dl-open.c:827)
==39==    by 0x4001522: _dl_catch_exception (dl-catch.c:237)
==39==    by 0x400CBE1: _dl_open (dl-open.c:903)
==39==    by 0x4C47E13: dlopen_doit (in /usr/lib64/libc.so.6)
==39== 
==39== 72 bytes in 1 blocks are indirectly lost in loss record 180 of 200
==39==    at 0x484B411: calloc (vg_replace_malloc.c:1678)
==39==    by 0x52FC78D: ??? (in /usr/lib64/libodbcinst.so.2.0.0)
==39==    by 0x53022A6: SQLGetPrivateProfileString (in /usr/lib64/libodbcinst.so.2.0.0)
==39==    by 0x524FAB3: ??? (in /usr/lib64/psqlodbcw.so)
==39==    by 0x5254326: ??? (in /usr/lib64/psqlodbcw.so)
==39==    by 0x5257D8D: ??? (in /usr/lib64/psqlodbcw.so)
==39==    by 0x5211EE2: ??? (in /usr/lib64/psqlodbcw.so)
==39==    by 0x4005656: call_init (dl-init.c:74)
==39==    by 0x4005656: call_init (dl-init.c:26)
==39==    by 0x400574C: _dl_init (dl-init.c:121)
==39==    by 0x40015C1: _dl_catch_exception (dl-catch.c:211)
==39==    by 0x400C7BC: dl_open_worker (dl-open.c:827)
==39==    by 0x4001522: _dl_catch_exception (dl-catch.c:237)
==39== 
==39== 72 bytes in 1 blocks are indirectly lost in loss record 181 of 200
==39==    at 0x484B411: calloc (vg_replace_malloc.c:1678)
==39==    by 0x52FC78D: ??? (in /usr/lib64/libodbcinst.so.2.0.0)
==39==    by 0x53022A6: SQLGetPrivateProfileString (in /usr/lib64/libodbcinst.so.2.0.0)
==39==    by 0x524FB43: ??? (in /usr/lib64/psqlodbcw.so)
==39==    by 0x525434E: ??? (in /usr/lib64/psqlodbcw.so)
==39==    by 0x5257D8D: ??? (in /usr/lib64/psqlodbcw.so)
==39==    by 0x5211EE2: ??? (in /usr/lib64/psqlodbcw.so)
==39==    by 0x4005656: call_init (dl-init.c:74)
==39==    by 0x4005656: call_init (dl-init.c:26)
==39==    by 0x400574C: _dl_init (dl-init.c:121)
==39==    by 0x40015C1: _dl_catch_exception (dl-catch.c:211)
==39==    by 0x400C7BC: dl_open_worker (dl-open.c:827)
==39==    by 0x4001522: _dl_catch_exception (dl-catch.c:237)
==39== 
==39== 72 bytes in 1 blocks are indirectly lost in loss record 182 of 200
==39==    at 0x484B411: calloc (vg_replace_malloc.c:1678)
==39==    by 0x52FC78D: ??? (in /usr/lib64/libodbcinst.so.2.0.0)
==39==    by 0x53022A6: SQLGetPrivateProfileString (in /usr/lib64/libodbcinst.so.2.0.0)
==39==    by 0x5248353: ??? (in /usr/lib64/psqlodbcw.so)
==39==    by 0x525E287: ??? (in /usr/lib64/psqlodbcw.so)
==39==    by 0x5271501: ??? (in /usr/lib64/psqlodbcw.so)
==39==    by 0x524B27D: SQLDriverConnect (in /usr/lib64/psqlodbcw.so)
==39==    by 0x51AC2FB: SQLDriverConnect (in /usr/lib64/libodbc.so.2.0.0)
==39==    by 0x40130C: main (odbc-iconv-control.cpp:24)
==39== 
==39== 72 bytes in 1 blocks are indirectly lost in loss record 183 of 200
==39==    at 0x484B411: calloc (vg_replace_malloc.c:1678)
==39==    by 0x52FC78D: ??? (in /usr/lib64/libodbcinst.so.2.0.0)
==39==    by 0x53022A6: SQLGetPrivateProfileString (in /usr/lib64/libodbcinst.so.2.0.0)
==39==    by 0x5248379: ??? (in /usr/lib64/psqlodbcw.so)
==39==    by 0x525E287: ??? (in /usr/lib64/psqlodbcw.so)
==39==    by 0x5271501: ??? (in /usr/lib64/psqlodbcw.so)
==39==    by 0x524B27D: SQLDriverConnect (in /usr/lib64/psqlodbcw.so)
==39==    by 0x51AC2FB: SQLDriverConnect (in /usr/lib64/libodbc.so.2.0.0)
==39==    by 0x40130C: main (odbc-iconv-control.cpp:24)
==39== 
==39== 72 bytes in 1 blocks are indirectly lost in loss record 184 of 200
==39==    at 0x484B411: calloc (vg_replace_malloc.c:1678)
==39==    by 0x52FC78D: ??? (in /usr/lib64/libodbcinst.so.2.0.0)
==39==    by 0x53022A6: SQLGetPrivateProfileString (in /usr/lib64/libodbcinst.so.2.0.0)
==39==    by 0x52483AE: ??? (in /usr/lib64/psqlodbcw.so)
==39==    by 0x525E287: ??? (in /usr/lib64/psqlodbcw.so)
==39==    by 0x5271501: ??? (in /usr/lib64/psqlodbcw.so)
==39==    by 0x524B27D: SQLDriverConnect (in /usr/lib64/psqlodbcw.so)
==39==    by 0x51AC2FB: SQLDriverConnect (in /usr/lib64/libodbc.so.2.0.0)
==39==    by 0x40130C: main (odbc-iconv-control.cpp:24)
==39== 
==39== 72 bytes in 1 blocks are indirectly lost in loss record 185 of 200
==39==    at 0x484B411: calloc (vg_replace_malloc.c:1678)
==39==    by 0x52FC78D: ??? (in /usr/lib64/libodbcinst.so.2.0.0)
==39==    by 0x53022A6: SQLGetPrivateProfileString (in /usr/lib64/libodbcinst.so.2.0.0)
==39==    by 0x52483E3: ??? (in /usr/lib64/psqlodbcw.so)
==39==    by 0x525E287: ??? (in /usr/lib64/psqlodbcw.so)
==39==    by 0x5271501: ??? (in /usr/lib64/psqlodbcw.so)
==39==    by 0x524B27D: SQLDriverConnect (in /usr/lib64/psqlodbcw.so)
==39==    by 0x51AC2FB: SQLDriverConnect (in /usr/lib64/libodbc.so.2.0.0)
==39==    by 0x40130C: main (odbc-iconv-control.cpp:24)
==39== 
==39== 72 bytes in 1 blocks are indirectly lost in loss record 186 of 200
==39==    at 0x484B411: calloc (vg_replace_malloc.c:1678)
==39==    by 0x52FC78D: ??? (in /usr/lib64/libodbcinst.so.2.0.0)
==39==    by 0x53022A6: SQLGetPrivateProfileString (in /usr/lib64/libodbcinst.so.2.0.0)
==39==    by 0x5248418: ??? (in /usr/lib64/psqlodbcw.so)
==39==    by 0x525E287: ??? (in /usr/lib64/psqlodbcw.so)
==39==    by 0x5271501: ??? (in /usr/lib64/psqlodbcw.so)
==39==    by 0x524B27D: SQLDriverConnect (in /usr/lib64/psqlodbcw.so)
==39==    by 0x51AC2FB: SQLDriverConnect (in /usr/lib64/libodbc.so.2.0.0)
==39==    by 0x40130C: main (odbc-iconv-control.cpp:24)
==39== 
==39== 72 bytes in 1 blocks are indirectly lost in loss record 187 of 200
==39==    at 0x484B411: calloc (vg_replace_malloc.c:1678)
==39==    by 0x52FC78D: ??? (in /usr/lib64/libodbcinst.so.2.0.0)
==39==    by 0x53022A6: SQLGetPrivateProfileString (in /usr/lib64/libodbcinst.so.2.0.0)
==39==    by 0x524844D: ??? (in /usr/lib64/psqlodbcw.so)
==39==    by 0x525E287: ??? (in /usr/lib64/psqlodbcw.so)
==39==    by 0x5271501: ??? (in /usr/lib64/psqlodbcw.so)
==39==    by 0x524B27D: SQLDriverConnect (in /usr/lib64/psqlodbcw.so)
==39==    by 0x51AC2FB: SQLDriverConnect (in /usr/lib64/libodbc.so.2.0.0)
==39==    by 0x40130C: main (odbc-iconv-control.cpp:24)
==39== 
==39== 72 bytes in 1 blocks are indirectly lost in loss record 188 of 200
==39==    at 0x484B411: calloc (vg_replace_malloc.c:1678)
==39==    by 0x52FC78D: ??? (in /usr/lib64/libodbcinst.so.2.0.0)
==39==    by 0x53022A6: SQLGetPrivateProfileString (in /usr/lib64/libodbcinst.so.2.0.0)
==39==    by 0x5248482: ??? (in /usr/lib64/psqlodbcw.so)
==39==    by 0x525E287: ??? (in /usr/lib64/psqlodbcw.so)
==39==    by 0x5271501: ??? (in /usr/lib64/psqlodbcw.so)
==39==    by 0x524B27D: SQLDriverConnect (in /usr/lib64/psqlodbcw.so)
==39==    by 0x51AC2FB: SQLDriverConnect (in /usr/lib64/libodbc.so.2.0.0)
==39==    by 0x40130C: main (odbc-iconv-control.cpp:24)
==39== 
==39== 72 bytes in 1 blocks are indirectly lost in loss record 189 of 200
==39==    at 0x484B411: calloc (vg_replace_malloc.c:1678)
==39==    by 0x52FC78D: ??? (in /usr/lib64/libodbcinst.so.2.0.0)
==39==    by 0x53022A6: SQLGetPrivateProfileString (in /usr/lib64/libodbcinst.so.2.0.0)
==39==    by 0x52484B7: ??? (in /usr/lib64/psqlodbcw.so)
==39==    by 0x525E287: ??? (in /usr/lib64/psqlodbcw.so)
==39==    by 0x5271501: ??? (in /usr/lib64/psqlodbcw.so)
==39==    by 0x524B27D: SQLDriverConnect (in /usr/lib64/psqlodbcw.so)
==39==    by 0x51AC2FB: SQLDriverConnect (in /usr/lib64/libodbc.so.2.0.0)
==39==    by 0x40130C: main (odbc-iconv-control.cpp:24)
==39== 
==39== 72 bytes in 1 blocks are indirectly lost in loss record 190 of 200
==39==    at 0x484B411: calloc (vg_replace_malloc.c:1678)
==39==    by 0x52FC78D: ??? (in /usr/lib64/libodbcinst.so.2.0.0)
==39==    by 0x53022A6: SQLGetPrivateProfileString (in /usr/lib64/libodbcinst.so.2.0.0)
==39==    by 0x52484EC: ??? (in /usr/lib64/psqlodbcw.so)
==39==    by 0x525E287: ??? (in /usr/lib64/psqlodbcw.so)
==39==    by 0x5271501: ??? (in /usr/lib64/psqlodbcw.so)
==39==    by 0x524B27D: SQLDriverConnect (in /usr/lib64/psqlodbcw.so)
==39==    by 0x51AC2FB: SQLDriverConnect (in /usr/lib64/libodbc.so.2.0.0)
==39==    by 0x40130C: main (odbc-iconv-control.cpp:24)
==39== 
==39== 72 bytes in 1 blocks are indirectly lost in loss record 191 of 200
==39==    at 0x484B411: calloc (vg_replace_malloc.c:1678)
==39==    by 0x52FC78D: ??? (in /usr/lib64/libodbcinst.so.2.0.0)
==39==    by 0x53022A6: SQLGetPrivateProfileString (in /usr/lib64/libodbcinst.so.2.0.0)
==39==    by 0x5248521: ??? (in /usr/lib64/psqlodbcw.so)
==39==    by 0x525E287: ??? (in /usr/lib64/psqlodbcw.so)
==39==    by 0x5271501: ??? (in /usr/lib64/psqlodbcw.so)
==39==    by 0x524B27D: SQLDriverConnect (in /usr/lib64/psqlodbcw.so)
==39==    by 0x51AC2FB: SQLDriverConnect (in /usr/lib64/libodbc.so.2.0.0)
==39==    by 0x40130C: main (odbc-iconv-control.cpp:24)
==39== 
==39== 72 bytes in 1 blocks are indirectly lost in loss record 192 of 200
==39==    at 0x484B411: calloc (vg_replace_malloc.c:1678)
==39==    by 0x52FC78D: ??? (in /usr/lib64/libodbcinst.so.2.0.0)
==39==    by 0x53022A6: SQLGetPrivateProfileString (in /usr/lib64/libodbcinst.so.2.0.0)
==39==    by 0x5248556: ??? (in /usr/lib64/psqlodbcw.so)
==39==    by 0x525E287: ??? (in /usr/lib64/psqlodbcw.so)
==39==    by 0x5271501: ??? (in /usr/lib64/psqlodbcw.so)
==39==    by 0x524B27D: SQLDriverConnect (in /usr/lib64/psqlodbcw.so)
==39==    by 0x51AC2FB: SQLDriverConnect (in /usr/lib64/libodbc.so.2.0.0)
==39==    by 0x40130C: main (odbc-iconv-control.cpp:24)
==39== 
==39== 72 bytes in 1 blocks are indirectly lost in loss record 193 of 200
==39==    at 0x484B411: calloc (vg_replace_malloc.c:1678)
==39==    by 0x52FC78D: ??? (in /usr/lib64/libodbcinst.so.2.0.0)
==39==    by 0x53022A6: SQLGetPrivateProfileString (in /usr/lib64/libodbcinst.so.2.0.0)
==39==    by 0x5248592: ??? (in /usr/lib64/psqlodbcw.so)
==39==    by 0x525E287: ??? (in /usr/lib64/psqlodbcw.so)
==39==    by 0x5271501: ??? (in /usr/lib64/psqlodbcw.so)
==39==    by 0x524B27D: SQLDriverConnect (in /usr/lib64/psqlodbcw.so)
==39==    by 0x51AC2FB: SQLDriverConnect (in /usr/lib64/libodbc.so.2.0.0)
==39==    by 0x40130C: main (odbc-iconv-control.cpp:24)
==39== 
==39== 1,976 (72 direct, 1,904 indirect) bytes in 1 blocks are definitely lost in loss record 198 of 200
==39==    at 0x484B411: calloc (vg_replace_malloc.c:1678)
==39==    by 0x52FC78D: ??? (in /usr/lib64/libodbcinst.so.2.0.0)
==39==    by 0x53022A6: SQLGetPrivateProfileString (in /usr/lib64/libodbcinst.so.2.0.0)
==39==    by 0x5248611: ??? (in /usr/lib64/psqlodbcw.so)
==39==    by 0x525E287: ??? (in /usr/lib64/psqlodbcw.so)
==39==    by 0x5271501: ??? (in /usr/lib64/psqlodbcw.so)
==39==    by 0x524B27D: SQLDriverConnect (in /usr/lib64/psqlodbcw.so)
==39==    by 0x51AC2FB: SQLDriverConnect (in /usr/lib64/libodbc.so.2.0.0)
==39==    by 0x40130C: main (odbc-iconv-control.cpp:24)
==39== 
==39== LEAK SUMMARY:
==39==    definitely lost: 104 bytes in 3 blocks
==39==    indirectly lost: 1,920 bytes in 96 blocks
==39==      possibly lost: 0 bytes in 0 blocks
==39==    still reachable: 9,131 bytes in 109 blocks
==39==         suppressed: 0 bytes in 0 blocks
==39== Reachable blocks (those to which a pointer was found) are not shown.
==39== To see them, rerun with: --leak-check=full --show-leak-kinds=all
==39== 
==39== For lists of detected and suppressed errors, rerun with: -s
==39== ERROR SUMMARY: 3 errors from 3 contexts (suppressed: 0 from 0)
