==203== Memcheck, a memory error detector
==203== Copyright (C) 2002-2024, and GNU GPL'd, by Julian Seward et al.
==203== Using Valgrind-3.26.0 and LibVEX; rerun with -h for copyright info
==203== Command: qore -b --enable-debug -l /fixture/module-odbc/build-debug/odbc-api-2.0.qmod /fixture/odbc-numeric-lifetimes.qr 1000
==203== Parent PID: 182
==203== 
==203== 
==203== FILE DESCRIPTORS: 3 open (3 inherited) at exit.
==203== 
==203== HEAP SUMMARY:
==203==     in use at exit: 528,334 bytes in 8,095 blocks
==203==   total heap usage: 1,116,297 allocs, 1,108,202 frees, 293,643,346 bytes allocated
==203== 
==203== 7 bytes in 1 blocks are indirectly lost in loss record 10 of 3,013
==203==    at 0x488087E: malloc (vg_replace_malloc.c:447)
==203==    by 0xF481B10: lt__malloc (in /usr/lib64/libltdl.so.7.3.2)
==203==    by 0xF48442A: ??? (in /usr/lib64/libltdl.so.7.3.2)
==203==    by 0xF4851F6: lt_dlopenadvise (in /usr/lib64/libltdl.so.7.3.2)
==203==    by 0xF48545D: lt_dlpreload_open (in /usr/lib64/libltdl.so.7.3.2)
==203==    by 0xF3FBFBA: __connect_part_one (SQLConnect.c:1167)
==203==    by 0xF407ABD: SQLDriverConnect (SQLDriverConnect.c:1403)
==203==    by 0xF406526: SQLDriverConnectA (SQLDriverConnect.c:669)
==203==    by 0xF37DFC9: odbc::ODBCConnection::connect(ExceptionSink*) (ODBCConnection.cpp:188)
==203==    by 0xF37DA19: odbc::ODBCConnection::ODBCConnection(Datasource*, ExceptionSink*) (ODBCConnection.cpp:71)
==203==    by 0xF37B9CC: odbc_open(Datasource*, ExceptionSink*) (odbc-module.cpp:94)
==203==    by 0x4DA8C2F: Datasource::open(ExceptionSink*) (in /usr/lib64/libqore.so.20.0.0)
==203== 
==203== 9 bytes in 1 blocks are indirectly lost in loss record 19 of 3,013
==203==    at 0x488087E: malloc (vg_replace_malloc.c:447)
==203==    by 0xF481B10: lt__malloc (in /usr/lib64/libltdl.so.7.3.2)
==203==    by 0xF481EC8: lt__memdup (in /usr/lib64/libltdl.so.7.3.2)
==203==    by 0xF482607: ??? (in /usr/lib64/libltdl.so.7.3.2)
==203==    by 0xF484C52: ??? (in /usr/lib64/libltdl.so.7.3.2)
==203==    by 0xF4851F6: lt_dlopenadvise (in /usr/lib64/libltdl.so.7.3.2)
==203==    by 0xF48545D: lt_dlpreload_open (in /usr/lib64/libltdl.so.7.3.2)
==203==    by 0xF3FBFBA: __connect_part_one (SQLConnect.c:1167)
==203==    by 0xF407ABD: SQLDriverConnect (SQLDriverConnect.c:1403)
==203==    by 0xF406526: SQLDriverConnectA (SQLDriverConnect.c:669)
==203==    by 0xF37DFC9: odbc::ODBCConnection::connect(ExceptionSink*) (ODBCConnection.cpp:188)
==203==    by 0xF37DA19: odbc::ODBCConnection::ODBCConnection(Datasource*, ExceptionSink*) (ODBCConnection.cpp:71)
==203== 
==203== 10 bytes in 1 blocks are indirectly lost in loss record 21 of 3,013
==203==    at 0x488087E: malloc (vg_replace_malloc.c:447)
==203==    by 0xF481B10: lt__malloc (in /usr/lib64/libltdl.so.7.3.2)
==203==    by 0xF48442A: ??? (in /usr/lib64/libltdl.so.7.3.2)
==203==    by 0xF4851F6: lt_dlopenadvise (in /usr/lib64/libltdl.so.7.3.2)
==203==    by 0xF3FB742: odbc_dlopen (SQLConnect.c:842)
==203==    by 0xF3FC020: __connect_part_one (SQLConnect.c:1182)
==203==    by 0xF407ABD: SQLDriverConnect (SQLDriverConnect.c:1403)
==203==    by 0xF406526: SQLDriverConnectA (SQLDriverConnect.c:669)
==203==    by 0xF37DFC9: odbc::ODBCConnection::connect(ExceptionSink*) (ODBCConnection.cpp:188)
==203==    by 0xF37DA19: odbc::ODBCConnection::ODBCConnection(Datasource*, ExceptionSink*) (ODBCConnection.cpp:71)
==203==    by 0xF37B9CC: odbc_open(Datasource*, ExceptionSink*) (odbc-module.cpp:94)
==203==    by 0x4DA8C2F: Datasource::open(ExceptionSink*) (in /usr/lib64/libqore.so.20.0.0)
==203== 
==203== 16 bytes in 1 blocks are indirectly lost in loss record 39 of 3,013
==203==    at 0x488087E: malloc (vg_replace_malloc.c:447)
==203==    by 0xF485889: lt__slist_box (in /usr/lib64/libltdl.so.7.3.2)
==203==    by 0xF4858F4: lt_dlloader_add (in /usr/lib64/libltdl.so.7.3.2)
==203==    by 0xF48599A: ??? (in /usr/lib64/libltdl.so.7.3.2)
==203==    by 0xF485AA6: lt_dlinit (in /usr/lib64/libltdl.so.7.3.2)
==203==    by 0xF3FBFBA: __connect_part_one (SQLConnect.c:1167)
==203==    by 0xF407ABD: SQLDriverConnect (SQLDriverConnect.c:1403)
==203==    by 0xF406526: SQLDriverConnectA (SQLDriverConnect.c:669)
==203==    by 0xF37DFC9: odbc::ODBCConnection::connect(ExceptionSink*) (ODBCConnection.cpp:188)
==203==    by 0xF37DA19: odbc::ODBCConnection::ODBCConnection(Datasource*, ExceptionSink*) (ODBCConnection.cpp:71)
==203==    by 0xF37B9CC: odbc_open(Datasource*, ExceptionSink*) (odbc-module.cpp:94)
==203==    by 0x4DA8C2F: Datasource::open(ExceptionSink*) (in /usr/lib64/libqore.so.20.0.0)
==203== 
==203== 16 bytes in 1 blocks are definitely lost in loss record 40 of 3,013
==203==    at 0x488087E: malloc (vg_replace_malloc.c:447)
==203==    by 0xF481B10: lt__malloc (in /usr/lib64/libltdl.so.7.3.2)
==203==    by 0xF481D54: lt__zalloc (in /usr/lib64/libltdl.so.7.3.2)
==203==    by 0xF481DD0: lt_dlpreload (in /usr/lib64/libltdl.so.7.3.2)
==203==    by 0xF485ABB: lt_dlinit (in /usr/lib64/libltdl.so.7.3.2)
==203==    by 0xF3FBFBA: __connect_part_one (SQLConnect.c:1167)
==203==    by 0xF407ABD: SQLDriverConnect (SQLDriverConnect.c:1403)
==203==    by 0xF406526: SQLDriverConnectA (SQLDriverConnect.c:669)
==203==    by 0xF37DFC9: odbc::ODBCConnection::connect(ExceptionSink*) (ODBCConnection.cpp:188)
==203==    by 0xF37DA19: odbc::ODBCConnection::ODBCConnection(Datasource*, ExceptionSink*) (ODBCConnection.cpp:71)
==203==    by 0xF37B9CC: odbc_open(Datasource*, ExceptionSink*) (odbc-module.cpp:94)
==203==    by 0x4DA8C2F: Datasource::open(ExceptionSink*) (in /usr/lib64/libqore.so.20.0.0)
==203== 
==203== 24 bytes in 1 blocks are indirectly lost in loss record 533 of 3,013
==203==    at 0x488087E: malloc (vg_replace_malloc.c:447)
==203==    by 0xF481B10: lt__malloc (in /usr/lib64/libltdl.so.7.3.2)
==203==    by 0xF481EC8: lt__memdup (in /usr/lib64/libltdl.so.7.3.2)
==203==    by 0xF482607: ??? (in /usr/lib64/libltdl.so.7.3.2)
==203==    by 0xF484A3D: ??? (in /usr/lib64/libltdl.so.7.3.2)
==203==    by 0xF4851F6: lt_dlopenadvise (in /usr/lib64/libltdl.so.7.3.2)
==203==    by 0xF3FB742: odbc_dlopen (SQLConnect.c:842)
==203==    by 0xF3FC020: __connect_part_one (SQLConnect.c:1182)
==203==    by 0xF407ABD: SQLDriverConnect (SQLDriverConnect.c:1403)
==203==    by 0xF406526: SQLDriverConnectA (SQLDriverConnect.c:669)
==203==    by 0xF37DFC9: odbc::ODBCConnection::connect(ExceptionSink*) (ODBCConnection.cpp:188)
==203==    by 0xF37DA19: odbc::ODBCConnection::ODBCConnection(Datasource*, ExceptionSink*) (ODBCConnection.cpp:71)
==203== 
==203== 72 bytes in 1 blocks are indirectly lost in loss record 2,845 of 3,013
==203==    at 0x488087E: malloc (vg_replace_malloc.c:447)
==203==    by 0xF481B10: lt__malloc (in /usr/lib64/libltdl.so.7.3.2)
==203==    by 0xF481D54: lt__zalloc (in /usr/lib64/libltdl.so.7.3.2)
==203==    by 0xF482239: preopen_LTX_get_vtable (in /usr/lib64/libltdl.so.7.3.2)
==203==    by 0xF485988: ??? (in /usr/lib64/libltdl.so.7.3.2)
==203==    by 0xF485AA6: lt_dlinit (in /usr/lib64/libltdl.so.7.3.2)
==203==    by 0xF3FBFBA: __connect_part_one (SQLConnect.c:1167)
==203==    by 0xF407ABD: SQLDriverConnect (SQLDriverConnect.c:1403)
==203==    by 0xF406526: SQLDriverConnectA (SQLDriverConnect.c:669)
==203==    by 0xF37DFC9: odbc::ODBCConnection::connect(ExceptionSink*) (ODBCConnection.cpp:188)
==203==    by 0xF37DA19: odbc::ODBCConnection::ODBCConnection(Datasource*, ExceptionSink*) (ODBCConnection.cpp:71)
==203==    by 0xF37B9CC: odbc_open(Datasource*, ExceptionSink*) (odbc-module.cpp:94)
==203== 
==203== 72 bytes in 1 blocks are indirectly lost in loss record 2,846 of 3,013
==203==    at 0x488087E: malloc (vg_replace_malloc.c:447)
==203==    by 0xF481B10: lt__malloc (in /usr/lib64/libltdl.so.7.3.2)
==203==    by 0xF481D54: lt__zalloc (in /usr/lib64/libltdl.so.7.3.2)
==203==    by 0xF483059: dlopen_LTX_get_vtable (in /usr/lib64/libltdl.so.7.3.2)
==203==    by 0xF485988: ??? (in /usr/lib64/libltdl.so.7.3.2)
==203==    by 0xF48546F: lt_dlpreload_open (in /usr/lib64/libltdl.so.7.3.2)
==203==    by 0xF3FBFBA: __connect_part_one (SQLConnect.c:1167)
==203==    by 0xF407ABD: SQLDriverConnect (SQLDriverConnect.c:1403)
==203==    by 0xF406526: SQLDriverConnectA (SQLDriverConnect.c:669)
==203==    by 0xF37DFC9: odbc::ODBCConnection::connect(ExceptionSink*) (ODBCConnection.cpp:188)
==203==    by 0xF37DA19: odbc::ODBCConnection::ODBCConnection(Datasource*, ExceptionSink*) (ODBCConnection.cpp:71)
==203==    by 0xF37B9CC: odbc_open(Datasource*, ExceptionSink*) (odbc-module.cpp:94)
==203== 
==203== 88 bytes in 1 blocks are indirectly lost in loss record 2,861 of 3,013
==203==    at 0x488087E: malloc (vg_replace_malloc.c:447)
==203==    by 0xF481B10: lt__malloc (in /usr/lib64/libltdl.so.7.3.2)
==203==    by 0xF481D54: lt__zalloc (in /usr/lib64/libltdl.so.7.3.2)
==203==    by 0xF484BB2: ??? (in /usr/lib64/libltdl.so.7.3.2)
==203==    by 0xF4851F6: lt_dlopenadvise (in /usr/lib64/libltdl.so.7.3.2)
==203==    by 0xF48545D: lt_dlpreload_open (in /usr/lib64/libltdl.so.7.3.2)
==203==    by 0xF3FBFBA: __connect_part_one (SQLConnect.c:1167)
==203==    by 0xF407ABD: SQLDriverConnect (SQLDriverConnect.c:1403)
==203==    by 0xF406526: SQLDriverConnectA (SQLDriverConnect.c:669)
==203==    by 0xF37DFC9: odbc::ODBCConnection::connect(ExceptionSink*) (ODBCConnection.cpp:188)
==203==    by 0xF37DA19: odbc::ODBCConnection::ODBCConnection(Datasource*, ExceptionSink*) (ODBCConnection.cpp:71)
==203==    by 0xF37B9CC: odbc_open(Datasource*, ExceptionSink*) (odbc-module.cpp:94)
==203== 
==203== 176 (16 direct, 160 indirect) bytes in 1 blocks are definitely lost in loss record 2,900 of 3,013
==203==    at 0x488087E: malloc (vg_replace_malloc.c:447)
==203==    by 0xF485889: lt__slist_box (in /usr/lib64/libltdl.so.7.3.2)
==203==    by 0xF4858F4: lt_dlloader_add (in /usr/lib64/libltdl.so.7.3.2)
==203==    by 0xF48599A: ??? (in /usr/lib64/libltdl.so.7.3.2)
==203==    by 0xF48546F: lt_dlpreload_open (in /usr/lib64/libltdl.so.7.3.2)
==203==    by 0xF3FBFBA: __connect_part_one (SQLConnect.c:1167)
==203==    by 0xF407ABD: SQLDriverConnect (SQLDriverConnect.c:1403)
==203==    by 0xF406526: SQLDriverConnectA (SQLDriverConnect.c:669)
==203==    by 0xF37DFC9: odbc::ODBCConnection::connect(ExceptionSink*) (ODBCConnection.cpp:188)
==203==    by 0xF37DA19: odbc::ODBCConnection::ODBCConnection(Datasource*, ExceptionSink*) (ODBCConnection.cpp:71)
==203==    by 0xF37B9CC: odbc_open(Datasource*, ExceptionSink*) (odbc-module.cpp:94)
==203==    by 0x4DA8C2F: Datasource::open(ExceptionSink*) (in /usr/lib64/libqore.so.20.0.0)
==203== 
==203== 226 (88 direct, 138 indirect) bytes in 1 blocks are definitely lost in loss record 2,906 of 3,013
==203==    at 0x488087E: malloc (vg_replace_malloc.c:447)
==203==    by 0xF481B10: lt__malloc (in /usr/lib64/libltdl.so.7.3.2)
==203==    by 0xF481D54: lt__zalloc (in /usr/lib64/libltdl.so.7.3.2)
==203==    by 0xF4849F9: ??? (in /usr/lib64/libltdl.so.7.3.2)
==203==    by 0xF4851F6: lt_dlopenadvise (in /usr/lib64/libltdl.so.7.3.2)
==203==    by 0xF3FB742: odbc_dlopen (SQLConnect.c:842)
==203==    by 0xF3FC020: __connect_part_one (SQLConnect.c:1182)
==203==    by 0xF407ABD: SQLDriverConnect (SQLDriverConnect.c:1403)
==203==    by 0xF406526: SQLDriverConnectA (SQLDriverConnect.c:669)
==203==    by 0xF37DFC9: odbc::ODBCConnection::connect(ExceptionSink*) (ODBCConnection.cpp:188)
==203==    by 0xF37DA19: odbc::ODBCConnection::ODBCConnection(Datasource*, ExceptionSink*) (ODBCConnection.cpp:71)
==203==    by 0xF37B9CC: odbc_open(Datasource*, ExceptionSink*) (odbc-module.cpp:94)
==203== 
==203== LEAK SUMMARY:
==203==    definitely lost: 120 bytes in 3 blocks
==203==    indirectly lost: 298 bytes in 8 blocks
==203==      possibly lost: 0 bytes in 0 blocks
==203==    still reachable: 527,916 bytes in 8,084 blocks
==203==         suppressed: 0 bytes in 0 blocks
==203== Reachable blocks (those to which a pointer was found) are not shown.
==203== To see them, rerun with: --leak-check=full --show-leak-kinds=all
==203== 
==203== For lists of detected and suppressed errors, rerun with: -s
==203== ERROR SUMMARY: 3 errors from 3 contexts (suppressed: 0 from 0)
