==345== Memcheck, a memory error detector
==345== Copyright (C) 2002-2024, and GNU GPL'd, by Julian Seward et al.
==345== Using Valgrind-3.26.0 and LibVEX; rerun with -h for copyright info
==345== Command: qore -b --enable-debug -l /fixture/module-odbc/build-debug/odbc-api-2.0.qmod /fixture/module-odbc/test/native/bind-failure.qtest -v
==345== Parent PID: 324
==345== 
==345== Conditional jump or move depends on uninitialised value(s)
==345==    at 0xFBAE655: ???
==345==    by 0x100418FF: ???
==345==    by 0x100418FF: ???
==345==    by 0x10041932: ???
==345==    by 0x10048C9F: ???
==345==    by 0x100418FF: ???
==345==  Uninitialised value was created by a heap allocation
==345==    at 0x488087E: malloc (vg_replace_malloc.c:447)
==345==    by 0x4D5992D: QoreString::QoreString(char const*, QoreEncoding const*) (in /usr/lib64/libqore.so.20.0.0)
==345==    by 0x4B6C7BD: QoreStringNode::QoreStringNode(char const*, QoreEncoding const*) (in /usr/lib64/libqore.so.20.0.0)
==345==    by 0x4DA30FD: ??? (in /usr/lib64/libqore.so.20.0.0)
==345==    by 0x4DA33C1: ??? (in /usr/lib64/libqore.so.20.0.0)
==345==    by 0x553903A: ??? (in /usr/lib64/libqore.so.20.0.0)
==345==    by 0x4E709BD: ??? (in /usr/lib64/libqore.so.20.0.0)
==345==    by 0x4AE6CD7: ??? (in /usr/lib64/libqore.so.20.0.0)
==345==    by 0x4BDBE94: ??? (in /usr/lib64/libqore.so.20.0.0)
==345==    by 0x504CD49: ??? (in /usr/lib64/libqore.so.20.0.0)
==345==    by 0x5068E64: ??? (in /usr/lib64/libqore.so.20.0.0)
==345==    by 0xFBC30EE: ??? (in /usr/lib64/qore-modules/3.0.0/QUnit.qmod)
==345== 
==345== 
==345== FILE DESCRIPTORS: 3 open (3 inherited) at exit.
==345== 
==345== HEAP SUMMARY:
==345==     in use at exit: 569,983 bytes in 8,367 blocks
==345==   total heap usage: 172,758 allocs, 164,391 frees, 17,029,160 bytes allocated
==345== 
==345== LEAK SUMMARY:
==345==    definitely lost: 0 bytes in 0 blocks
==345==    indirectly lost: 0 bytes in 0 blocks
==345==      possibly lost: 0 bytes in 0 blocks
==345==    still reachable: 569,983 bytes in 8,367 blocks
==345==         suppressed: 0 bytes in 0 blocks
==345== Reachable blocks (those to which a pointer was found) are not shown.
==345== To see them, rerun with: --leak-check=full --show-leak-kinds=all
==345== 
==345== For lists of detected and suppressed errors, rerun with: -s
==345== ERROR SUMMARY: 1 errors from 1 contexts (suppressed: 0 from 0)
