QUnit Test "CsvEncodingTest" v1.0
Running: header-derived keys
Success: header-derived keys: 770 assertions
Running: the fields option
Success: the fields option: 217 assertions
Running: the headers option
Success: the headers option: 196 assertions
Running: the record type
Success: the record type: 112 assertions
Running: data providers
Success: data providers: 1148 assertions
Running: UTF-16 byte order marks
Success: UTF-16 byte order marks: 162 assertions
Running: generic UTF-16
Success: generic UTF-16: 247 assertions
Ran 7 test cases, 7 succeeded (2852 assertions)
QUnit Test "CsvUtilTest" v1.0
Running: data provider
Success: data provider: 77 assertions
Running: app action options
Success: app action options: 9 assertions
Running: multi-line fields
Success: multi-line fields: 2 assertions
Running: issue 2806 test
Success: issue 2806 test: 2 assertions
Running: issue 2746 test
Success: issue 2746 test: 4 assertions
Running: Basic CSV tests
Success: Basic CSV tests: 25 assertions
Running: Optional field CSV tests
Success: Optional field CSV tests: 1 assertion
Running: Multi-type CSV tests
Success: Multi-type CSV tests: 5 assertions
Running: Old style CSV tests
Success: Old style CSV tests: 3 assertions
Running: CsvUtil non-numeric values
Success: CsvUtil non-numeric values: 1 assertion
Running: Escaping
Success: Escaping: 4 assertions
Running: csvData test
Success: csvData test: 1 assertion
Running: Single-type CSV tests
Success: Single-type CSV tests: 2 assertions
Running: Single-type CSV map tests
Success: Single-type CSV map tests: 15 assertions
Running: Multi-type resolve CSV tests
Success: Multi-type resolve CSV tests: 1 assertion
Running: Config stress
Success: Config stress: 1 assertion
Running: CSV file iterator
Success: CSV file iterator: 5 assertions
Running: issue 2739 test
Success: issue 2739 test: 10 assertions
Running: binary inline data
Success: binary inline data: 10 assertions
Ran 19 test cases, 19 succeeded (178 assertions)
test_broken_worktree_and_missing_git_do_not_fall_back_to_archive (test_git_revision.GitRevisionTest.test_broken_worktree_and_missing_git_do_not_fall_back_to_archive) ... ok
test_configure_and_build_follow_head_without_rewriting_unchanged_header (test_git_revision.GitRevisionTest.test_configure_and_build_follow_head_without_rewriting_unchanged_header) ... ok
test_invalid_archive_identity_does_not_replace_output (test_git_revision.GitRevisionTest.test_invalid_archive_identity_does_not_replace_output) ... ok
test_linked_worktree_uses_its_own_head (test_git_revision.GitRevisionTest.test_linked_worktree_uses_its_own_head) ... ok
test_missing_arguments_and_nonexistent_source_fail (test_git_revision.GitRevisionTest.test_missing_arguments_and_nonexistent_source_fail) ... ok
test_real_archive_keeps_revision_inside_unrelated_repository_without_git (test_git_revision.GitRevisionTest.test_real_archive_keeps_revision_inside_unrelated_repository_without_git) ... ok
test_unversioned_copy_does_not_borrow_parent_head_or_keep_stale_identity (test_git_revision.GitRevisionTest.test_unversioned_copy_does_not_borrow_parent_head_or_keep_stale_identity) ... ok

----------------------------------------------------------------------
Ran 7 tests in 0.530s

OK
test_blank_input_lines_and_unchanged_digest_preserve_output (test_compiler_fingerprint.CompilerFingerprintTest.test_blank_input_lines_and_unchanged_digest_preserve_output) ... ok
test_default_digests_keep_path_identity (test_compiler_fingerprint.CompilerFingerprintTest.test_default_digests_keep_path_identity) ... ok
test_invalid_labels_fail (test_compiler_fingerprint.CompilerFingerprintTest.test_invalid_labels_fail) ... ok
test_prefix_siblings_are_not_rewritten (test_compiler_fingerprint.CompilerFingerprintTest.test_prefix_siblings_are_not_rewritten) ... ok
test_relocated_trees_match_and_real_changes_invalidate (test_compiler_fingerprint.CompilerFingerprintTest.test_relocated_trees_match_and_real_changes_invalidate) ... ok

----------------------------------------------------------------------
Ran 5 tests in 0.193s

OK
