runtime-xmlsec-tests
QUnit Test "XmlSecTest" v1.0
QORE xmlsec module v1.0.1 Test Script (4 threads, 3 iterations per thread)
Running: basic sign/verify/encrypt/decrypt
Success: basic sign/verify/encrypt/decrypt: 7 assertions
Running: per-document entities and DTD defaults
Success: per-document entities and DTD defaults: 2 assertions
Running: worker-thread entities and DTD defaults
Success: worker-thread entities and DTD defaults: 2 assertions
Running: key operations
Success: key operations: 11 assertions
Running: key manager operations
Success: key manager operations: 6 assertions
Running: named argument calls
Success: named argument calls: 9 assertions
Running: negative tests - signing
Success: negative tests - signing: 3 assertions
Running: negative tests - verification
Success: negative tests - verification: 6 assertions
Running: negative tests - encryption
Success: negative tests - encryption: 4 assertions
Running: negative tests - decryption
Success: negative tests - decryption: 4 assertions
Running: negative tests - key creation
Success: negative tests - key creation: 6 assertions
Running: binary encryption/decryption
Success: binary encryption/decryption: 3 assertions
Running: multithreaded operations
Success: multithreaded operations: 2 assertions
Ran 13 test cases, 13 succeeded (65 assertions)
0 errors encountered in 12 iterations (4 threads).
sdk-xmlsec-tests
QUnit Test "XmlSecTest" v1.0
QORE xmlsec module v1.0.1 Test Script (4 threads, 3 iterations per thread)
Running: basic sign/verify/encrypt/decrypt
Success: basic sign/verify/encrypt/decrypt: 7 assertions
Running: per-document entities and DTD defaults
Success: per-document entities and DTD defaults: 2 assertions
Running: worker-thread entities and DTD defaults
Success: worker-thread entities and DTD defaults: 2 assertions
Running: key operations
Success: key operations: 11 assertions
Running: key manager operations
Success: key manager operations: 6 assertions
Running: named argument calls
Success: named argument calls: 9 assertions
Running: negative tests - signing
Success: negative tests - signing: 3 assertions
Running: negative tests - verification
Success: negative tests - verification: 6 assertions
Running: negative tests - encryption
Success: negative tests - encryption: 4 assertions
Running: negative tests - decryption
Success: negative tests - decryption: 4 assertions
Running: negative tests - key creation
Success: negative tests - key creation: 6 assertions
Running: binary encryption/decryption
Success: binary encryption/decryption: 3 assertions
Running: multithreaded operations
Success: multithreaded operations: 2 assertions
Ran 13 test cases, 13 succeeded (65 assertions)
0 errors encountered in 12 iterations (4 threads).
qcc: compilation (-O3): 22949 bytes for 1 Qore code variants (target: x86_64-redhat-linux-gnu): /tmp/qore-xmlsec-rpm-77cu2omv/xmlsec-smoke
