============================ rpmlint session starts ============================
rpmlint: 2.7.0
configuration:
    /usr/lib/python3.13/site-packages/rpmlint/configdefaults.toml
    /etc/xdg/rpmlint/cron-whitelist.toml
    /etc/xdg/rpmlint/dbus-services.toml
    /etc/xdg/rpmlint/device-files-whitelist.toml
    /etc/xdg/rpmlint/licenses.toml
    /etc/xdg/rpmlint/opensuse.toml
    /etc/xdg/rpmlint/pam-modules.toml
    /etc/xdg/rpmlint/permissions-whitelist.toml
    /etc/xdg/rpmlint/pie-executables.toml
    /etc/xdg/rpmlint/polkit-rules-whitelist.toml
    /etc/xdg/rpmlint/scoring.toml
    /etc/xdg/rpmlint/security.toml
    /etc/xdg/rpmlint/sudoers-whitelist.toml
    /etc/xdg/rpmlint/sysctl-whitelist.toml
    /etc/xdg/rpmlint/systemd-tmpfiles.toml
    /etc/xdg/rpmlint/users-groups.toml
    /etc/xdg/rpmlint/world-writable-whitelist.toml
    /etc/xdg/rpmlint/zypper-plugins.toml
checks: 41, packages: 5

qore-jni-module.x86_64: W: wrong-file-end-of-line-encoding /usr/share/doc/packages/qore-jni-module/third-party-notices/commons-collections4-4.2.jar.txt
qore-jni-module.x86_64: W: wrong-file-end-of-line-encoding /usr/share/doc/packages/qore-jni-module/third-party-notices/commons-collections4-4.4.jar.txt
qore-jni-module.x86_64: W: wrong-file-end-of-line-encoding /usr/share/doc/packages/qore-jni-module/third-party-notices/commons-lang3-3.10.jar.txt
qore-jni-module.x86_64: W: wrong-file-end-of-line-encoding /usr/share/doc/packages/qore-jni-module/third-party-notices/curvesapi-1.08.jar.txt
qore-jni-module.x86_64: W: wrong-file-end-of-line-encoding /usr/share/doc/packages/qore-jni-module/third-party-notices/ez-vcard-0.12.1.jar.txt
qore-jni-module.x86_64: W: wrong-file-end-of-line-encoding /usr/share/doc/packages/qore-jni-module/third-party-notices/freemarker-2.3.32.jar.txt
qore-jni-module.x86_64: W: wrong-file-end-of-line-encoding /usr/share/doc/packages/qore-jni-module/third-party-notices/jcommon-1.0.23.jar.txt
qore-jni-module.x86_64: W: wrong-file-end-of-line-encoding /usr/share/doc/packages/qore-jni-module/third-party-notices/juniversalchardet-2.5.0.jar.txt
qore-jni-module.x86_64: W: wrong-file-end-of-line-encoding /usr/share/doc/packages/qore-jni-module/third-party-notices/openpdf-1.3.32.jar.txt
qore-jni-module.x86_64: W: wrong-file-end-of-line-encoding /usr/share/doc/packages/qore-jni-module/third-party-notices/serializer-2.7.3.jar.txt
qore-jni-module.x86_64: W: wrong-file-end-of-line-encoding /usr/share/doc/packages/qore-jni-module/third-party-notices/slf4j-api-1.7.30.jar.txt
qore-jni-module.x86_64: W: wrong-file-end-of-line-encoding /usr/share/doc/packages/qore-jni-module/third-party-notices/slf4j-api-2.0.12.jar.txt
qore-jni-module.x86_64: W: wrong-file-end-of-line-encoding /usr/share/doc/packages/qore-jni-module/third-party-notices/slf4j-api-2.0.13.jar.txt
qore-jni-module.x86_64: W: wrong-file-end-of-line-encoding /usr/share/doc/packages/qore-jni-module/third-party-notices/slf4j-api-2.0.16.jar.txt
qore-jni-module.x86_64: W: wrong-file-end-of-line-encoding /usr/share/doc/packages/qore-jni-module/third-party-notices/slf4j-api-2.0.18.jar.txt
qore-jni-module.x86_64: W: wrong-file-end-of-line-encoding /usr/share/doc/packages/qore-jni-module/third-party-notices/slf4j-nop-1.7.30.jar.txt
qore-jni-module.x86_64: W: wrong-file-end-of-line-encoding /usr/share/doc/packages/qore-jni-module/third-party-notices/slf4j-nop-2.0.12.jar.txt
qore-jni-module.x86_64: W: wrong-file-end-of-line-encoding /usr/share/doc/packages/qore-jni-module/third-party-notices/slf4j-nop-2.0.13.jar.txt
qore-jni-module.x86_64: W: wrong-file-end-of-line-encoding /usr/share/doc/packages/qore-jni-module/third-party-notices/slf4j-nop-2.0.16.jar.txt
qore-jni-module.x86_64: W: wrong-file-end-of-line-encoding /usr/share/doc/packages/qore-jni-module/third-party-notices/slf4j-nop-2.0.18.jar.txt
qore-jni-module.x86_64: W: wrong-file-end-of-line-encoding /usr/share/doc/packages/qore-jni-module/third-party-notices/threeten-extra-1.8.0.jar.txt
qore-jni-module.x86_64: W: wrong-file-end-of-line-encoding /usr/share/doc/packages/qore-jni-module/third-party-notices/xercesImpl-2.12.2.jar.txt
qore-jni-module.spec: W: invalid-url Source1: qore-jni-vendor-2.7.0.tar.xz
qore-jni-module.spec: W: invalid-url Source0: qore-jni-module-2.7.0.tar.xz
qore-jni-kotlin.noarch: W: invalid-license LicenseRef-Kotlin-notices
qore-jni-module.x86_64: W: invalid-license LicenseRef-Public-Domain
qore-jni-module.x86_64: W: invalid-license LicenseRef-OpenPDF-notices
qore-jni-module.src: W: invalid-license LicenseRef-Public-Domain
qore-jni-module.src: W: invalid-license LicenseRef-OpenPDF-notices
qore-jni-module.x86_64: W: hidden-file-or-dir /usr/share/qore/i18n/.qore-catalog-manifests
qore-jni-module.x86_64: W: hidden-file-or-dir /usr/share/qore/i18n/.qore-catalog-manifests
qore-jni-kotlin.noarch: E: files-duplicated-waste (Badness: 100) 2044165
qore-jni-module.x86_64: E: files-duplicated-waste (Badness: 100) 7420155
qore-jni-kotlin.noarch: W: files-duplicate /usr/share/qore/java/kotlin/license/COPYRIGHT.txt /usr/share/doc/packages/qore-jni-kotlin/upstream-licenses/COPYRIGHT.txt
qore-jni-kotlin.noarch: W: files-duplicate /usr/share/qore/java/kotlin/license/COPYRIGHT_HEADER.txt /usr/share/doc/packages/qore-jni-kotlin/upstream-licenses/COPYRIGHT_HEADER.txt
qore-jni-kotlin.noarch: W: files-duplicate /usr/share/qore/java/kotlin/license/third_party/testdata/spring_license.txt /usr/share/doc/packages/qore-jni-kotlin/upstream-licenses/LICENSE.txt:/usr/share/doc/packages/qore-jni-kotlin/upstream-licenses/third_party/aalto_xml_licence.txt:/usr/share/doc/packages/qore-jni-kotlin/upstream-licenses/third_party/aosp_license.txt:/usr/share/doc/packages/qore-jni-kotlin/upstream-licenses/third_party/closure-compiler_LICENSE.txt:/usr/share/doc/packages/qore-jni-kotlin/upstream-licenses/third_party/guava_license.txt:(and 18 more)
qore-jni-kotlin.noarch: W: files-duplicate /usr/share/qore/java/kotlin/license/NOTICE.txt /usr/share/doc/packages/qore-jni-kotlin/upstream-licenses/NOTICE.txt
qore-jni-kotlin.noarch: W: files-duplicate /usr/share/qore/java/kotlin/license/README.md /usr/share/doc/packages/qore-jni-kotlin/upstream-licenses/README.md
qore-jni-kotlin.noarch: W: files-duplicate /usr/share/qore/java/kotlin/license/third_party/aether_license.txt /usr/share/doc/packages/qore-jni-kotlin/upstream-licenses/third_party/aether_license.txt
qore-jni-kotlin.noarch: W: files-duplicate /usr/share/qore/java/kotlin/license/third_party/args4j_LICENSE.txt /usr/share/doc/packages/qore-jni-kotlin/upstream-licenses/third_party/args4j_LICENSE.txt
qore-jni-kotlin.noarch: W: files-duplicate /usr/share/qore/java/kotlin/license/third_party/asm_license.txt /usr/share/doc/packages/qore-jni-kotlin/upstream-licenses/third_party/asm_license.txt
qore-jni-kotlin.noarch: W: files-duplicate /usr/share/qore/java/kotlin/license/third_party/asmble_license.txt /usr/share/doc/packages/qore-jni-kotlin/upstream-licenses/third_party/asmble_license.txt
qore-jni-kotlin.noarch: W: files-duplicate /usr/share/qore/java/kotlin/license/third_party/assemblyscript_license.txt /usr/share/doc/packages/qore-jni-kotlin/upstream-licenses/third_party/assemblyscript_license.txt
qore-jni-kotlin.noarch: W: files-duplicate /usr/share/qore/java/kotlin/license/third_party/boost_LICENSE.txt /usr/share/doc/packages/qore-jni-kotlin/upstream-licenses/third_party/boost_LICENSE.txt
qore-jni-kotlin.noarch: W: files-duplicate /usr/share/qore/java/kotlin/license/third_party/caffeine_LICENSE.txt /usr/share/doc/packages/qore-jni-kotlin/upstream-licenses/third_party/caffeine_LICENSE.txt
qore-jni-kotlin.noarch: W: files-duplicate /usr/share/qore/java/kotlin/license/third_party/compose_license.txt /usr/share/doc/packages/qore-jni-kotlin/upstream-licenses/third_party/compose_license.txt
qore-jni-kotlin.noarch: W: files-duplicate /usr/share/qore/java/kotlin/license/third_party/dart_LICENSE.txt /usr/share/doc/packages/qore-jni-kotlin/upstream-licenses/third_party/dart_LICENSE.txt
qore-jni-kotlin.noarch: W: files-duplicate /usr/share/qore/java/kotlin/license/third_party/fastutil_licence /usr/share/doc/packages/qore-jni-kotlin/upstream-licenses/third_party/fastutil_licence
qore-jni-kotlin.noarch: W: files-duplicate /usr/share/qore/java/kotlin/license/third_party/gradle-node-plugin_LICENSE.txt /usr/share/doc/packages/qore-jni-kotlin/upstream-licenses/third_party/gradle-node-plugin_LICENSE.txt
qore-jni-kotlin.noarch: W: files-duplicate /usr/share/qore/java/kotlin/license/third_party/gradle_custom_user_plugin_license.txt /usr/share/doc/packages/qore-jni-kotlin/upstream-licenses/third_party/gradle_custom_user_plugin_license.txt
qore-jni-kotlin.noarch: W: files-duplicate /usr/share/qore/java/kotlin/license/third_party/gradle_license.txt /usr/share/doc/packages/qore-jni-kotlin/upstream-licenses/third_party/gradle_license.txt
qore-jni-kotlin.noarch: W: files-duplicate /usr/share/qore/java/kotlin/license/third_party/jgit_license.txt /usr/share/doc/packages/qore-jni-kotlin/upstream-licenses/third_party/jgit_license.txt
qore-jni-kotlin.noarch: W: files-duplicate /usr/share/qore/java/kotlin/license/third_party/jquery_license.txt /usr/share/doc/packages/qore-jni-kotlin/upstream-licenses/third_party/jquery_license.txt
qore-jni-kotlin.noarch: W: files-duplicate /usr/share/qore/java/kotlin/license/third_party/jshashtable_license.txt /usr/share/doc/packages/qore-jni-kotlin/upstream-licenses/third_party/jshashtable_license.txt
qore-jni-kotlin.noarch: W: files-duplicate /usr/share/qore/java/kotlin/license/third_party/karma-teamcity-reporter_LICENSE.txt /usr/share/doc/packages/qore-jni-kotlin/upstream-licenses/third_party/karma-teamcity-reporter_LICENSE.txt
qore-jni-kotlin.noarch: W: files-duplicate /usr/share/qore/java/kotlin/license/third_party/karma_LICENSE.txt /usr/share/doc/packages/qore-jni-kotlin/upstream-licenses/third_party/karma_LICENSE.txt
qore-jni-kotlin.noarch: W: files-duplicate /usr/share/qore/java/kotlin/license/third_party/lodash_LICENSE.txt /usr/share/doc/packages/qore-jni-kotlin/upstream-licenses/third_party/lodash_LICENSE.txt
qore-jni-kotlin.noarch: W: files-duplicate /usr/share/qore/java/kotlin/license/third_party/lombok_LICENSE.txt /usr/share/doc/packages/qore-jni-kotlin/upstream-licenses/third_party/lombok_LICENSE.txt
qore-jni-kotlin.noarch: W: files-duplicate /usr/share/qore/java/kotlin/license/third_party/mocha-teamcity-reporter_LICENSE.txt /usr/share/doc/packages/qore-jni-kotlin/upstream-licenses/third_party/mocha-teamcity-reporter_LICENSE.txt
qore-jni-kotlin.noarch: W: files-duplicate /usr/share/qore/java/kotlin/license/third_party/okhttp_license.txt /usr/share/doc/packages/qore-jni-kotlin/upstream-licenses/third_party/okhttp_license.txt
qore-jni-kotlin.noarch: W: files-duplicate /usr/share/qore/java/kotlin/license/third_party/opentelemetry_license.txt /usr/share/doc/packages/qore-jni-kotlin/upstream-licenses/third_party/opentelemetry_license.txt
qore-jni-kotlin.noarch: W: files-duplicate /usr/share/qore/java/kotlin/license/third_party/protobuf_license.txt /usr/share/doc/packages/qore-jni-kotlin/upstream-licenses/third_party/protobuf_license.txt
qore-jni-kotlin.noarch: W: files-duplicate /usr/share/qore/java/kotlin/license/third_party/prototype_license.txt /usr/share/doc/packages/qore-jni-kotlin/upstream-licenses/third_party/prototype_license.txt
qore-jni-kotlin.noarch: W: files-duplicate /usr/share/qore/java/kotlin/license/third_party/rhino_LICENSE.txt /usr/share/doc/packages/qore-jni-kotlin/upstream-licenses/third_party/rhino_LICENSE.txt
qore-jni-kotlin.noarch: W: files-duplicate /usr/share/qore/java/kotlin/license/third_party/scala_license.txt /usr/share/doc/packages/qore-jni-kotlin/upstream-licenses/third_party/scala_license.txt
qore-jni-kotlin.noarch: W: files-duplicate /usr/share/qore/java/kotlin/license/third_party/sl4f_license.txt /usr/share/doc/packages/qore-jni-kotlin/upstream-licenses/third_party/sl4f_license.txt
qore-jni-kotlin.noarch: W: files-duplicate /usr/share/qore/java/kotlin/license/third_party/stax2-api.txt /usr/share/doc/packages/qore-jni-kotlin/upstream-licenses/third_party/stax2-api.txt
qore-jni-kotlin.noarch: W: files-duplicate /usr/share/qore/java/kotlin/license/third_party/sun_license.txt /usr/share/doc/packages/qore-jni-kotlin/upstream-licenses/third_party/sun_license.txt
qore-jni-kotlin.noarch: W: files-duplicate /usr/share/qore/java/kotlin/license/third_party/teamcity-service-messages_LICENSE.txt /usr/share/doc/packages/qore-jni-kotlin/upstream-licenses/third_party/teamcity-service-messages_LICENSE.txt
qore-jni-kotlin.noarch: W: files-duplicate /usr/share/qore/java/kotlin/license/third_party/testdata/eclipse_distribution_license.txt /usr/share/doc/packages/qore-jni-kotlin/upstream-licenses/third_party/testdata/eclipse_distribution_license.txt
qore-jni-kotlin.noarch: W: files-duplicate /usr/share/qore/java/kotlin/license/third_party/testdata/eclipse_license.txt /usr/share/doc/packages/qore-jni-kotlin/upstream-licenses/third_party/testdata/eclipse_license.txt
qore-jni-kotlin.noarch: W: files-duplicate /usr/share/qore/java/kotlin/license/third_party/testdata/findbugs_license.txt /usr/share/doc/packages/qore-jni-kotlin/upstream-licenses/third_party/testdata/findbugs_license.txt
qore-jni-kotlin.noarch: W: files-duplicate /usr/share/qore/java/kotlin/license/third_party/testdata/lombok_license.txt /usr/share/doc/packages/qore-jni-kotlin/upstream-licenses/third_party/testdata/lombok_license.txt
qore-jni-kotlin.noarch: W: files-duplicate /usr/share/qore/java/kotlin/license/third_party/threetenbp_license.txt /usr/share/doc/packages/qore-jni-kotlin/upstream-licenses/third_party/threetenbp_license.txt
qore-jni-kotlin.noarch: W: files-duplicate /usr/share/qore/java/kotlin/lib/scripting/kotlin-script-runtime-2.3.0.jar /usr/share/qore/java/kotlin/lib/kotlin-script-runtime.jar
qore-jni-kotlin.noarch: W: files-duplicate /usr/share/qore/java/kotlin/lib/scripting/kotlin-scripting-common-2.3.0.jar /usr/share/qore/java/kotlin/lib/kotlin-scripting-common.jar
qore-jni-kotlin.noarch: W: files-duplicate /usr/share/qore/java/kotlin/lib/scripting-compiler.jar /usr/share/qore/java/kotlin/lib/kotlin-scripting-compiler.jar
qore-jni-kotlin.noarch: W: files-duplicate /usr/share/qore/java/kotlin/lib/scripting/kotlin-scripting-jvm-2.3.0.jar /usr/share/qore/java/kotlin/lib/kotlin-scripting-jvm.jar
qore-jni-kotlin.noarch: W: files-duplicate /usr/share/qore/java/kotlin/lib/kotlinx-serialization-compiler-plugin.jar /usr/share/qore/java/kotlin/lib/kotlin-serialization-compiler-plugin.jar
qore-jni-module.x86_64: W: files-duplicate /usr/share/qore-modules/IcsDataProvider/jar/commons-codec-1.17.0.jar /usr/share/qore-modules/AvroDataProvider/jar/commons-codec-1.17.0.jar
qore-jni-module.x86_64: W: files-duplicate /usr/share/qore-modules/IcsDataProvider/jar/commons-lang3-3.14.0.jar /usr/share/qore-modules/AvroDataProvider/jar/commons-lang3-3.14.0.jar
qore-jni-module.x86_64: W: files-duplicate /usr/share/qore-modules/CamelDataProvider/jar/jackson-annotations-2.17.2.jar /usr/share/qore-modules/AvroDataProvider/jar/jackson-annotations-2.17.2.jar
qore-jni-module.x86_64: W: files-duplicate /usr/share/qore-modules/CamelDataProvider/jar/jackson-core-2.17.2.jar /usr/share/qore-modules/AvroDataProvider/jar/jackson-core-2.17.2.jar
qore-jni-module.x86_64: W: files-duplicate /usr/share/qore-modules/CamelDataProvider/jar/jackson-databind-2.17.2.jar /usr/share/qore-modules/AvroDataProvider/jar/jackson-databind-2.17.2.jar
qore-jni-module.x86_64: W: files-duplicate /usr/share/qore-modules/EmailDataProvider/jar/angus-activation-2.0.2.jar /usr/share/qore-modules/CamelDataProvider/jar/angus-activation-2.0.2.jar
qore-jni-module.x86_64: W: files-duplicate /usr/share/qore-modules/TikaDataProvider/jar/commons-codec-1.17.1.jar /usr/share/qore-modules/CamelDataProvider/jar/commons-codec-1.17.1.jar
qore-jni-module.x86_64: W: files-duplicate /usr/share/qore-modules/EmailDataProvider/jar/jakarta.activation-api-2.1.3.jar /usr/share/qore-modules/CamelDataProvider/jar/jakarta.activation-api-2.1.3.jar
qore-jni-module.x86_64: W: files-duplicate /usr/share/qore-modules/TikaDataProvider/jar/slf4j-api-2.0.16.jar /usr/share/qore-modules/CamelDataProvider/jar/slf4j-api-2.0.16.jar:/usr/share/qore-modules/ExcelDataProvider/jar/slf4j-api-2.0.16.jar:/usr/share/qore-modules/KafkaDataProvider/jar/slf4j-api-2.0.16.jar
qore-jni-module.x86_64: W: files-duplicate /usr/share/qore-modules/TikaDataProvider/jar/slf4j-nop-2.0.16.jar /usr/share/qore-modules/CamelDataProvider/jar/slf4j-nop-2.0.16.jar:/usr/share/qore-modules/ExcelDataProvider/jar/slf4j-nop-2.0.16.jar:/usr/share/qore-modules/KafkaDataProvider/jar/slf4j-nop-2.0.16.jar
qore-jni-module.x86_64: W: files-duplicate /usr/share/qore-modules/OdsDataProvider/jar/commons-codec-1.19.0.jar /usr/share/qore-modules/ExcelDataProvider/jar/commons-codec-1.19.0.jar
qore-jni-module.x86_64: W: files-duplicate /usr/share/qore-modules/OdsDataProvider/jar/commons-compress-1.28.0.jar /usr/share/qore-modules/ExcelDataProvider/jar/commons-compress-1.28.0.jar
qore-jni-module.x86_64: W: files-duplicate /usr/share/qore-modules/OdsDataProvider/jar/commons-io-2.20.0.jar /usr/share/qore-modules/ExcelDataProvider/jar/commons-io-2.20.0.jar
qore-jni-module.x86_64: W: files-duplicate /usr/share/qore-modules/VcfDataProvider/jar/jackson-core-2.15.2.jar /usr/share/qore-modules/FlywayDataProvider/jar/jackson-core-2.15.2.jar
qore-jni-module.x86_64: W: files-duplicate /usr/share/qore-modules/OdsDataProvider/jar/commons-collections-3.2.2.jar /usr/share/qore-modules/JasperReportsDataProvider/jar/commons-collections-3.2.2.jar
qore-jni-module.x86_64: W: files-duplicate /usr/share/qore-modules/OdsDataProvider/jar/commons-digester-2.1.jar /usr/share/qore-modules/JasperReportsDataProvider/jar/commons-digester-2.1.jar
qore-jni-module.x86_64: E: explicit-lib-dependency libfreetype6
qore-jni-module.x86_64: E: explicit-lib-dependency libharfbuzz0
qore-jni-kotlin.noarch: E: env-script-interpreter (Badness: 9) /usr/bin/qkotlinc /usr/bin/env qore
qore-jni-kotlin.noarch: E: env-script-interpreter (Badness: 9) /usr/share/qore/java/kotlin/bin/kapt /usr/bin/env bash
qore-jni-kotlin.noarch: E: env-script-interpreter (Badness: 9) /usr/share/qore/java/kotlin/bin/kotlin /usr/bin/env bash
qore-jni-kotlin.noarch: E: env-script-interpreter (Badness: 9) /usr/share/qore/java/kotlin/bin/kotlinc /usr/bin/env bash
qore-jni-kotlin.noarch: E: env-script-interpreter (Badness: 9) /usr/share/qore/java/kotlin/bin/kotlinc-js /usr/bin/env bash
qore-jni-kotlin.noarch: E: env-script-interpreter (Badness: 9) /usr/share/qore/java/kotlin/bin/kotlinc-jvm /usr/bin/env bash
qore-jni-tools.noarch: E: env-script-interpreter (Badness: 9) /usr/bin/qjava-migrate-imports /usr/bin/env qore
qore-jni-tools.noarch: E: env-script-interpreter (Badness: 9) /usr/bin/qjava2jar /usr/bin/env qore
qore-jni-tools.noarch: E: env-script-interpreter (Badness: 9) /usr/bin/qjavac /usr/bin/env qore
qore-jni-kotlin.noarch: E: devel-dependency java-21-openjdk-devel
qore-jni-tools.noarch: E: devel-dependency java-21-openjdk-devel
qore-jni-kotlin.noarch: W: class-path-in-manifest /usr/share/qore/java/kotlin/lib/kotlin-compiler.jar
qore-jni-kotlin.noarch: W: class-path-in-manifest /usr/share/qore/java/kotlin/lib/kotlin-runner.jar
qore-jni-module.x86_64: W: class-path-in-manifest /usr/share/qore-modules/OdsDataProvider/jar/java-rdfa-1.0.0-BETA1.jar
qore-jni-module.x86_64: W: class-path-in-manifest /usr/share/qore-modules/OdsDataProvider/jar/serializer-2.7.3.jar
 5 packages and 0 specfiles checked; 15 errors, 97 warnings, 35204 filtered, 285 badness; has taken 30.9 s 
