A    /tmp/qore-obs-upload-gruh8kmn/package
/tmp/qore-obs-upload-gruh8kmn/package/.osc/sources/node-v24.18.1-doc-deps.tar.xz
A    /tmp/qore-obs-upload-gruh8kmn/package/node-v24.18.1-doc-deps.tar.xz
/tmp/qore-obs-upload-gruh8kmn/package/.osc/sources/node-v24.18.1-wasm-deopt-tests.tar.xz
A    /tmp/qore-obs-upload-gruh8kmn/package/node-v24.18.1-wasm-deopt-tests.tar.xz
/tmp/qore-obs-upload-gruh8kmn/package/.osc/sources/node-v24.18.1.tar.xz
A    /tmp/qore-obs-upload-gruh8kmn/package/node-v24.18.1.tar.xz
/tmp/qore-obs-upload-gruh8kmn/package/.osc/sources/nodejs24-SQLITE-LICENSE
A    /tmp/qore-obs-upload-gruh8kmn/package/nodejs24-SQLITE-LICENSE
/tmp/qore-obs-upload-gruh8kmn/package/.osc/sources/nodejs24-ada-conversion-result.patch
A    /tmp/qore-obs-upload-gruh8kmn/package/nodejs24-ada-conversion-result.patch
/tmp/qore-obs-upload-gruh8kmn/package/.osc/sources/nodejs24-ada-conversion-test.cc
A    /tmp/qore-obs-upload-gruh8kmn/package/nodejs24-ada-conversion-test.cc
/tmp/qore-obs-upload-gruh8kmn/package/.osc/sources/nodejs24-allocation-status-test.cc
A    /tmp/qore-obs-upload-gruh8kmn/package/nodejs24-allocation-status-test.cc
/tmp/qore-obs-upload-gruh8kmn/package/.osc/sources/nodejs24-allocation-status.patch
A    /tmp/qore-obs-upload-gruh8kmn/package/nodejs24-allocation-status.patch
/tmp/qore-obs-upload-gruh8kmn/package/.osc/sources/nodejs24-build-flags.py
A    /tmp/qore-obs-upload-gruh8kmn/package/nodejs24-build-flags.py
/tmp/qore-obs-upload-gruh8kmn/package/.osc/sources/nodejs24-compaction-trace-test.py
A    /tmp/qore-obs-upload-gruh8kmn/package/nodejs24-compaction-trace-test.py
/tmp/qore-obs-upload-gruh8kmn/package/.osc/sources/nodejs24-compaction-trace.patch
A    /tmp/qore-obs-upload-gruh8kmn/package/nodejs24-compaction-trace.patch
/tmp/qore-obs-upload-gruh8kmn/package/.osc/sources/nodejs24-compression-cleanup.patch
A    /tmp/qore-obs-upload-gruh8kmn/package/nodejs24-compression-cleanup.patch
/tmp/qore-obs-upload-gruh8kmn/package/.osc/sources/nodejs24-cppgc-realm-lifetime.patch
A    /tmp/qore-obs-upload-gruh8kmn/package/nodejs24-cppgc-realm-lifetime.patch
/tmp/qore-obs-upload-gruh8kmn/package/.osc/sources/nodejs24-crypto-test-types.patch
A    /tmp/qore-obs-upload-gruh8kmn/package/nodejs24-crypto-test-types.patch
/tmp/qore-obs-upload-gruh8kmn/package/.osc/sources/nodejs24-cxx-visibility.patch
A    /tmp/qore-obs-upload-gruh8kmn/package/nodejs24-cxx-visibility.patch
/tmp/qore-obs-upload-gruh8kmn/package/.osc/sources/nodejs24-detached-thread-counter.c
A    /tmp/qore-obs-upload-gruh8kmn/package/nodejs24-detached-thread-counter.c
/tmp/qore-obs-upload-gruh8kmn/package/.osc/sources/nodejs24-dns-test-lifetimes.patch
A    /tmp/qore-obs-upload-gruh8kmn/package/nodejs24-dns-test-lifetimes.patch
/tmp/qore-obs-upload-gruh8kmn/package/.osc/sources/nodejs24-doc-deps.json
A    /tmp/qore-obs-upload-gruh8kmn/package/nodejs24-doc-deps.json
/tmp/qore-obs-upload-gruh8kmn/package/.osc/sources/nodejs24-external-string-resource-test.cc
A    /tmp/qore-obs-upload-gruh8kmn/package/nodejs24-external-string-resource-test.cc
/tmp/qore-obs-upload-gruh8kmn/package/.osc/sources/nodejs24-external-string-resource.patch
A    /tmp/qore-obs-upload-gruh8kmn/package/nodejs24-external-string-resource.patch
/tmp/qore-obs-upload-gruh8kmn/package/.osc/sources/nodejs24-inspector-environments.patch
A    /tmp/qore-obs-upload-gruh8kmn/package/nodejs24-inspector-environments.patch
/tmp/qore-obs-upload-gruh8kmn/package/.osc/sources/nodejs24-inspector-lifetimes.cc
A    /tmp/qore-obs-upload-gruh8kmn/package/nodejs24-inspector-lifetimes.cc
/tmp/qore-obs-upload-gruh8kmn/package/.osc/sources/nodejs24-libnode-rpmlintrc
A    /tmp/qore-obs-upload-gruh8kmn/package/nodejs24-libnode-rpmlintrc
/tmp/qore-obs-upload-gruh8kmn/package/.osc/sources/nodejs24-libnode.changes
A    /tmp/qore-obs-upload-gruh8kmn/package/nodejs24-libnode.changes
/tmp/qore-obs-upload-gruh8kmn/package/.osc/sources/nodejs24-libnode.spec
A    /tmp/qore-obs-upload-gruh8kmn/package/nodejs24-libnode.spec
/tmp/qore-obs-upload-gruh8kmn/package/.osc/sources/nodejs24-localizationData-v77.1.json
A    /tmp/qore-obs-upload-gruh8kmn/package/nodejs24-localizationData-v77.1.json
/tmp/qore-obs-upload-gruh8kmn/package/.osc/sources/nodejs24-page-permissions-test.cc
A    /tmp/qore-obs-upload-gruh8kmn/package/nodejs24-page-permissions-test.cc
/tmp/qore-obs-upload-gruh8kmn/package/.osc/sources/nodejs24-page-permissions.patch
A    /tmp/qore-obs-upload-gruh8kmn/package/nodejs24-page-permissions.patch
/tmp/qore-obs-upload-gruh8kmn/package/.osc/sources/nodejs24-platform-priority-test.cc
A    /tmp/qore-obs-upload-gruh8kmn/package/nodejs24-platform-priority-test.cc
/tmp/qore-obs-upload-gruh8kmn/package/.osc/sources/nodejs24-platform-priority.patch
A    /tmp/qore-obs-upload-gruh8kmn/package/nodejs24-platform-priority.patch
/tmp/qore-obs-upload-gruh8kmn/package/.osc/sources/nodejs24-reschedule-end.patch
A    /tmp/qore-obs-upload-gruh8kmn/package/nodejs24-reschedule-end.patch
/tmp/qore-obs-upload-gruh8kmn/package/.osc/sources/nodejs24-reschedule-test.cc
A    /tmp/qore-obs-upload-gruh8kmn/package/nodejs24-reschedule-test.cc
/tmp/qore-obs-upload-gruh8kmn/package/.osc/sources/nodejs24-reschedule-test.py
A    /tmp/qore-obs-upload-gruh8kmn/package/nodejs24-reschedule-test.py
/tmp/qore-obs-upload-gruh8kmn/package/.osc/sources/nodejs24-rpm-symbols.py
A    /tmp/qore-obs-upload-gruh8kmn/package/nodejs24-rpm-symbols.py
/tmp/qore-obs-upload-gruh8kmn/package/.osc/sources/nodejs24-sqlite-lengths.patch
A    /tmp/qore-obs-upload-gruh8kmn/package/nodejs24-sqlite-lengths.patch
/tmp/qore-obs-upload-gruh8kmn/package/.osc/sources/nodejs24-sqlite-test.c
A    /tmp/qore-obs-upload-gruh8kmn/package/nodejs24-sqlite-test.c
/tmp/qore-obs-upload-gruh8kmn/package/.osc/sources/nodejs24-sqlite-types.patch
A    /tmp/qore-obs-upload-gruh8kmn/package/nodejs24-sqlite-types.patch
/tmp/qore-obs-upload-gruh8kmn/package/.osc/sources/nodejs24-timezone-index-test.py
A    /tmp/qore-obs-upload-gruh8kmn/package/nodejs24-timezone-index-test.py
/tmp/qore-obs-upload-gruh8kmn/package/.osc/sources/nodejs24-timezone-index.patch
A    /tmp/qore-obs-upload-gruh8kmn/package/nodejs24-timezone-index.patch
/tmp/qore-obs-upload-gruh8kmn/package/.osc/sources/nodejs24-torque-abort-test.cc
A    /tmp/qore-obs-upload-gruh8kmn/package/nodejs24-torque-abort-test.cc
/tmp/qore-obs-upload-gruh8kmn/package/.osc/sources/nodejs24-torque-handle-test.cc
A    /tmp/qore-obs-upload-gruh8kmn/package/nodejs24-torque-handle-test.cc
/tmp/qore-obs-upload-gruh8kmn/package/.osc/sources/nodejs24-torque-prefix-test.cc
A    /tmp/qore-obs-upload-gruh8kmn/package/nodejs24-torque-prefix-test.cc
/tmp/qore-obs-upload-gruh8kmn/package/.osc/sources/nodejs24-torque-stack-test.cc
A    /tmp/qore-obs-upload-gruh8kmn/package/nodejs24-torque-stack-test.cc
/tmp/qore-obs-upload-gruh8kmn/package/.osc/sources/nodejs24-v8-diagnostics.patch
A    /tmp/qore-obs-upload-gruh8kmn/package/nodejs24-v8-diagnostics.patch
/tmp/qore-obs-upload-gruh8kmn/package/.osc/sources/nodejs24-v8-return-paths.patch
A    /tmp/qore-obs-upload-gruh8kmn/package/nodejs24-v8-return-paths.patch
/tmp/qore-obs-upload-gruh8kmn/package/.osc/sources/nodejs24-v8-source-comments.patch
A    /tmp/qore-obs-upload-gruh8kmn/package/nodejs24-v8-source-comments.patch
/tmp/qore-obs-upload-gruh8kmn/package/.osc/sources/nodejs24-wasm-deopt-metadata.patch
A    /tmp/qore-obs-upload-gruh8kmn/package/nodejs24-wasm-deopt-metadata.patch
/tmp/qore-obs-upload-gruh8kmn/package/.osc/sources/nodejs24-wasm-deopt-test.cc
A    /tmp/qore-obs-upload-gruh8kmn/package/nodejs24-wasm-deopt-test.cc
/tmp/qore-obs-upload-gruh8kmn/package/.osc/sources/nodejs24-wasm-deopt-test.py
A    /tmp/qore-obs-upload-gruh8kmn/package/nodejs24-wasm-deopt-test.py
/tmp/qore-obs-upload-gruh8kmn/package/.osc/sources/nodejs24-wasm-deopt-tests.json
A    /tmp/qore-obs-upload-gruh8kmn/package/nodejs24-wasm-deopt-tests.json
/tmp/qore-obs-upload-gruh8kmn/package/.osc/sources/nodejs24-zlib-cpu-declaration.patch
A    /tmp/qore-obs-upload-gruh8kmn/package/nodejs24-zlib-cpu-declaration.patch
/tmp/qore-obs-upload-gruh8kmn/package/.osc/sources/source-manifest.json
A    /tmp/qore-obs-upload-gruh8kmn/package/source-manifest.json
At revision 5.
A    nodejs24-credential-test-error.patch
A    nodejs24-arm-header-operand.patch
A    nodejs24-arm-operand-test.cc
A    nodejs24-arm-cpu-feature-guard.patch
A    nodejs24-arm-header-test.py
Sending    nodejs24-libnode.changes
Sending    nodejs24-libnode.spec
Sending    source-manifest.json
Sending    nodejs24-credential-test-error.patch
Sending    nodejs24-arm-header-operand.patch
Sending    nodejs24-arm-operand-test.cc
Sending    nodejs24-arm-cpu-feature-guard.patch
Sending    nodejs24-arm-header-test.py
Transmitting file data ........
Committed revision 6.
{
  "project": "home:davidnichols:qore:testing",
  "package": "nodejs24-libnode",
  "commit": "f499f5358c3941a2c8abc40a181e5214bbb12782",
  "sources": {
    "node-v24.18.1-doc-deps.tar.xz": "38afe7e7b4be25a43b3c56d1df9ade2c49d05f09d02529d236c84cf403da5e9f",
    "node-v24.18.1-wasm-deopt-tests.tar.xz": "01b5670b9be33072f1af0206ab0dccdd44e757a8b016b6bdb7a66272fd191503",
    "node-v24.18.1.tar.xz": "86d40d594bbdfcf69009a62fdf43cb19ae72b6cb5822d2bdd8349c5a1b2fa628",
    "nodejs24-SQLITE-LICENSE": "06545a6ec25fbbff6c62f205f94a35be49e38f33bea827a8cfb07d7b82e4b083",
    "nodejs24-ada-conversion-result.patch": "fa6b29abf3ac1a96e8c31c606497592f58d4c9ee72079ce4853e7804e7f6012c",
    "nodejs24-ada-conversion-test.cc": "518f479bc417825fe2ebb2db6c33c4412e8e6457e35ec2702a8d8d1787be2165",
    "nodejs24-allocation-status-test.cc": "33bd223a96b962df3a6685007b9b8c5da961648771f9d5dfab605961d4d55c83",
    "nodejs24-allocation-status.patch": "3fcfd2451577c1e294b78e84b672f18e4ec329a1304c4ab69ba3e85e49f86674",
    "nodejs24-arm-cpu-feature-guard.patch": "7af75a61269823ceb38a102eba11395c94b7cd90e55cdce3ab189d274f6b2782",
    "nodejs24-arm-header-operand.patch": "24a3470345749695020bc653aaa8959f6a19c382a0a49cbab31e3294ef467818",
    "nodejs24-arm-header-test.py": "1c08a60542385ba8fc8d341f5a995a3d4da08e8606632fef82d940fa2aaf7040",
    "nodejs24-arm-operand-test.cc": "3e188d6b6e07de92459b964ba62cec7cc41db6ed4ddbdfa8db3470b3a8cf88bc",
    "nodejs24-build-flags.py": "ffed6cbc7c4dc94c57e6b59d7702cb1be7692a094dbbceef3f92acb6275f4753",
    "nodejs24-compaction-trace-test.py": "9c3a0ea09a794a8d8c9dd5f29f99465e5db1c384b254b3bcb4c9d45d10405248",
    "nodejs24-compaction-trace.patch": "87ad9fae1831c7b55b43c314089a9e081c662625e2119969353e81b795db6041",
    "nodejs24-compression-cleanup.patch": "311cc6bf7aa673e664f2cf620a33dcd22badc88db265386edacc05f799e55aee",
    "nodejs24-cppgc-realm-lifetime.patch": "5e648a3098280aca79d642b4a430a2c08e5383767ad926a1f944bdfcde9abb1f",
    "nodejs24-credential-test-error.patch": "9e397e113644a61d35fa7741027b8b60dadede62d4e3cb4914014d73e3031261",
    "nodejs24-crypto-test-types.patch": "6f2258defea0d4e709d896d01a359b777db7be0c8ec8d2fafcaf7fa7e2ed3442",
    "nodejs24-cxx-visibility.patch": "50bab1320ef4593767e9e5cca93356e5ce3bbef700a39b7686112ded3d66ba40",
    "nodejs24-detached-thread-counter.c": "050af87f5bbfaa81ef1dc47c23abdf08aae8b4edea0875c513eaf02fd8f047cf",
    "nodejs24-dns-test-lifetimes.patch": "99d5b50698bbd4fa59681d2664f21707f0de176c3fa6671ec8301160af33e8f4",
    "nodejs24-doc-deps.json": "306f956d391cb38201ac39387f83c1f0ba50e3fba1ab1327471e9cd82b755de0",
    "nodejs24-external-string-resource-test.cc": "f52aa00db877db147b2873061fa962096ba2ed0e6b0908ae5ce14c9f918083e7",
    "nodejs24-external-string-resource.patch": "47fce831278068bf4e0a0459c31de45f4de5e999a72ff689cde8a04801b4c623",
    "nodejs24-inspector-environments.patch": "0f0fdcf9f07e67b569abb4fd75db1de56c7509db58332f020b2fcdcc20a47617",
    "nodejs24-inspector-lifetimes.cc": "b6b354d3f59703f18f2c015ef6a4f013f70810ae824b31f3416326d6d69f63ca",
    "nodejs24-libnode-rpmlintrc": "bbc326925f8bf74488e45a4bcc342a57630587539dff87fae559d09e4abb963d",
    "nodejs24-libnode.changes": "ec41f866912d2dacfb1bc83347644c6dc959f5e016fc5626cbda927fd2355dbd",
    "nodejs24-libnode.spec": "091b6b6f58bdad1a5c4f479252be86d2c3f6e9347b322b45a9e890d05fe7c818",
    "nodejs24-localizationData-v77.1.json": "1d3db7f705c103d54b69cb61d3d2bc38ffc385b1015e18baa0c6c4423d16172b",
    "nodejs24-page-permissions-test.cc": "5e92696cfd5a0faf96dd91f2a1453933c5720efb8a2a956ae11181cd3c880632",
    "nodejs24-page-permissions.patch": "5074e5516d629fed1d02d99226f40f20bc736fbbad939032db7cbaefa2a2cc31",
    "nodejs24-platform-priority-test.cc": "0208f3a5fdf43a86132fbcaabf86a0deeec24adfa81b8c02d49fc3f2eeb66fb2",
    "nodejs24-platform-priority.patch": "accd471258a746f33f898b3e431e29f2c2a06b0a6e2e3ebef52d5a2ca9c7011a",
    "nodejs24-reschedule-end.patch": "8253516d2292f4d0dbb01c1f930cb67626edb06d021477e596378086379883f6",
    "nodejs24-reschedule-test.cc": "8f9e9e202eec3e8f4eb489b759329d6aafbd74a4078098b5aa1c663d3b5094b1",
    "nodejs24-reschedule-test.py": "b5b1a498db390f548e8a4919a2623190a4b56fb42089512b21de17507f2c5497",
    "nodejs24-rpm-symbols.py": "2a7006474f4c37ba78541ba60b740ece416c9657a37845b6af2994d2f2c7b90a",
    "nodejs24-sqlite-lengths.patch": "489ba8e751a69a0fdea9899161137c21eb5f7a88f91b35b571794d77891edb25",
    "nodejs24-sqlite-test.c": "6c089bd9472d439b0fd48507dee9104ba49ce8e610fdf2735d06aeb74e2153fe",
    "nodejs24-sqlite-types.patch": "e7d9ca1b24f52aeeabf2bc10ee8e0e0b713b5362b4b04085e79b7b7215e18bc9",
    "nodejs24-timezone-index-test.py": "0da2acad4c5ee388caa01e16dc5d97b89eeaabdcf632c1af7103f50b9a9b50ee",
    "nodejs24-timezone-index.patch": "4f1d1a81a4c2be50dec0144e2e2c007ba858df98ea407116ed22b46e52f3fb9d",
    "nodejs24-torque-abort-test.cc": "9a3ec3d8cc25ac4c2d64add5c36cd7d9b93dc3498d13f89c539be80fa602c491",
    "nodejs24-torque-handle-test.cc": "9e805ad1abc657fb0109966945bb76b0ece717f2dc6f2364bca54c5226476a68",
    "nodejs24-torque-prefix-test.cc": "8657a4c3bf5fe9392481ec5ce4f6beefd4894a4963c965cb4c00329c02deee6a",
    "nodejs24-torque-stack-test.cc": "b1a4808aaf71c318276b27e9ec8cd489fe623fd1cabeb0aaa55692388cf8e838",
    "nodejs24-v8-diagnostics.patch": "8a21c336414543eac539db92a4321a6ce9c7bb2bbe08b47502ce1df9abb99a51",
    "nodejs24-v8-return-paths.patch": "a6eae5bbb93a5a0507f51e64a974f0978fa80fb5c1bb5ddefae4c4a728909d78",
    "nodejs24-v8-source-comments.patch": "d65e1dedf01768514686c7fff308998d193de0c1127086f0249737029c6dcdb3",
    "nodejs24-wasm-deopt-metadata.patch": "af17e6613b5440f1a630920ea2fcd7adfc8fd0c9f3fdc04dcbf736b08827814a",
    "nodejs24-wasm-deopt-test.cc": "3878ac96e8638e70fbfecec97b72b50a8242a12bd08f91657fc03d453ce6e335",
    "nodejs24-wasm-deopt-test.py": "54f676495a87639b846ac09a67dc90af2413575f983f3cf1d5d91fb56e1e7cae",
    "nodejs24-wasm-deopt-tests.json": "9464e7f3099366777a006b57a7e1523ef464403674334b0ad7311c7b21efc16f",
    "nodejs24-zlib-cpu-declaration.patch": "255d5f530d6bc19cd6634837e77febb65cb04b984fa2684d43e6f25d97789d8d"
  }
}
