runtime-python-tests
QUnit Test "python test" v1.0
Running: python thread test
Success: python thread test: 4 assertions
Running: super test
Success: super test: 3 assertions
Running: java test
Skipped: java test: 0 assertions (no jni module)
2026-10-07 15:41:37.047982: Skip requested at /tmp/qore-python-rpm-_jr5wcgs/python.qtest:738 [PythonTest::javaTest()] <- /tmp/qore-python-rpm-_jr5wcgs/python.qtest:84 [PythonTest::constructor()]
-----
	>> no jni module
-----
Running: date range test
Success: date range test: 12 assertions
Running: java date constant test
Skipped: java date constant test: 0 assertions (no jni module)
2026-10-07 15:41:37.088085: Skip requested at /tmp/qore-python-rpm-_jr5wcgs/python.qtest:699 [PythonTest::javaDateConstantTest()] <- /tmp/qore-python-rpm-_jr5wcgs/python.qtest:84 [PythonTest::constructor()]
-----
	>> no jni module
-----
Running: exception test
Success: exception test: 3 assertions
Running: exception frame ownership
Success: exception frame ownership: 6 assertions
Running: qore test
Success: qore test: 4 assertions
Running: stack test
Success: stack test: 2 assertions
Running: thread test
Success: thread test: 7 assertions
Running: python callbacks
Success: python callbacks: 7 assertions
Running: indirect references
Success: indirect references: 4 assertions
Running: python import
Success: python import: 34 assertions
Running: object lifecycle
Success: object lifecycle: 4 assertions
Running: basic test
Success: basic test: 82 assertions
Running: Python call protocol
Success: Python call protocol: 4 assertions
Running: interpreter finalization
Success: interpreter finalization: 6 assertions
Running: interpreter finalization on another thread
Success: interpreter finalization on another thread: 4 assertions
Running: wrapper heap type references
Success: wrapper heap type references: 1 assertion
Running: object cleanup after another interpreter
Success: object cleanup after another interpreter: 2 assertions
Running: wrapper interpreter isolation
Success: wrapper interpreter isolation: 3 assertions
Running: objects crossing interpreter boundaries
Success: objects crossing interpreter boundaries: 5 assertions
Running: module spec failure recovery
Success: module spec failure recovery: 4 assertions
Running: references surviving interpreter finalization
Success: references surviving interpreter finalization: 5 assertions
Running: named argument calls
Success: named argument calls: 6 assertions
Running: import test
Success: import test: 15 assertions
Running: qoreloader shared namespace import
Success: qoreloader shared namespace import: 1 assertion
Running: qoreloader multi-namespace import
Success: qoreloader multi-namespace import: 2 assertions
Running: type conversion test
Success: type conversion test: 35 assertions
Running: sandbox interrupt test
Success: sandbox interrupt test: 5 assertions
Ran 30 test cases, 30 succeeded (270 assertions)
Standalone qoreloader counter, JSON and Python roundtrip PASS
Standalone callable shutdown ownership PASS
sdk-python-tests
QUnit Test "python test" v1.0
Running: python thread test
Success: python thread test: 4 assertions
Running: super test
Success: super test: 3 assertions
Running: java test
Skipped: java test: 0 assertions (no jni module)
2026-10-07 15:41:44.900135: Skip requested at /tmp/qore-python-rpm-37w6yoai/python.qtest:738 [PythonTest::javaTest()] <- /tmp/qore-python-rpm-37w6yoai/python.qtest:84 [PythonTest::constructor()]
-----
	>> no jni module
-----
Running: date range test
Success: date range test: 12 assertions
Running: java date constant test
Skipped: java date constant test: 0 assertions (no jni module)
2026-10-07 15:41:44.926414: Skip requested at /tmp/qore-python-rpm-37w6yoai/python.qtest:699 [PythonTest::javaDateConstantTest()] <- /tmp/qore-python-rpm-37w6yoai/python.qtest:84 [PythonTest::constructor()]
-----
	>> no jni module
-----
Running: exception test
Success: exception test: 3 assertions
Running: exception frame ownership
Success: exception frame ownership: 6 assertions
Running: qore test
Success: qore test: 4 assertions
Running: stack test
Success: stack test: 2 assertions
Running: thread test
Success: thread test: 7 assertions
Running: python callbacks
Success: python callbacks: 7 assertions
Running: indirect references
Success: indirect references: 4 assertions
Running: python import
Success: python import: 34 assertions
Running: object lifecycle
Success: object lifecycle: 4 assertions
Running: basic test
Success: basic test: 82 assertions
Running: Python call protocol
Success: Python call protocol: 4 assertions
Running: interpreter finalization
Success: interpreter finalization: 6 assertions
Running: interpreter finalization on another thread
Success: interpreter finalization on another thread: 4 assertions
Running: wrapper heap type references
Success: wrapper heap type references: 1 assertion
Running: object cleanup after another interpreter
Success: object cleanup after another interpreter: 2 assertions
Running: wrapper interpreter isolation
Success: wrapper interpreter isolation: 3 assertions
Running: objects crossing interpreter boundaries
Success: objects crossing interpreter boundaries: 5 assertions
Running: module spec failure recovery
Success: module spec failure recovery: 4 assertions
Running: references surviving interpreter finalization
Success: references surviving interpreter finalization: 5 assertions
Running: named argument calls
Success: named argument calls: 6 assertions
Running: import test
Success: import test: 15 assertions
Running: qoreloader shared namespace import
Success: qoreloader shared namespace import: 1 assertion
Running: qoreloader multi-namespace import
Success: qoreloader multi-namespace import: 2 assertions
Running: type conversion test
Success: type conversion test: 35 assertions
Running: sandbox interrupt test
Success: sandbox interrupt test: 5 assertions
Ran 30 test cases, 30 succeeded (270 assertions)
Standalone qoreloader counter, JSON and Python roundtrip PASS
Standalone callable shutdown ownership PASS
qcc: compilation (-O3): 18733 bytes for 1 Qore code variants (target: x86_64-redhat-linux-gnu): /tmp/qore-python-rpm-37w6yoai/python-smoke
