original OBS compile expectation passed
fixed OBS compile expectation passed
250000 page permission checks passed
Invalid pair rejected: ('-1', '0')
Invalid pair rejected: ('0', '-1')
Invalid pair rejected: ('5', '0')
Invalid pair rejected: ('0', '5')
Invalid pair rejected: ('255', '0')
Invalid pair rejected: ('0', '255')
Invalid pair rejected: ('256', '0')
Invalid pair rejected: ('0', '256')
Invalid pair rejected: ('2147483647', '0')
Invalid pair rejected: ('0', '2147483647')
Invalid pair rejected: ('-2147483648', '0')
Invalid pair rejected: ('0', '-2147483648')
CPU code unchanged and warning-free: generic
CPU code unchanged and warning-free: disabled
CPU code unchanged and warning-free: x86
40000 concurrent CPU detection checks passed
40000 concurrent CPU detection checks passed
250000 page permission checks passed
Permission and CPU controls pass
