==8== Memcheck, a memory error detector
==8== Copyright (C) 2002-2026, and GNU GPL'd, by Julian Seward et al.
==8== Using Valgrind-3.27.1 and LibVEX; rerun with -h for copyright info
==8== Command: qore -b --enable-debug -l /module/qore-zmq-module-1.2.0/build-debug/zmq-api-2.0.qmod /module/qore-zmq-module-1.2.0/test/zmq-sandbox-errors.qtest
==8== 
==8== 
==8== TO DEBUG THIS PROCESS USING GDB: start GDB like this
==8==   /path/to/gdb qore
==8== and then give GDB the following command
==8==   target remote | /usr/libexec/valgrind/../../bin/vgdb --vgdb-prefix=/work/vgdb-zmq3 --pid=8
==8== --pid is optional if only one valgrind process is running
==8== 
==8== Conditional jump or move depends on uninitialised value(s)
==8==    at 0x11B4C6C2: ???
==8==    by 0x1211911F: ???
==8==    by 0x1211911F: ???
==8==    by 0x1211915A: ???
==8==    by 0x1212048F: ???
==8==    by 0x1211911F: ???
==8==  Uninitialised value was created by a heap allocation
==8==    at 0x487DAE6: malloc (vg_replace_malloc.c:447)
==8==    by 0x4CD3E22: QoreString::QoreString(char const*, QoreEncoding const*) (in /usr/lib64/libqore.so.20.0.0)
==8==    by 0x4A9900D: QoreStringNode::QoreStringNode(char const*, QoreEncoding const*) (in /usr/lib64/libqore.so.20.0.0)
==8==    by 0x4D2DE84: ??? (in /usr/lib64/libqore.so.20.0.0)
==8==    by 0x4D2E491: ??? (in /usr/lib64/libqore.so.20.0.0)
==8==    by 0x4D2E6D2: ??? (in /usr/lib64/libqore.so.20.0.0)
==8==    by 0x4E1CB8D: ??? (in /usr/lib64/libqore.so.20.0.0)
==8==    by 0x49F6B12: ??? (in /usr/lib64/libqore.so.20.0.0)
==8==    by 0x4B087EE: ??? (in /usr/lib64/libqore.so.20.0.0)
==8==    by 0x503C6F9: ??? (in /usr/lib64/libqore.so.20.0.0)
==8==    by 0x50612D8: ??? (in /usr/lib64/libqore.so.20.0.0)
==8==    by 0x11B5C2FE: ??? (in /usr/lib64/qore-modules/3.0.0/QUnit.qmod)
==8== 
==8== (action on error) vgdb me ... 
==8== 
==8== TO DEBUG THIS PROCESS USING GDB: start GDB like this
==8==   /path/to/gdb qore
==8== and then give GDB the following command
==8==   target remote | /usr/libexec/valgrind/../../bin/vgdb --vgdb-prefix=/work/vgdb-zmq3 --pid=8
==8== --pid is optional if only one valgrind process is running
==8== 
==8== Continuing ...
QUnit Test "ZeroMQ sandbox error ownership" v1.0
Ran 7 test cases, 7 succeeded (1021 assertions)
==8== 
==8== HEAP SUMMARY:
==8==     in use at exit: 516,402 bytes in 5,981 blocks
==8==   total heap usage: 842,303 allocs, 836,322 frees, 58,038,220 bytes allocated
==8== 
==8== For a detailed leak analysis, rerun with: --leak-check=full
==8== 
==8== For lists of detected and suppressed errors, rerun with: -s
==8== ERROR SUMMARY: 1 errors from 1 contexts (suppressed: 0 from 0)
