==13== Memcheck, a memory error detector
==13== Copyright (C) 2002-2026, and GNU GPL'd, by Julian Seward et al.
==13== Using Valgrind-3.27.1 and LibVEX; rerun with -h for copyright info
==13== Command: ./pcre-control
==13== Parent PID: 7
==13== 
==13== Conditional jump or move depends on uninitialised value(s)
==13==    at 0x4F24E8A: ???
==13==    by 0x4B1747F: ???
==13==  Uninitialised value was created by a heap allocation
==13==    at 0x4841AE6: malloc (vg_replace_malloc.c:447)
==13==    by 0x4004C3: main (pcre-control.c:18)
==13== 
==13== Conditional jump or move depends on uninitialised value(s)
==13==    at 0x4F24E8A: ???
==13==    by 0x4B17540: ???
==13==  Uninitialised value was created by a heap allocation
==13==    at 0x4841AE6: malloc (vg_replace_malloc.c:447)
==13==    by 0x4004C3: main (pcre-control.c:18)
==13== 
==13== Conditional jump or move depends on uninitialised value(s)
==13==    at 0x4F24E8A: ???
==13==    by 0x4B17601: ???
==13==  Uninitialised value was created by a heap allocation
==13==    at 0x4841AE6: malloc (vg_replace_malloc.c:447)
==13==    by 0x4004C3: main (pcre-control.c:18)
==13== 
==13== Conditional jump or move depends on uninitialised value(s)
==13==    at 0x4F24E8A: ???
==13==    by 0x4B176C2: ???
==13==  Uninitialised value was created by a heap allocation
==13==    at 0x4841AE6: malloc (vg_replace_malloc.c:447)
==13==    by 0x4004C3: main (pcre-control.c:18)
==13== 
==13== Conditional jump or move depends on uninitialised value(s)
==13==    at 0x4F24E8A: ???
==13==    by 0x4B17783: ???
==13==  Uninitialised value was created by a heap allocation
==13==    at 0x4841AE6: malloc (vg_replace_malloc.c:447)
==13==    by 0x4004C3: main (pcre-control.c:18)
==13== 
==13== Conditional jump or move depends on uninitialised value(s)
==13==    at 0x4F24E8A: ???
==13==    by 0x4B17844: ???
==13==  Uninitialised value was created by a heap allocation
==13==    at 0x4841AE6: malloc (vg_replace_malloc.c:447)
==13==    by 0x4004C3: main (pcre-control.c:18)
==13== 
==13== Conditional jump or move depends on uninitialised value(s)
==13==    at 0x4F24EAC: ???
==13==    by 0x4B17A87: ???
==13==  Uninitialised value was created by a heap allocation
==13==    at 0x4841AE6: malloc (vg_replace_malloc.c:447)
==13==    by 0x4004C3: main (pcre-control.c:18)
==13== 
==13== Conditional jump or move depends on uninitialised value(s)
==13==    at 0x4F24EAC: ???
==13==    by 0x4B17B48: ???
==13==  Uninitialised value was created by a heap allocation
==13==    at 0x4841AE6: malloc (vg_replace_malloc.c:447)
==13==    by 0x4004C3: main (pcre-control.c:18)
==13== 
==13== Conditional jump or move depends on uninitialised value(s)
==13==    at 0x4F24EAC: ???
==13==    by 0x4B17C09: ???
==13==  Uninitialised value was created by a heap allocation
==13==    at 0x4841AE6: malloc (vg_replace_malloc.c:447)
==13==    by 0x4004C3: main (pcre-control.c:18)
==13== 
==13== Conditional jump or move depends on uninitialised value(s)
==13==    at 0x4F24EAC: ???
==13==    by 0x4B17CCA: ???
==13==  Uninitialised value was created by a heap allocation
==13==    at 0x4841AE6: malloc (vg_replace_malloc.c:447)
==13==    by 0x4004C3: main (pcre-control.c:18)
==13== 
==13== Conditional jump or move depends on uninitialised value(s)
==13==    at 0x4F24E8A: ???
==13==    by 0x4B17D8B: ???
==13==  Uninitialised value was created by a heap allocation
==13==    at 0x4841AE6: malloc (vg_replace_malloc.c:447)
==13==    by 0x4004C3: main (pcre-control.c:18)
==13== 
==13== Conditional jump or move depends on uninitialised value(s)
==13==    at 0x4F24E8A: ???
==13==    by 0x4B17E4C: ???
==13==  Uninitialised value was created by a heap allocation
==13==    at 0x4841AE6: malloc (vg_replace_malloc.c:447)
==13==    by 0x4004C3: main (pcre-control.c:18)
==13== 
==13== Conditional jump or move depends on uninitialised value(s)
==13==    at 0x4F24E8A: ???
==13==    by 0x4B17F0D: ???
==13==  Uninitialised value was created by a heap allocation
==13==    at 0x4841AE6: malloc (vg_replace_malloc.c:447)
==13==    by 0x4004C3: main (pcre-control.c:18)
==13== 
==13== Conditional jump or move depends on uninitialised value(s)
==13==    at 0x4F24E8A: ???
==13==    by 0x4B17FCE: ???
==13==  Uninitialised value was created by a heap allocation
==13==    at 0x4841AE6: malloc (vg_replace_malloc.c:447)
==13==    by 0x4004C3: main (pcre-control.c:18)
==13== 
==13== 
==13== HEAP SUMMARY:
==13==     in use at exit: 0 bytes in 0 blocks
==13==   total heap usage: 24 allocs, 24 frees, 14,938 bytes allocated
==13== 
==13== All heap blocks were freed -- no leaks are possible
==13== 
==13== For lists of detected and suppressed errors, rerun with: -s
==13== ERROR SUMMARY: 3584 errors from 14 contexts (suppressed: 0 from 0)
