patching file logger/syslog.go
patching file logger/syslog_test.go
patching file test/log_test.go
patching file server/jetstream_batching_test.go
Hunk #2 succeeded at 3124 (offset 283 lines).
Hunk #3 succeeded at 4021 (offset 283 lines).
patching file server/jetstream_test.go
Hunk #1 succeeded at 11224 (offset 1120 lines).
Hunk #2 succeeded at 22237 (offset 1247 lines).
patching file server/jetstream_replica_fixture_test.go
patching file server/jetstream_cluster_3_test.go
Hunk #1 succeeded at 6851 (offset -60 lines).
patching file server/jetstream_helpers_test.go
Hunk #1 succeeded at 1566 (offset 85 lines).
patching file server/jetstream_cluster_4_test.go
patching file server/jetstream_election_fixture_test.go
patching file server/jetstream_test.go
Hunk #1 succeeded at 12659 (offset 1124 lines).
patching file server/jetstream_test.go
Hunk #1 succeeded at 20426 (offset 1277 lines).
Hunk #2 succeeded at 20484 (offset 1277 lines).
Hunk #3 succeeded at 20505 (offset 1277 lines).
patching file server/jetstream_batching_test.go
Hunk #1 succeeded at 3866 (offset 297 lines).
Hunk #2 succeeded at 4341 (offset 305 lines).
patching file server/rpm_route_interest_test.go
patching file server/jetstream_test.go
Hunk #1 succeeded at 5308 (offset 813 lines).
patching file server/auth_callout_test.go
patching file server/jetstream_cluster_1_test.go
Hunk #1 succeeded at 12449 (offset 2003 lines).
patching file server/norace_1_test.go
Hunk #1 succeeded at 7769 (offset 4 lines).
patching file server/raft_test.go
Hunk #1 succeeded at 1114 (offset 88 lines).
patching file server/sublist.go
patching file server/rpm_sublist_notification_test.go
patching file server/jetstream_cluster_2_test.go
Hunk #1 succeeded at 5301 (offset 104 lines).
Hunk #2 succeeded at 5329 (offset 104 lines).
patching file server/jetstream_batching_test.go
Hunk #1 succeeded at 4122 (offset 172 lines).
patching file server/websocket_test.go
patching file server/jetstream_cluster_2_test.go
Hunk #1 succeeded at 9419 (offset 343 lines).
Hunk #2 succeeded at 9448 (offset 343 lines).
Hunk #3 succeeded at 9468 (offset 343 lines).
Hunk #4 succeeded at 9494 (offset 343 lines).
patching file server/jetstream_cluster_1_test.go
Hunk #1 succeeded at 2913 (offset 8 lines).
Hunk #2 succeeded at 3000 (offset 8 lines).
Hunk #3 succeeded at 3028 (offset 8 lines).
patching file server/jetstream_cluster_4_test.go
patching file server/jetstream_cluster_1_test.go
Hunk #1 succeeded at 14951 (offset 2432 lines).
patching file server/rpm_route_interest_test.go
patching file server/client.go
Hunk #3 succeeded at 1481 (offset 1 line).
Hunk #4 succeeded at 1763 (offset 1 line).
Hunk #5 succeeded at 2084 (offset 15 lines).
Hunk #6 succeeded at 6044 (offset 14 lines).
Hunk #7 succeeded at 6099 (offset 14 lines).
patching file server/client_test.go
Hunk #1 succeeded at 5024 (offset 76 lines).
patching file server/jetstream_test.go
Hunk #1 succeeded at 2410 (offset 3 lines).
patching file server/jetstream_batching_test.go
Hunk #2 succeeded at 4464 (offset 13 lines).
patching file server/jetstream_test.go
Hunk #1 succeeded at 17072 (offset 1126 lines).
Hunk #2 succeeded at 17084 (offset 1126 lines).
Hunk #3 succeeded at 17124 (offset 1126 lines).
Hunk #4 succeeded at 17154 (offset 1126 lines).
patching file server/jetstream_consumer_test.go
Hunk #2 succeeded at 13732 (offset 45 lines).
patching file server/leafnode_test.go
Hunk #3 succeeded at 9437 (offset 89 lines).
patching file server/jetstream_test.go
Hunk #1 succeeded at 17473 (offset 1124 lines).
Hunk #2 succeeded at 17506 (offset 1124 lines).
patching file server/jetstream_batching_test.go
patching file server/jetstream_test.go
Hunk #1 succeeded at 18804 (offset 1135 lines).
Hunk #2 succeeded at 18829 (offset 1135 lines).
Hunk #3 succeeded at 18875 (offset 1135 lines).
Hunk #4 succeeded at 18893 (offset 1135 lines).
Hunk #5 succeeded at 18905 (offset 1135 lines).
patching file server/norace_2_test.go
patching file server/accounts_test.go
patching file server/gateway_test.go
patching file test/new_routes_test.go
Hunk #1 succeeded at 1754 (offset 181 lines).
Hunk #2 succeeded at 1788 (offset 181 lines).
patching file server/client.go
Hunk #1 succeeded at 2847 (offset 15 lines).
Hunk #2 succeeded at 2873 (offset 15 lines).
patching file server/routes_test.go
Hunk #1 succeeded at 5815 (offset 6 lines).
patching file server/routes_test.go
Hunk #1 succeeded at 4937 (offset 6 lines).
Hunk #2 succeeded at 5890 (offset -249 lines).
patching file server/auth_callout_test.go
patching file server/websocket_test.go
patching file server/routes_test.go
Hunk #1 succeeded at 4674 (offset 6 lines).
patching file server/leafnode_test.go
Hunk #1 succeeded at 8822 (offset 89 lines).
Hunk #2 succeeded at 8845 (offset 89 lines).
patching file server/consumer.go
Hunk #1 succeeded at 2687 (offset 54 lines).
patching file server/jetstream_resume_fixture_test.go
patching file server/jetstream_replica_fixture_test.go
patching file server/mqtt_test.go
Hunk #1 succeeded at 9497 (offset 1 line).
Hunk #2 succeeded at 9606 (offset 1 line).
Hunk #3 succeeded at 9645 (offset 1 line).
patching file server/jetstream_cluster_3_test.go
Hunk #1 succeeded at 7544 (offset -56 lines).
Hunk #2 succeeded at 7622 (offset -53 lines).
patching file server/jetstream_cluster_1_test.go
Hunk #2 succeeded at 10417 (offset 1889 lines).
patching file server/jetstream_cluster_3_test.go
Hunk #1 succeeded at 595 (offset 1 line).
Hunk #2 succeeded at 3185 (offset 10 lines).
patching file server/leafnode_test.go
Hunk #1 succeeded at 11591 (offset 89 lines).
Hunk #2 succeeded at 11690 (offset 89 lines).
Hunk #3 succeeded at 11797 (offset 89 lines).
patching file server/pse/pse_linux.go
patching file server/pse/pse_test.go
patching file server/pse/pse_linux_test.go
patching file server/pse/pse_cpu_other_test.go
patching file server/norace_1_test.go
Hunk #1 succeeded at 5930 (offset 2 lines).
Hunk #2 succeeded at 5960 (offset 2 lines).
patching file server/norace_2_test.go
patching file test/ocsp_peer_test.go
patching file test/ocsp_test.go
patching file server/jetstream_batching_test.go
patching file server/jetstream_test.go
Hunk #1 succeeded at 21038 (offset 1247 lines).
Hunk #2 succeeded at 21053 (offset 1247 lines).
patching file server/jetstream_cluster_4_test.go
Hunk #7 succeeded at 7746 (offset -23 lines).
Hunk #8 succeeded at 7844 (offset -23 lines).
Hunk #9 succeeded at 7880 (offset -23 lines).
Hunk #10 succeeded at 7992 (offset -23 lines).
patching file server/gateway_test.go
patching file server/sublist.go
patching file server/sublist_test.go
patching file server/leafnode_test.go
Hunk #1 succeeded at 5248 (offset 89 lines).
patching file server/jetstream_cluster.go
patching file server/jetstream_cluster_2_test.go
patching file server/jetstream_helpers_test.go
patching file server/jetstream_cluster_1_test.go
patching file server/mqtt.go
patching file server/mqtt_test.go
patching file server/route.go
patching file server/server.go
patching file server/routes_test.go
patching file server/route.go
patching file server/client.go
patching file server/routes_test.go
patching file server/filestore.go
patching file server/filestore_test.go
patching file server/jetstream_cluster_4_test.go
patching file server/jwt_test.go
patching file server/jetstream_cluster_1_test.go
patching file server/jetstream_cluster_3_test.go
patching file server/jetstream_api.go
patching file server/jetstream_cluster_4_test.go
patching file server/mqtt_test.go
patching file server/norace_1_test.go
patching file server/accounts_test.go
patching file test/services_test.go
patching file test/gateway_test.go
patching file server/raft.go
patching file server/jetstream_replica_fixture_test.go
patching file server/jetstream_cluster_2_test.go
patching file server/jetstream_cluster_3_test.go
patching file server/jetstream_cluster_4_test.go
patching file server/jetstream_super_cluster_test.go
patching file server/jetstream_batching_test.go
patching file server/mqtt_test.go
patching file server/leafnode.go
patching file server/leafnode_proxy_test.go
patching file server/auth_callout_test.go
patching file server/accounts.go
patching file server/events_test.go
patching file server/accounts_test.go
patching file server/routes_test.go
patching file server/sublist.go
patching file server/leafnode_test.go
patching file server/jetstream_consumer_test.go
patching file server/jetstream_cluster_3_test.go
patching file server/jetstream_cluster_4_test.go
patching file server/rpm_route_interest_test.go
patching file server/mqtt_test.go
patching file server/msgtrace_test.go
patching file test/ocsp_peer_test.go
patching file server/jetstream_cluster_1_test.go
patching file server/norace_1_test.go
patching file server/gateway_test.go
patching file server/jetstream_cluster_1_test.go
patching file server/jetstream_cluster_1_test.go
patching file server/jetstream_batching_test.go
patching file server/client_test.go
patching file server/norace_2_test.go
patching file server/jetstream_consumer_test.go
patching file test/leafnode_test.go
patching file test/ocsp_peer_test.go
patching file server/jetstream_test.go
patching file server/mqtt_test.go
patching file server/jetstream_super_cluster_test.go
patching file server/jetstream_super_cluster_test.go
patching file server/msgtrace.go
patching file server/msgtrace_test.go
patching file server/jetstream_cluster_2_test.go
patching file server/jetstream_cluster_3_test.go
patching file server/mqtt.go
patching file server/mqtt_migration_test.go
patching file test/service_latency_test.go
patching file test/ocsp_peer_test.go
patching file test/leafnode_test.go
patching file server/jetstream_api.go
patching file server/jetstream_cluster_1_test.go
patching file server/jwt_test.go
patching file server/jetstream_cluster_1_test.go
patching file server/memstore.go
patching file server/memstore_test.go
patching file server/jetstream_api.go
patching file server/jetstream_cluster_1_test.go
patching file server/jetstream_cluster_2_test.go
patching file server/routes_test.go
patching file server/jetstream_cluster_4_test.go
patching file server/norace_1_test.go
patching file server/jetstream_helpers_test.go
patching file server/norace_1_test.go
patching file server/jetstream_cluster_4_test.go
patching file test/ocsp_peer_test.go
patching file server/jetstream_cluster_3_test.go
patching file server/server_test.go
patching file server/dirstore.go
patching file server/dirstore_test.go
patching file server/jetstream_cluster_4_test.go
patching file server/jetstream_batching_test.go
patching file server/jetstream_test.go
patching file server/jetstream_consumer_test.go
patching file server/jetstream_cluster_3_test.go
patching file server/jetstream_cluster_1_test.go
patching file server/jetstream_cluster_2_test.go
patching file server/norace_1_test.go
