A    /tmp/qore-obs-upload-isrrg8cc/package
/tmp/qore-obs-upload-isrrg8cc/package/.osc/sources/apache-arrow-25.0.1.tar.gz
A    /tmp/qore-obs-upload-isrrg8cc/package/apache-arrow-25.0.1.tar.gz
/tmp/qore-obs-upload-isrrg8cc/package/.osc/sources/arrow-testing-9ff285c88565f0f6abc855918c6a342e70e4909c.tar.gz
A    /tmp/qore-obs-upload-isrrg8cc/package/arrow-testing-9ff285c88565f0f6abc855918c6a342e70e4909c.tar.gz
/tmp/qore-obs-upload-isrrg8cc/package/.osc/sources/parquet-testing-e74785d85a4ecee829e1e405444d6a1b24b8bc9c.tar.gz
A    /tmp/qore-obs-upload-isrrg8cc/package/parquet-testing-e74785d85a4ecee829e1e405444d6a1b24b8bc9c.tar.gz
/tmp/qore-obs-upload-isrrg8cc/package/.osc/sources/pyarrow-rank-test-deprecation.patch
A    /tmp/qore-obs-upload-isrrg8cc/package/pyarrow-rank-test-deprecation.patch
/tmp/qore-obs-upload-isrrg8cc/package/.osc/sources/pyarrow-runtime-test.py
A    /tmp/qore-obs-upload-isrrg8cc/package/pyarrow-runtime-test.py
/tmp/qore-obs-upload-isrrg8cc/package/.osc/sources/pyarrow-unused-libcst-build-requirement.patch
A    /tmp/qore-obs-upload-isrrg8cc/package/pyarrow-unused-libcst-build-requirement.patch
/tmp/qore-obs-upload-isrrg8cc/package/.osc/sources/python-pyarrow.changes
A    /tmp/qore-obs-upload-isrrg8cc/package/python-pyarrow.changes
/tmp/qore-obs-upload-isrrg8cc/package/.osc/sources/python-pyarrow.spec
A    /tmp/qore-obs-upload-isrrg8cc/package/python-pyarrow.spec
/tmp/qore-obs-upload-isrrg8cc/package/.osc/sources/source-manifest.json
A    /tmp/qore-obs-upload-isrrg8cc/package/source-manifest.json
At revision 1.
Sending    python-pyarrow.changes
Sending    python-pyarrow.spec
Sending    source-manifest.json
Transmitting file data ...
Committed revision 2.
{
  "project": "home:davidnichols:qore:testing",
  "package": "python-pyarrow",
  "commit": "08f280171d7a24e04989a5e7b54c96ac3d779082",
  "sources": {
    "apache-arrow-25.0.1.tar.gz": "43d5de0a581f43cf63a2c06b4dcf13b9ff6fcd800f023324596e5781093bc500",
    "arrow-testing-9ff285c88565f0f6abc855918c6a342e70e4909c.tar.gz": "507609ccd0912a111f2ee89d108176baded8c8f22fd845c1686d7ddd462c3510",
    "parquet-testing-e74785d85a4ecee829e1e405444d6a1b24b8bc9c.tar.gz": "6b3d9c1d9b9f059cf3b84b10af2b8a861db167f7809ecef555e610d26fd16433",
    "pyarrow-rank-test-deprecation.patch": "41855ae51995ee5dbd3fe08cac7426da6d13fd92fcc56ee691e3bbb958a5a761",
    "pyarrow-runtime-test.py": "533964919eaba99fd2887fd62b0dba209468fbed7e26dd933de0a66456c45363",
    "pyarrow-unused-libcst-build-requirement.patch": "a0e246c03dfe0e3226f82107700dcf1cccc91325b79ef551d495071002273041",
    "python-pyarrow.changes": "f7c593fd8356c0b524856faf4107a82ef750a4f7e358d5092dfcd757f01ee7ed",
    "python-pyarrow.spec": "d9932749c04416e418ce101f896eaf94c9744b90b06f9cf6ad1b03a9711d3b6f"
  }
}
