-- Could NOT find Java (missing: Java_JAVA_EXECUTABLE Java_JAR_EXECUTABLE Java_JAVAC_EXECUTABLE Java_JAVAH_EXECUTABLE Java_JAVADOC_EXECUTABLE) 
-- Found POSIX Threads: TRUE
-- Found LLVM 22.1.8
-- LLVM_INCLUDE_DIRS=/usr/include
-- Found llvm-objcopy: /usr/bin/llvm-objcopy
-- LLVM_LIBS=/usr/lib64/libLLVM-22.so
-- LLVM library directory: /usr/lib64
-- Found ICU
-- Found system c-ares: 1.34.8
-- Found Kerberos 5 / GSSAPI: -L/usr/lib64;-lgssapi_krb5;-lkrb5;-lk5crypto;-lcom_err
-- Found Brotli: 1.2.0
-- Found Zstandard: /usr/lib64/libzstd.so (1.5.7)
-- Found LZ4: 1.10.0
-- Found liburing: 2.13
-- io_uring support enabled
-- Found system nghttp2: 1.70.0
-- Found system ngtcp2: 1.25.0
-- Found system ngtcp2_crypto_ossl: 1.25.0
-- Found system nghttp3: 1.18.0
-- C++ atomics provided at compile time
-- Looking for library containing setsockopt
-- Found setsockopt in the implicitly linked libs
-- Looking for library containing gethostbyname
-- Found gethostbyname in the implicitly linked libs
-- Looking for library containing clock_gettime
-- Found clock_gettime in the implicitly linked libs
-- Looking for strerror_r
-- Looking for strerror_r - found
-- Looking for pthread_setname_np()
-- Checking location of STL unordered_map
-- STL unordered_map found: std_unordered_map
-- Checking location of STL slist
-- STL slist found: ext_slist
-- Generating unix-config.h
-- Generating qore-version.h
-- Generating QoreConfigVersion.cmake
-- Generating QoreConfig.cmake
-- Generating qore.pc
-- 
-- Tarball creation target: make dist
-- 
-- Preparing Doxyfile for library
-- Preparing Doxyfile for lang (initial pass, without module tags)
-- Found tree-sitter: 0.26.13
-- 
-- Module astparser documentation target: make docs
-- 
-- 
-- Module avro documentation target: make docs
-- 
-- 
-- Module reflection documentation target: make docs
-- 
-- 
-- Module logger_bin documentation target: make docs
-- 
-- 
-- Module linenoise documentation target: make docs
-- 
-- ICU found - building i18n module
-- 
-- Module i18n documentation target: make docs
-- 
-- 
-- Module json documentation target: make docs
-- 
-- 
-- Module yaml documentation target: make docs
-- 
-- 
-- Module krb5 uninstall target: make uninstall
-- 
-- 
-- Module krb5 documentation target: make docs
-- 
-- Checking for module 'mongoc2'
--   Package 'mongoc2' not found
-- Checking for module 'bson2'
--   Package 'bson2' not found
-- Checking for module 'libmongoc-1.0'
--   Found libmongoc-1.0, version 1.30.11
-- Checking for module 'libbson-1.0'
--   Found libbson-1.0, version 1.30.11
-- 
-- Module mongodb documentation target: make docs
-- 
-- ONNX Runtime found - building with ONNX model support
-- CUDA runtime not found - ONNX CUDA device outputs will be unavailable
-- 
-- Module ml documentation target: make docs
-- 
-- utf8proc found - building tokenizer module
-- 
-- Module tokenizer documentation target: make docs
-- 
-- tesseract + leptonica found - building ocr module
-- 
-- Module ocr documentation target: make docs
-- 
-- Found system Apache Arrow 23.0.1 / Parquet 23.0.1
-- 
-- Module dataframe documentation target: make docs
-- 
-- 
-- Module sshutil documentation target: make docs
-- 
-- 
-- Module protobuf documentation target: make docs
-- 
-- Configuring Doxyfile for lang final pass with module cross-references
-- 
-- Implicit link libraries and flags detected for C++: stdc++;m;gcc_s;gcc;atomic_asneeded;c;gcc_s;gcc
-- 
-- -----------------------------
-- System: Linux-7.2.5-200.fc44.x86_64
-- Build type: Release
-- Prefix: /usr
-- C Compiler: /usr/bin/cc - GNU - 16.2.1
-- C Flags:  -fno-strict-aliasing
-- C Flags debug: -g
-- C Flags release: -DNDEBUG
-- C Flags reldeb: -O2 -g -DNDEBUG
-- CXX Compiler: /usr/bin/c++ - GNU - 16.2.1
-- CXX Flags: -fno-strict-aliasing -std=c++20
-- CXX Flags debug: -g
-- CXX Flags release: -DNDEBUG
-- CXX Flags reldeb: -O2 -g -DNDEBUG
-- -----------------------------
-- 
-- Configuring done (19.8s)
-- Generating done (1.9s)
-- Build files have been written to: /work/build
-- ICONV_LIBRARY_TYPE is libc
