==13== Memcheck, a memory error detector
==13== Copyright (C) 2002-2024, and GNU GPL'd, by Julian Seward et al.
==13== Using Valgrind-3.26.0 and LibVEX; rerun with -h for copyright info
==13== Command: /fixture/pcre-control
==13== Parent PID: 7
==13== 
==13== Conditional jump or move depends on uninitialised value(s)
==13==    at 0x4EEFE7B: ???
==13==    by 0x4AE249F: ???
==13==  Uninitialised value was created by a heap allocation
==13==    at 0x484387E: malloc (vg_replace_malloc.c:447)
==13==    by 0x401169: main (pcre-control.c:18)
==13== 
==13== Conditional jump or move depends on uninitialised value(s)
==13==    at 0x4EEFE7B: ???
==13==    by 0x4AE2560: ???
==13==  Uninitialised value was created by a heap allocation
==13==    at 0x484387E: malloc (vg_replace_malloc.c:447)
==13==    by 0x401169: main (pcre-control.c:18)
==13== 
==13== Conditional jump or move depends on uninitialised value(s)
==13==    at 0x4EEFE9D: ???
==13==    by 0x4AE27A3: ???
==13==  Uninitialised value was created by a heap allocation
==13==    at 0x484387E: malloc (vg_replace_malloc.c:447)
==13==    by 0x401169: main (pcre-control.c:18)
==13== 
==13== Conditional jump or move depends on uninitialised value(s)
==13==    at 0x4EEFE9D: ???
==13==    by 0x4AE2864: ???
==13==  Uninitialised value was created by a heap allocation
==13==    at 0x484387E: malloc (vg_replace_malloc.c:447)
==13==    by 0x401169: main (pcre-control.c:18)
==13== 
==13== Conditional jump or move depends on uninitialised value(s)
==13==    at 0x4EEFE9D: ???
==13==    by 0x4AE2925: ???
==13==  Uninitialised value was created by a heap allocation
==13==    at 0x484387E: malloc (vg_replace_malloc.c:447)
==13==    by 0x401169: main (pcre-control.c:18)
==13== 
==13== Conditional jump or move depends on uninitialised value(s)
==13==    at 0x4EEFE9D: ???
==13==    by 0x4AE29E6: ???
==13==  Uninitialised value was created by a heap allocation
==13==    at 0x484387E: malloc (vg_replace_malloc.c:447)
==13==    by 0x401169: main (pcre-control.c:18)
==13== 
==13== Conditional jump or move depends on uninitialised value(s)
==13==    at 0x4EEFE7B: ???
==13==    by 0x4AE2AA7: ???
==13==  Uninitialised value was created by a heap allocation
==13==    at 0x484387E: malloc (vg_replace_malloc.c:447)
==13==    by 0x401169: main (pcre-control.c:18)
==13== 
==13== Conditional jump or move depends on uninitialised value(s)
==13==    at 0x4EEFE7B: ???
==13==    by 0x4AE2B68: ???
==13==  Uninitialised value was created by a heap allocation
==13==    at 0x484387E: malloc (vg_replace_malloc.c:447)
==13==    by 0x401169: main (pcre-control.c:18)
==13== 
==13== Conditional jump or move depends on uninitialised value(s)
==13==    at 0x4EEFE7B: ???
==13==    by 0x4AE2C29: ???
==13==  Uninitialised value was created by a heap allocation
==13==    at 0x484387E: malloc (vg_replace_malloc.c:447)
==13==    by 0x401169: main (pcre-control.c:18)
==13== 
==13== Conditional jump or move depends on uninitialised value(s)
==13==    at 0x4EEFE7B: ???
==13==    by 0x4AE2CEA: ???
==13==  Uninitialised value was created by a heap allocation
==13==    at 0x484387E: malloc (vg_replace_malloc.c:447)
==13==    by 0x401169: main (pcre-control.c:18)
==13== 
==13== Conditional jump or move depends on uninitialised value(s)
==13==    at 0x4EEFE7B: ???
==13==    by 0x4AE2DAB: ???
==13==  Uninitialised value was created by a heap allocation
==13==    at 0x484387E: malloc (vg_replace_malloc.c:447)
==13==    by 0x401169: main (pcre-control.c:18)
==13== 
==13== Conditional jump or move depends on uninitialised value(s)
==13==    at 0x4EEFE7B: ???
==13==    by 0x4AE2E6C: ???
==13==  Uninitialised value was created by a heap allocation
==13==    at 0x484387E: malloc (vg_replace_malloc.c:447)
==13==    by 0x401169: main (pcre-control.c:18)
==13== 
==13== Conditional jump or move depends on uninitialised value(s)
==13==    at 0x4EEFE7B: ???
==13==    by 0x4AE2F2D: ???
==13==  Uninitialised value was created by a heap allocation
==13==    at 0x484387E: malloc (vg_replace_malloc.c:447)
==13==    by 0x401169: main (pcre-control.c:18)
==13== 
==13== Conditional jump or move depends on uninitialised value(s)
==13==    at 0x4EEFE7B: ???
==13==    by 0x4AE2FEE: ???
==13==  Uninitialised value was created by a heap allocation
==13==    at 0x484387E: malloc (vg_replace_malloc.c:447)
==13==    by 0x401169: main (pcre-control.c:18)
==13== 
==13== 
==13== HEAP SUMMARY:
==13==     in use at exit: 0 bytes in 0 blocks
==13==   total heap usage: 25 allocs, 25 frees, 14,891 bytes allocated
==13== 
==13== All heap blocks were freed -- no leaks are possible
==13== 
==13== For lists of detected and suppressed errors, rerun with: -s
==13== ERROR SUMMARY: 3584 errors from 14 contexts (suppressed: 0 from 0)
