A    /tmp/qore-obs-upload-vgb01xx5/package
/tmp/qore-obs-upload-vgb01xx5/package/.osc/sources/qore-proj-module-1.1.0.tar.xz
A    /tmp/qore-obs-upload-vgb01xx5/package/qore-proj-module-1.1.0.tar.xz
/tmp/qore-obs-upload-vgb01xx5/package/.osc/sources/qore-proj-module.spec
A    /tmp/qore-obs-upload-vgb01xx5/package/qore-proj-module.spec
/tmp/qore-obs-upload-vgb01xx5/package/.osc/sources/source-manifest.json
A    /tmp/qore-obs-upload-vgb01xx5/package/source-manifest.json
At revision 6.
A    qore-proj-module.changes
Sending    qore-proj-module-1.1.0.tar.xz
Sending    qore-proj-module.spec
Sending    source-manifest.json
Sending    qore-proj-module.changes
Transmitting file data ....
Committed revision 7.
{
  "project": "home:davidnichols:qore:testing",
  "package": "qore-proj-module",
  "commit": "11a25dddab26ce88dfd27d4a6d3b0e2762ee81fa",
  "sources": {
    "qore-proj-module-1.1.0.tar.xz": "09a8b21da9b96f1af470af2ff1d1d3753fd84b7088e9f990e8391405b2db349e",
    "qore-proj-module.spec": "092d4a5b4c3cfd0b829b74a02b39364346d48ae2020894539c5b9ef5b8eac1bf",
    "qore-proj-module.changes": "8c4c8cbf9ac1a6024fed5f72c5693489a36978e296013dd2b7f68a9335f65540"
  }
}
