A    /tmp/qore-obs-upload-67kw1n8a/package
/tmp/qore-obs-upload-67kw1n8a/package/.osc/sources/qore-ssh2-module-2.0.0.tar.xz
A    /tmp/qore-obs-upload-67kw1n8a/package/qore-ssh2-module-2.0.0.tar.xz
/tmp/qore-obs-upload-67kw1n8a/package/.osc/sources/qore-ssh2-module.spec
A    /tmp/qore-obs-upload-67kw1n8a/package/qore-ssh2-module.spec
/tmp/qore-obs-upload-67kw1n8a/package/.osc/sources/source-manifest.json
A    /tmp/qore-obs-upload-67kw1n8a/package/source-manifest.json
At revision 1.
A    qore-ssh2-module.changes
Sending    qore-ssh2-module-2.0.0.tar.xz
Sending    qore-ssh2-module.spec
Sending    source-manifest.json
Sending    qore-ssh2-module.changes
Transmitting file data ....
Committed revision 2.
{
  "project": "home:davidnichols:qore:testing",
  "package": "qore-ssh2-module",
  "commit": "54223f78d9f70e657e2df7a582fb46f562ea62d2",
  "sources": {
    "qore-ssh2-module-2.0.0.tar.xz": "f21bdec374f4d96ebb29779e04a0a761957c50bc98e4e979a625e6c08de0f7b3",
    "qore-ssh2-module.spec": "739222292e59575ed18bbea9f97ee99eb2218e39b4cfd4f8c23e5143e962ee1f",
    "qore-ssh2-module.changes": "efe17d64afcdeda7897f268a12990d31f76ba9e5dccf2ea24fd0cbe2ab5f644b"
  }
}
