A    /tmp/qore-obs-upload-it_j1v8b/package
/tmp/qore-obs-upload-it_j1v8b/package/.osc/sources/qore-grpc-module-1.0.0.tar.xz
A    /tmp/qore-obs-upload-it_j1v8b/package/qore-grpc-module-1.0.0.tar.xz
/tmp/qore-obs-upload-it_j1v8b/package/.osc/sources/qore-grpc-module.changes
A    /tmp/qore-obs-upload-it_j1v8b/package/qore-grpc-module.changes
/tmp/qore-obs-upload-it_j1v8b/package/.osc/sources/qore-grpc-module.spec
A    /tmp/qore-obs-upload-it_j1v8b/package/qore-grpc-module.spec
/tmp/qore-obs-upload-it_j1v8b/package/.osc/sources/source-manifest.json
A    /tmp/qore-obs-upload-it_j1v8b/package/source-manifest.json
At revision 2.
Sending    qore-grpc-module-1.0.0.tar.xz
Sending    qore-grpc-module.changes
Sending    qore-grpc-module.spec
Sending    source-manifest.json
Transmitting file data ....
Committed revision 3.
{
  "project": "home:davidnichols:qore:testing",
  "package": "qore-grpc-module",
  "commit": "5f6cc3469e82f98c78c00e32f07d34c41a03a0c5",
  "sources": {
    "qore-grpc-module-1.0.0.tar.xz": "ec29c55398a69ca353cd2b3f68371eb82ef92ba46823117ab56208ec82aae89d",
    "qore-grpc-module.spec": "24c2946858223caa18dbad4c39ffa0b9234d8c41b36cdfc03e22b9c8148f4b1c",
    "qore-grpc-module.changes": "0ab5f30baaa4596849431ca7e6821e89db098eab70f86042e014b7e8987aafea"
  }
}
