==7== Memcheck, a memory error detector
==7== Copyright (C) 2002-2026, and GNU GPL'd, by Julian Seward et al.
==7== Using Valgrind-3.27.1 and LibVEX; rerun with -h for copyright info
==7== Command: /fixture/gcc13-control
==7== Parent PID: 1
==7== 
==7== 
==7== FILE DESCRIPTORS: 3 open (3 inherited) at exit.
==7== 
==7== HEAP SUMMARY:
==7==     in use at exit: 9,840 bytes in 361 blocks
==7==   total heap usage: 5,102 allocs, 4,741 frees, 388,355 bytes allocated
==7== 
==7== LEAK SUMMARY:
==7==    definitely lost: 0 bytes in 0 blocks
==7==    indirectly lost: 0 bytes in 0 blocks
==7==      possibly lost: 0 bytes in 0 blocks
==7==    still reachable: 9,840 bytes in 361 blocks
==7==         suppressed: 0 bytes in 0 blocks
==7== Reachable blocks (those to which a pointer was found) are not shown.
==7== To see them, rerun with: --leak-check=full --show-leak-kinds=all
==7== 
==7== For lists of detected and suppressed errors, rerun with: -s
==7== ERROR SUMMARY: 0 errors from 0 contexts (suppressed: 0 from 0)
