A    /tmp/qore-obs-upload-qv6nwoq0/package
/tmp/qore-obs-upload-qv6nwoq0/package/.osc/sources/qore-grpc-module-1.0.0.tar.xz
A    /tmp/qore-obs-upload-qv6nwoq0/package/qore-grpc-module-1.0.0.tar.xz
/tmp/qore-obs-upload-qv6nwoq0/package/.osc/sources/qore-grpc-module.changes
A    /tmp/qore-obs-upload-qv6nwoq0/package/qore-grpc-module.changes
/tmp/qore-obs-upload-qv6nwoq0/package/.osc/sources/qore-grpc-module.spec
A    /tmp/qore-obs-upload-qv6nwoq0/package/qore-grpc-module.spec
/tmp/qore-obs-upload-qv6nwoq0/package/.osc/sources/source-manifest.json
A    /tmp/qore-obs-upload-qv6nwoq0/package/source-manifest.json
At revision 4.
Sending    qore-grpc-module-1.0.0.tar.xz
Sending    qore-grpc-module.changes
Sending    qore-grpc-module.spec
Sending    source-manifest.json
Transmitting file data ....
Committed revision 5.
{
  "project": "home:davidnichols:qore:testing",
  "package": "qore-grpc-module",
  "commit": "c008b67e10fe91c3c5268926f44f59c521babba5",
  "sources": {
    "qore-grpc-module-1.0.0.tar.xz": "407d053c3b6f49e9a89731ba0bbb63824940b12bbb7f0084a6754456f8e215f0",
    "qore-grpc-module.spec": "c2cd1be467fb621faa90b9fc9c6ade906e6027beecb407ef1b2053b3b486fee7",
    "qore-grpc-module.changes": "3f38d6ef030426e8645e2f2cc56afe43bc2f51161b81999332efd10a76133840"
  }
}
