[    9s] [[0;1;31mFAILED[0m] Failed to start [0;1;39mVirtual Console Setup[0m.
[   11s] [[0;1;31mFAILED[0m] Failed to start [0;1;39mVirtual Console Setup[0m.
[   12s] [404/600] cumulate openssl-libs-1:3.5.9-1.fc44
[  303s] [404/861] CXX obj/core/fxge/fxge/cfx_drawutils.o
[  404s] [693/861] CXX obj/core/fpdfapi/page/unittests/cpdf_streamparser_unittest.o
[  404s] [694/861] CXX obj/core/fpdfapi/parser/embeddertests/cpdf_security_handler_embeddertest.o
[  404s] [695/861] CXX obj/core/fpdfapi/parser/embeddertests/fpdf_parser_decode_embeddertest.o
[  628s] [==========] Running 989 tests from 134 test suites.
[  628s] [----------] 3 tests from PdfiumSpanDeathTest
[  628s] [----------] 3 tests from PdfiumSpanDeathTest (2 ms total)
[  628s] [----------] 28 tests from FXCRYPT
[  628s] [----------] 28 tests from FXCRYPT (45 ms total)
[  628s] [----------] 8 tests from CPDFPageContentGeneratorTest
[  628s] [----------] 8 tests from CPDFPageContentGeneratorTest (2 ms total)
[  628s] [----------] 2 tests from CPDFCMapParserTest
[  628s] [----------] 2 tests from CPDFCMapParserTest (0 ms total)
[  628s] [----------] 11 tests from CPDFToUnicodeMapTest
[  628s] [----------] 11 tests from CPDFToUnicodeMapTest (0 ms total)
[  628s] [----------] 3 tests from CPDFDeviceCSTest
[  628s] [----------] 3 tests from CPDFDeviceCSTest (0 ms total)
[  628s] [----------] 4 tests from CPDFFunction
[  628s] [----------] 4 tests from CPDFFunction (0 ms total)
[  628s] [----------] 6 tests from CPDF_PageTest
[  628s] [----------] 6 tests from CPDF_PageTest (0 ms total)
[  628s] [----------] 9 tests from CPDFPSEngineTest
[  628s] [----------] 9 tests from CPDFPSEngineTest (0 ms total)
[  628s] [----------] 2 tests from CPDFStreamContentParserTest
[  628s] [----------] 2 tests from CPDFStreamContentParserTest (0 ms total)
[  628s] [----------] 10 tests from ArrayTest
[  628s] [----------] 10 tests from ArrayTest (0 ms total)
[  628s] [----------] 12 tests from CrossRefAvailTest
[  628s] [----------] 12 tests from CrossRefAvailTest (0 ms total)
[  628s] [----------] 8 tests from DocumentTest
[  628s] [----------] 8 tests from DocumentTest (0 ms total)
[  628s] [----------] 3 tests from HintTablesTest
[  628s] [----------] 3 tests from HintTablesTest (0 ms total)
[  628s] [----------] 5 tests from IndirectObjectHolderTest
[  628s] [----------] 5 tests from IndirectObjectHolderTest (0 ms total)
[  628s] [----------] 2 tests from CPDFNumber
[  628s] [----------] 2 tests from CPDFNumber (0 ms total)
[  628s] [----------] 12 tests from ObjectAvailTest
[  628s] [----------] 12 tests from ObjectAvailTest (0 ms total)
[  628s] [----------] 22 tests from ObjectStreamTest
[  628s] [----------] 22 tests from ObjectStreamTest (0 ms total)
[  628s] [----------] 14 tests from PDFObjectsTest
[  628s] [----------] 14 tests from PDFObjectsTest (0 ms total)
[  628s] [----------] 9 tests from PDFArrayTest
[  628s] [----------] 9 tests from PDFArrayTest (0 ms total)
[  628s] [----------] 3 tests from PDFStreamTest
[  628s] [----------] 3 tests from PDFStreamTest (0 ms total)
[  628s] [----------] 3 tests from PDFDictionaryTest
[  628s] [----------] 3 tests from PDFDictionaryTest (0 ms total)
[  628s] [----------] 5 tests from ObjectWalkerTest
[  628s] [----------] 5 tests from ObjectWalkerTest (0 ms total)
[  628s] [----------] 7 tests from ParserTest
[  628s] [----------] 7 tests from ParserTest (1 ms total)
[  628s] [----------] 13 tests from ParserXRefTest
[  628s] [----------] 13 tests from ParserXRefTest (0 ms total)
[  628s] [----------] 7 tests from ReadValidatorTest
[  628s] [       OK ] ReadValidatorTest.ReadError (0 ms)
[  628s] [----------] 7 tests from ReadValidatorTest (0 ms total)
[  628s] [----------] 2 tests from SimpleParserTest
[  628s] [----------] 2 tests from SimpleParserTest (0 ms total)
[  628s] [----------] 2 tests from StreamAccTest
[  628s] [----------] 2 tests from StreamAccTest (0 ms total)
[  628s] [----------] 3 tests from SyntaxParserTest
[  628s] [----------] 3 tests from SyntaxParserTest (0 ms total)
[  628s] [----------] 11 tests from ParserDecodeTest
[  628s] [----------] 11 tests from ParserDecodeTest (0 ms total)
[  628s] [----------] 4 tests from ParserUtilityTest
[  628s] [----------] 4 tests from ParserUtilityTest (0 ms total)
[  628s] [----------] 3 tests from CPDFDocRenderDataTest
[  628s] [----------] 3 tests from CPDFDocRenderDataTest (0 ms total)
[  628s] [----------] 4 tests from CPDFAnnotTest
[  628s] [----------] 4 tests from CPDFAnnotTest (0 ms total)
[  628s] [----------] 5 tests from CPDFAnnotListTest
[  628s] [----------] 5 tests from CPDFAnnotListTest (1 ms total)
[  628s] [----------] 2 tests from BAFontMapTest
[  628s] [----------] 2 tests from BAFontMapTest (0 ms total)
[  628s] [----------] 4 tests from CPDFFileSpecTest
[  628s] [----------] 4 tests from CPDFFileSpecTest (0 ms total)
[  628s] [----------] 2 tests from CPDFFormFieldTest
[  628s] [----------] 2 tests from CPDFFormFieldTest (0 ms total)
[  628s] [----------] 9 tests from CPDFMetadataTest
[  628s] [----------] 9 tests from CPDFMetadataTest (0 ms total)
[  628s] [----------] 6 tests from CPDFNameTreeTest
[  628s] [----------] 6 tests from CPDFNameTreeTest (0 ms total)
[  628s] [----------] 2 tests from PageLabelTest
[  628s] [----------] 2 tests from PageLabelTest (29 ms total)
[  628s] [----------] 2 tests from CPDFLinkExtractTest
[  628s] [----------] 2 tests from CPDFLinkExtractTest (0 ms total)
[  628s] [----------] 31 tests from fxcodec
[  628s] [----------] 31 tests from fxcodec (0 ms total)
[  628s] [----------] 2 tests from FlateModule
[  628s] [----------] 2 tests from FlateModule (0 ms total)
[  628s] [----------] 5 tests from JBig2BitStreamTest
[  628s] [----------] 5 tests from JBig2BitStreamTest (0 ms total)
[  628s] [----------] 85 tests from fxcrt
[  628s] [----------] 85 tests from fxcrt (5 ms total)
[  628s] [----------] 11 tests from BinaryBuffer
[  628s] [----------] 11 tests from BinaryBuffer (0 ms total)
[  628s] [----------] 12 tests from ByteOrder
[  628s] [----------] 12 tests from ByteOrder (0 ms total)
[  628s] [----------] 47 tests from ByteString
[  628s] [----------] 47 tests from ByteString (1 ms total)
[  628s] [----------] 23 tests from ByteStringView
[  628s] [----------] 23 tests from ByteStringView (0 ms total)
[  628s] [----------] 3 tests from CFX_ReadOnlyContainerStreamTest
[  628s] [----------] 3 tests from CFX_ReadOnlyContainerStreamTest (0 ms total)
[  628s] [----------] 5 tests from SeekableStreamProxyTest
[  628s] [----------] 5 tests from SeekableStreamProxyTest (0 ms total)
[  628s] [----------] 2 tests from CFXTimer
[  628s] [----------] 2 tests from CFXTimer (0 ms total)
[  628s] [----------] 5 tests from CodePointViewTest
[  628s] [----------] 5 tests from CodePointViewTest (0 ms total)
[  628s] [----------] 11 tests from FixedSizeDataVector
[  628s] [----------] 11 tests from FixedSizeDataVector (0 ms total)
[  628s] [----------] 10 tests from CFXFloatRectTest
[  628s] [----------] 10 tests from CFXFloatRectTest (0 ms total)
[  628s] [----------] 8 tests from CFXMatrixTest
[  628s] [----------] 8 tests from CFXMatrixTest (0 ms total)
[  628s] [----------] 6 tests from fxnumber
[  628s] [----------] 6 tests from fxnumber (0 ms total)
[  628s] [----------] 2 tests from FXSafeTypes
[  628s] [----------] 2 tests from FXSafeTypes (0 ms total)
[  628s] [----------] 16 tests from fxstring
[  628s] [----------] 16 tests from fxstring (2 ms total)
[  628s] [----------] 2 tests from STLUtil
[  628s] [----------] 2 tests from STLUtil (0 ms total)
[  628s] [----------] 15 tests from Mask
[  628s] [----------] 15 tests from Mask (0 ms total)
[  628s] [----------] 7 tests from MaybeOwned
[  628s] [----------] 7 tests from MaybeOwned (0 ms total)
[  628s] [----------] 14 tests from ObservePtr
[  628s] [----------] 14 tests from ObservePtr (0 ms total)
[  628s] [----------] 5 tests from PdfiumSpan
[  628s] [----------] 5 tests from PdfiumSpan (0 ms total)
[  628s] [----------] 29 tests from RetainPtr
[  628s] [----------] 29 tests from RetainPtr (0 ms total)
[  628s] [----------] 5 tests from SharedCopyOnWrite
[  628s] [----------] 5 tests from SharedCopyOnWrite (0 ms total)
[  628s] [----------] 6 tests from Spancpy
[  628s] [----------] 6 tests from Spancpy (0 ms total)
[  628s] [----------] 4 tests from Spanmove
[  628s] [----------] 4 tests from Spanmove (0 ms total)
[  628s] [----------] 4 tests from ReinterpretSpan
[  628s] [----------] 4 tests from ReinterpretSpan (0 ms total)
[  628s] [----------] 2 tests from Spanpos
[  628s] [----------] 2 tests from Spanpos (0 ms total)
[  628s] [----------] 2 tests from StringPool
[  628s] [----------] 2 tests from StringPool (0 ms total)
[  628s] [----------] 8 tests from ToUnderlyingTest
[  628s] [----------] 8 tests from ToUnderlyingTest (0 ms total)
[  628s] [----------] 14 tests from TreeNode
[  628s] [----------] 14 tests from TreeNode (7 ms total)
[  628s] [----------] 24 tests from UnownedPtr
[  628s] [----------] 24 tests from UnownedPtr (0 ms total)
[  628s] [----------] 7 tests from WeakPtr
[  628s] [----------] 7 tests from WeakPtr (0 ms total)
[  628s] [----------] 68 tests from WideString
[  628s] [----------] 68 tests from WideString (6 ms total)
[  628s] [----------] 18 tests from WideStringView
[  628s] [----------] 18 tests from WideStringView (0 ms total)
[  628s] [----------] 4 tests from WideTextBuffer
[  628s] [----------] 4 tests from WideTextBuffer (0 ms total)
[  628s] [----------] 4 tests from CFXXMLCharDataTest
[  628s] [----------] 4 tests from CFXXMLCharDataTest (0 ms total)
[  628s] [----------] 2 tests from CFXXMLDocumentTest
[  628s] [----------] 2 tests from CFXXMLDocumentTest (0 ms total)
[  628s] [----------] 16 tests from CFXXMLElementTest
[  628s] [----------] 16 tests from CFXXMLElementTest (0 ms total)
[  628s] [----------] 9 tests from CFXXMLInstructionTest
[  628s] [----------] 9 tests from CFXXMLInstructionTest (0 ms total)
[  628s] [----------] 10 tests from CFXXMLNodeTest
[  628s] [----------] 10 tests from CFXXMLNodeTest (0 ms total)
[  628s] [----------] 22 tests from CFXXMLParserTest
[  628s] [----------] 22 tests from CFXXMLParserTest (0 ms total)
[  628s] [----------] 5 tests from CFXXMLTextTest
[  628s] [----------] 5 tests from CFXXMLTextTest (0 ms total)
[  628s] [----------] 7 tests from Zip
[  628s] [----------] 7 tests from Zip (1 ms total)
[  628s] [----------] 3 tests from MappedDataBytesTest
[  628s] [----------] 3 tests from MappedDataBytesTest (0 ms total)
[  628s] [----------] 5 tests from CFXDefaultRenderDeviceTest
[  628s] [----------] 5 tests from CFXDefaultRenderDeviceTest (0 ms total)
[  628s] [----------] 6 tests from CFXFontMapperTest
[  628s] [----------] 6 tests from CFXFontMapperTest (0 ms total)
[  628s] [----------] 3 tests from CFXFontMapperSystemFontInfoTest
[  628s] [----------] 3 tests from CFXFontMapperSystemFontInfoTest (0 ms total)
[  628s] [----------] 10 tests from CFXPath
[  628s] [----------] 10 tests from CFXPath (0 ms total)
[  628s] [----------] 12 tests from Blend
[  628s] [----------] 12 tests from Blend (0 ms total)
[  628s] [----------] 5 tests from CFXDIBBaseTest
[  628s] [----------] 5 tests from CFXDIBBaseTest (0 ms total)
[  628s] [----------] 5 tests from CFXDIBitmapTest
[  628s] [----------] 5 tests from CFXDIBitmapTest (0 ms total)
[  628s] [----------] 3 tests from ScanlineCompositorTest
[  628s] [----------] 3 tests from ScanlineCompositorTest (0 ms total)
[  628s] [----------] 11 tests from CStretchEngine
[  628s] [----------] 11 tests from CStretchEngine (2 ms total)
[  628s] [----------] 3 tests from FXFontTest
[  628s] [----------] 3 tests from FXFontTest (0 ms total)
[  628s] [----------] 2 tests from CPDFSDKHelpersTest
[  628s] [----------] 2 tests from CPDFSDKHelpersTest (0 ms total)
[  628s] [----------] 2 tests from PDFCatalogTest
[  628s] [----------] 2 tests from PDFCatalogTest (0 ms total)
[  628s] [----------] 2 tests from PDFDocTest
[  628s] [----------] 2 tests from PDFDocTest (0 ms total)
[  628s] [----------] 2 tests from PDFEditTest
[  628s] [----------] 2 tests from PDFEditTest (0 ms total)
[  628s] [----------] 5 tests from ImageDiffPng
[  628s] [----------] 5 tests from ImageDiffPng (0 ms total)
[  628s] [----------] 4 tests from AES128/AESTest
[  628s] [----------] 4 tests from AES128/AESTest (0 ms total)
[  628s] [----------] 4 tests from AES192/AESTest
[  628s] [----------] 4 tests from AES192/AESTest (0 ms total)
[  628s] [----------] 4 tests from AES256/AESTest
[  628s] [----------] 4 tests from AES256/AESTest (0 ms total)
[  628s] [==========] 989 tests from 134 test suites ran. (138 ms total)
[  628s] [==========] Running 830 tests from 53 test suites.
[  628s] [----------] 3 tests from CPDFCreatorEmbedderTest
[  628s] [----------] 3 tests from CPDFCreatorEmbedderTest (13 ms total)
[  628s] [----------] 7 tests from CPDFFontSubsetterTest
[  629s] [----------] 7 tests from CPDFFontSubsetterTest (441 ms total)
[  629s] [----------] 11 tests from CPDFParserEmbedderTest
[  629s] [----------] 11 tests from CPDFParserEmbedderTest (5 ms total)
[  629s] [----------] 31 tests from CPDFSecurityHandlerEmbedderTest
[  629s] [----------] 31 tests from CPDFSecurityHandlerEmbedderTest (599 ms total)
[  629s] [----------] 3 tests from FPDFParserDecodeEmbedderTest
[  629s] [----------] 3 tests from FPDFParserDecodeEmbedderTest (11 ms total)
[  629s] [----------] 10 tests from ObjectTreeTraversalUtilEmbedderTest
[  629s] [----------] 10 tests from ObjectTreeTraversalUtilEmbedderTest (0 ms total)
[  629s] [----------] 13 tests from FPDFProgressiveRenderEmbedderTest
[  629s] [----------] 13 tests from FPDFProgressiveRenderEmbedderTest (42 ms total)
[  629s] [----------] 88 tests from FPDFAnnotEmbedderTest
[  630s] [----------] 88 tests from FPDFAnnotEmbedderTest (206 ms total)
[  630s] [----------] 11 tests from FPDFAttachmentEmbedderTest
[  630s] [----------] 11 tests from FPDFAttachmentEmbedderTest (1 ms total)
[  630s] [----------] 6 tests from FPDFCatalogTest
[  630s] [----------] 6 tests from FPDFCatalogTest (0 ms total)
[  630s] [----------] 14 tests from FPDFDataAvailEmbedderTest
[  630s] [----------] 14 tests from FPDFDataAvailEmbedderTest (5 ms total)
[  630s] [----------] 39 tests from FPDFDocEmbedderTest
[  630s] [----------] 39 tests from FPDFDocEmbedderTest (8 ms total)
[  630s] [----------] 110 tests from FPDFEditEmbedderTest
[  631s] [----------] 110 tests from FPDFEditEmbedderTest (1146 ms total)
[  631s] [----------] 9 tests from PDFEditImgTest
[  631s] [----------] 9 tests from PDFEditImgTest (9 ms total)
[  631s] [----------] 16 tests from FPDFEditPageEmbedderTest
[  631s] [----------] 16 tests from FPDFEditPageEmbedderTest (11 ms total)
[  631s] [----------] 5 tests from FPDFEditPathEmbedderTest
[  631s] [----------] 5 tests from FPDFEditPathEmbedderTest (19 ms total)
[  631s] [----------] 3 tests from FPDFExtEmbedderTest
[  631s] [----------] 3 tests from FPDFExtEmbedderTest (0 ms total)
[  631s] [----------] 9 tests from FPDFFlattenEmbedderTest
[  631s] [----------] 9 tests from FPDFFlattenEmbedderTest (11 ms total)
[  631s] [----------] 35 tests from FPDFFormFillEmbedderTest
[  631s] [----------] 35 tests from FPDFFormFillEmbedderTest (19 ms total)
[  631s] [----------] 39 tests from FPDFFormFillTextFormEmbedderTest
[  631s] [----------] 39 tests from FPDFFormFillTextFormEmbedderTest (15 ms total)
[  631s] [----------] 27 tests from FPDFFormFillComboBoxFormEmbedderTest
[  631s] [----------] 27 tests from FPDFFormFillComboBoxFormEmbedderTest (14 ms total)
[  631s] [----------] 9 tests from FPDFFormFillListBoxFormEmbedderTest
[  631s] [----------] 9 tests from FPDFFormFillListBoxFormEmbedderTest (7 ms total)
[  631s] [----------] 3 tests from FPDFFormFillActionUriTest
[  631s] [----------] 3 tests from FPDFFormFillActionUriTest (1 ms total)
[  631s] [----------] 5 tests from FPDFJavaScriptEmbedderTest
[  631s] [----------] 5 tests from FPDFJavaScriptEmbedderTest (0 ms total)
[  631s] [----------] 27 tests from FPDFPPOEmbedderTest
[  631s] [----------] 27 tests from FPDFPPOEmbedderTest (55 ms total)
[  631s] [----------] 16 tests from FPDFSaveEmbedderTest
[  631s] [----------] 16 tests from FPDFSaveEmbedderTest (32 ms total)
[  631s] [----------] 4 tests from FPDFSaveWithFontSubsetEmbedderTest
[  631s] [----------] 4 tests from FPDFSaveWithFontSubsetEmbedderTest (14 ms total)
[  631s] [----------] 6 tests from FPDFSearchExEmbedderTest
[  631s] [----------] 6 tests from FPDFSearchExEmbedderTest (1 ms total)
[  631s] [----------] 10 tests from FPDFSignatureEmbedderTest
[  631s] [----------] 10 tests from FPDFSignatureEmbedderTest (0 ms total)
[  631s] [----------] 21 tests from FPDFStructTreeEmbedderTest
[  631s] [----------] 21 tests from FPDFStructTreeEmbedderTest (3 ms total)
[  631s] [----------] 2 tests from FPDFVersion1Versus2ComparisonTest
[  631s] [----------] 2 tests from FPDFVersion1Versus2ComparisonTest (2 ms total)
[  631s] [----------] 3 tests from FPDFSysFontInfoEmbedderTest
[  631s] [----------] 3 tests from FPDFSysFontInfoEmbedderTest (1 ms total)
[  631s] [----------] 59 tests from FPDFTextEmbedderTest
[  631s] [----------] 59 tests from FPDFTextEmbedderTest (22 ms total)
[  631s] [----------] 14 tests from FPDFThumbnailEmbedderTest
[  631s] [----------] 14 tests from FPDFThumbnailEmbedderTest (1 ms total)
[  631s] [----------] 12 tests from FPDFTransformEmbedderTest
[  631s] [----------] 12 tests from FPDFTransformEmbedderTest (6 ms total)
[  631s] [----------] 70 tests from FPDFViewEmbedderTest
[  635s] [----------] 70 tests from FPDFViewEmbedderTest (3414 ms total)
[  635s] [----------] 2 tests from CFFLComboBoxEmbedderTest
[  635s] [----------] 2 tests from CFFLComboBoxEmbedderTest (1 ms total)
[  635s] [----------] 18 tests from CPWLComboBoxEditEmbedderTest
[  635s] [----------] 18 tests from CPWLComboBoxEditEmbedderTest (8 ms total)
[  635s] [----------] 42 tests from CPWLEditEmbedderTest
[  635s] [----------] 42 tests from CPWLEditEmbedderTest (14 ms total)
[  635s] [----------] 2 tests from CPWLEditMultilineEmbedderTest
[  635s] [----------] 2 tests from CPWLEditMultilineEmbedderTest (0 ms total)
[  635s] [----------] 4 tests from CPWLSpecialButtonEmbedderTest
[  635s] [----------] 4 tests from CPWLSpecialButtonEmbedderTest (1 ms total)
[  635s] [==========] 830 tests from 53 test suites ran. (6247 ms total)
